Archive member included to satisfy reference by file (symbol)

c:/progra~1/raspbe~2/picosd~1.1/gcc-ar~1/bin/../lib/gcc/arm-none-eabi/10.3.1/thumb/v6-m/nofp\libgcc.a(_dvmd_tls.o)
                              CMakeFiles/carrier_receiver_baseband.dir/C_/Program_Files/Raspberry_Pi/Pico_SDK_v1.5.1/pico-sdk/src/rp2_common/pico_divider/divider.S.obj (__aeabi_idiv0)
c:/progra~1/raspbe~2/picosd~1.1/gcc-ar~1/bin/../lib/gcc/arm-none-eabi/10.3.1/../../../../arm-none-eabi/lib/thumb/v6-m/nofp\libc.a(lib_a-calloc.o)
                              CMakeFiles/carrier_receiver_baseband.dir/C_/Program_Files/Raspberry_Pi/Pico_SDK_v1.5.1/pico-sdk/src/rp2_common/pico_malloc/pico_malloc.c.obj (calloc)
c:/progra~1/raspbe~2/picosd~1.1/gcc-ar~1/bin/../lib/gcc/arm-none-eabi/10.3.1/../../../../arm-none-eabi/lib/thumb/v6-m/nofp\libc.a(lib_a-callocr.o)
                              c:/progra~1/raspbe~2/picosd~1.1/gcc-ar~1/bin/../lib/gcc/arm-none-eabi/10.3.1/../../../../arm-none-eabi/lib/thumb/v6-m/nofp\libc.a(lib_a-calloc.o) (_calloc_r)
c:/progra~1/raspbe~2/picosd~1.1/gcc-ar~1/bin/../lib/gcc/arm-none-eabi/10.3.1/../../../../arm-none-eabi/lib/thumb/v6-m/nofp\libc.a(lib_a-errno.o)
                              c:/progra~1/raspbe~2/picosd~1.1/gcc-ar~1/bin/../lib/gcc/arm-none-eabi/10.3.1/../../../../arm-none-eabi/lib/thumb/v6-m/nofp\libc.a(lib_a-callocr.o) (__errno)
c:/progra~1/raspbe~2/picosd~1.1/gcc-ar~1/bin/../lib/gcc/arm-none-eabi/10.3.1/../../../../arm-none-eabi/lib/thumb/v6-m/nofp\libc.a(lib_a-impure.o)
                              c:/progra~1/raspbe~2/picosd~1.1/gcc-ar~1/bin/../lib/gcc/arm-none-eabi/10.3.1/../../../../arm-none-eabi/lib/thumb/v6-m/nofp\libc.a(lib_a-calloc.o) (_impure_ptr)
c:/progra~1/raspbe~2/picosd~1.1/gcc-ar~1/bin/../lib/gcc/arm-none-eabi/10.3.1/../../../../arm-none-eabi/lib/thumb/v6-m/nofp\libc.a(lib_a-init.o)
                              c:/progra~1/raspbe~2/picosd~1.1/gcc-ar~1/bin/../lib/gcc/arm-none-eabi/10.3.1/../../../../arm-none-eabi/lib/thumb/v6-m/nofp/crt0.o (__libc_init_array)
c:/progra~1/raspbe~2/picosd~1.1/gcc-ar~1/bin/../lib/gcc/arm-none-eabi/10.3.1/../../../../arm-none-eabi/lib/thumb/v6-m/nofp\libc.a(lib_a-malloc.o)
                              CMakeFiles/carrier_receiver_baseband.dir/C_/Program_Files/Raspberry_Pi/Pico_SDK_v1.5.1/pico-sdk/src/rp2_common/pico_malloc/pico_malloc.c.obj (malloc)
c:/progra~1/raspbe~2/picosd~1.1/gcc-ar~1/bin/../lib/gcc/arm-none-eabi/10.3.1/../../../../arm-none-eabi/lib/thumb/v6-m/nofp\libc.a(lib_a-mallocr.o)
                              c:/progra~1/raspbe~2/picosd~1.1/gcc-ar~1/bin/../lib/gcc/arm-none-eabi/10.3.1/../../../../arm-none-eabi/lib/thumb/v6-m/nofp\libc.a(lib_a-callocr.o) (_malloc_r)
c:/progra~1/raspbe~2/picosd~1.1/gcc-ar~1/bin/../lib/gcc/arm-none-eabi/10.3.1/../../../../arm-none-eabi/lib/thumb/v6-m/nofp\libc.a(lib_a-mlock.o)
                              c:/progra~1/raspbe~2/picosd~1.1/gcc-ar~1/bin/../lib/gcc/arm-none-eabi/10.3.1/../../../../arm-none-eabi/lib/thumb/v6-m/nofp\libc.a(lib_a-mallocr.o) (__malloc_lock)
c:/progra~1/raspbe~2/picosd~1.1/gcc-ar~1/bin/../lib/gcc/arm-none-eabi/10.3.1/../../../../arm-none-eabi/lib/thumb/v6-m/nofp\libc.a(lib_a-realloc.o)
                              CMakeFiles/carrier_receiver_baseband.dir/C_/Program_Files/Raspberry_Pi/Pico_SDK_v1.5.1/pico-sdk/src/rp2_common/pico_malloc/pico_malloc.c.obj (realloc)
c:/progra~1/raspbe~2/picosd~1.1/gcc-ar~1/bin/../lib/gcc/arm-none-eabi/10.3.1/../../../../arm-none-eabi/lib/thumb/v6-m/nofp\libc.a(lib_a-reallocr.o)
                              c:/progra~1/raspbe~2/picosd~1.1/gcc-ar~1/bin/../lib/gcc/arm-none-eabi/10.3.1/../../../../arm-none-eabi/lib/thumb/v6-m/nofp\libc.a(lib_a-realloc.o) (_realloc_r)
c:/progra~1/raspbe~2/picosd~1.1/gcc-ar~1/bin/../lib/gcc/arm-none-eabi/10.3.1/../../../../arm-none-eabi/lib/thumb/v6-m/nofp\libc.a(lib_a-sbrkr.o)
                              c:/progra~1/raspbe~2/picosd~1.1/gcc-ar~1/bin/../lib/gcc/arm-none-eabi/10.3.1/../../../../arm-none-eabi/lib/thumb/v6-m/nofp\libc.a(lib_a-mallocr.o) (_sbrk_r)
c:/progra~1/raspbe~2/picosd~1.1/gcc-ar~1/bin/../lib/gcc/arm-none-eabi/10.3.1/../../../../arm-none-eabi/lib/thumb/v6-m/nofp\libc.a(lib_a-strlen-stub.o)
                              CMakeFiles/carrier_receiver_baseband.dir/C_/Program_Files/Raspberry_Pi/Pico_SDK_v1.5.1/pico-sdk/src/rp2_common/pico_stdio/stdio.c.obj (strlen)
c:/progra~1/raspbe~2/picosd~1.1/gcc-ar~1/bin/../lib/gcc/arm-none-eabi/10.3.1/../../../../arm-none-eabi/lib/thumb/v6-m/nofp\libc.a(lib_a-freer.o)
                              c:/progra~1/raspbe~2/picosd~1.1/gcc-ar~1/bin/../lib/gcc/arm-none-eabi/10.3.1/../../../../arm-none-eabi/lib/thumb/v6-m/nofp\libc.a(lib_a-malloc.o) (_free_r)
c:/progra~1/raspbe~2/picosd~1.1/gcc-ar~1/bin/../lib/gcc/arm-none-eabi/10.3.1/../../../../arm-none-eabi/lib/thumb/v6-m/nofp\libc.a(lib_a-lock.o)
[...]
Memory Configuration

Name             Origin             Length             Attributes
FLASH            0x10000000         0x00200000         xr
RAM              0x20000000         0x00040000         xrw
SCRATCH_X        0x20040000         0x00001000         xrw
SCRATCH_Y        0x20041000         0x00001000         xrw
*default*        0x00000000         0xffffffff

Linker script and memory map

LOAD c:/progra~1/raspbe~2/picosd~1.1/gcc-ar~1/bin/../lib/gcc/arm-none-eabi/10.3.1/thumb/v6-m/nofp/crti.o
LOAD c:/progra~1/raspbe~2/picosd~1.1/gcc-ar~1/bin/../lib/gcc/arm-none-eabi/10.3.1/thumb/v6-m/nofp/crtbegin.o
LOAD c:/progra~1/raspbe~2/picosd~1.1/gcc-ar~1/bin/../lib/gcc/arm-none-eabi/10.3.1/../../../../arm-none-eabi/lib/thumb/v6-m/nofp/crt0.o

.flash_begin    0x10000000        0x0
                0x10000000                __flash_binary_start = .

.boot2          0x10000000      0x100
                0x10000000                __boot2_start__ = .
 *(.boot2)
 .boot2         0x10000000      0x100 C:\Users\ddipu\AppData\Local\Temp\ccsIe3j3.o
                0x10000100                __boot2_end__ = .
                0x00000001                ASSERT (((__boot2_end__ - __boot2_start__) == 0x100), ERROR: Pico second stage bootloader must be 256 bytes in size)

.text           0x10000100     0x9590
                0x10000100                __logical_binary_start = .
 *(.vectors)
 .vectors       0x10000100       0xd4 CMakeFiles/carrier_receiver_baseband.dir/C_/Program_Files/Raspberry_Pi/Pico_SDK_v1.5.1/pico-sdk/src/rp2_common/pico_standard_link/crt0.S.obj
                0x10000100                __VECTOR_TABLE
                0x10000100                __vectors
                0x100001c0                isr_invalid
                0x100001c0                __default_isrs_start
                0x100001c2                isr_nmi
                0x100001c4                isr_hardfault
                0x100001c6                isr_svcall
                0x100001c8                isr_pendsv
                0x100001ca                isr_systick
                0x100001cc                isr_irq23
                0x100001cc                isr_irq18
                0x100001cc                isr_irq11
                0x100001cc                isr_irq28
                0x100001cc                isr_irq19
                0x100001cc                isr_irq0
                0x100001cc                isr_irq6
                0x100001cc                isr_irq5
                0x100001cc                isr_irq12
                0x100001cc                isr_irq22
                0x100001cc                isr_irq31
                0x100001cc                isr_irq17
                0x100001cc                isr_irq27
                0x100001cc                isr_irq30
                0x100001cc                isr_irq2
                0x100001cc                isr_irq10
                0x100001cc                isr_irq8
                0x100001cc                isr_irq24
                0x100001cc                isr_irq1
                0x100001cc                isr_irq7
                0x100001cc                isr_irq21
                0x100001cc                isr_irq20
                0x100001cc                isr_irq15
                0x100001cc                isr_irq25
                0x100001cc                isr_irq13
                0x100001cc                __unhandled_user_irq
                0x100001cc                isr_irq4
                0x100001cc                isr_irq16
                0x100001cc                isr_irq29
                0x100001cc                isr_irq26
                0x100001cc                __default_isrs_end
                0x100001cc                isr_irq3
                0x100001cc                isr_irq14
                0x100001cc                isr_irq9
                0x100001d2                unhandled_user_irq_num_in_r0
 *(.binary_info_header)
 .binary_info_header
                0x100001d4       0x14 CMakeFiles/carrier_receiver_baseband.dir/C_/Program_Files/Raspberry_Pi/Pico_SDK_v1.5.1/pico-sdk/src/rp2_common/pico_standard_link/crt0.S.obj
                0x100001e8                __binary_info_header_end = .
 *(.reset)
 .reset         0x100001e8       0xa0 CMakeFiles/carrier_receiver_baseband.dir/C_/Program_Files/Raspberry_Pi/Pico_SDK_v1.5.1/pico-sdk/src/rp2_common/pico_standard_link/crt0.S.obj
                0x100001e8                _entry_point
 .reset         0x10000288       0x30 CMakeFiles/carrier_receiver_baseband.dir/C_/Program_Files/Raspberry_Pi/Pico_SDK_v1.5.1/pico-sdk/src/rp2_common/pico_standard_link/binary_info.c.obj
 *(.init)
 .init          0x100002b8        0x4 c:/progra~1/raspbe~2/picosd~1.1/gcc-ar~1/bin/../lib/gcc/arm-none-eabi/10.3.1/thumb/v6-m/nofp/crti.o
                0x100002b8                _init
 *(EXCLUDE_FILE(*libm.a: *libc.a:*lib_a-mem*.o *libgcc.a:) .text*)
 .text          0x100002bc       0x48 c:/progra~1/raspbe~2/picosd~1.1/gcc-ar~1/bin/../lib/gcc/arm-none-eabi/10.3.1/thumb/v6-m/nofp/crtbegin.o
 .text.startup.main
                0x10000304      0x368 CMakeFiles/carrier_receiver_baseband.dir/main.c.obj
                0x10000304                main
 .text.packet_hdr_template
                0x1000066c       0x1c CMakeFiles/carrier_receiver_baseband.dir/E_/Wireless_github_repo/wcnes-project2026/project_pico_libs/packet_generation.c.obj
                0x1000066c                packet_hdr_template
 .text.generate_sample
                0x10000688      0x100 CMakeFiles/carrier_receiver_baseband.dir/E_/Wireless_github_repo/wcnes-project2026/project_pico_libs/packet_generation.c.obj
                0x10000688                generate_sample
 .text.generate_data
                0x10000788       0x54 CMakeFiles/carrier_receiver_baseband.dir/E_/Wireless_github_repo/wcnes-project2026/project_pico_libs/packet_generation.c.obj
                0x10000788                generate_data
 .text.add_header
                0x100007dc       0x44 CMakeFiles/carrier_receiver_baseband.dir/E_/Wireless_github_repo/wcnes-project2026/project_pico_libs/packet_generation.c.obj
                0x100007dc                add_header
 .text.receiver_isr
                0x10000820       0x38 CMakeFiles/carrier_receiver_baseband.dir/E_/Wireless_github_repo/wcnes-project2026/project_pico_libs/receiver_CC2500.c.obj
                0x10000820                receiver_isr
 .text.setupReceiver
                0x10000858       0xf4 CMakeFiles/carrier_receiver_baseband.dir/E_/Wireless_github_repo/wcnes-project2026/project_pico_libs/receiver_CC2500.c.obj
                0x10000858                setupReceiver
 .text.generatePIOprogram
                0x1000094c      0x59c CMakeFiles/carrier_receiver_baseband.dir/E_/Wireless_github_repo/wcnes-project2026/project_pico_libs/backscatter.c.obj
                0x1000094c                generatePIOprogram
 .text.backscatter_program_init
                0x10000ee8      0x2f8 CMakeFiles/carrier_receiver_baseband.dir/E_/Wireless_github_repo/wcnes-project2026/project_pico_libs/backscatter.c.obj
                0x10000ee8                backscatter_program_init
 .text.backscatter_send
                0x100011e0       0x34 CMakeFiles/carrier_receiver_baseband.dir/E_/Wireless_github_repo/wcnes-project2026/project_pico_libs/backscatter.c.obj
                0x100011e0                backscatter_send
 .text.gpio_default_irq_handler
                0x10001214      0x248 CMakeFiles/carrier_receiver_baseband.dir/C_/Program_Files/Raspberry_Pi/Pico_SDK_v1.5.1/pico-sdk/src/rp2_common/hardware_gpio/gpio.c.obj
 .text.gpio_set_function
                0x1000145c       0x30 CMakeFiles/carrier_receiver_baseband.dir/C_/Program_Files/Raspberry_Pi/Pico_SDK_v1.5.1/pico-sdk/src/rp2_common/hardware_gpio/gpio.c.obj
                0x1000145c                gpio_set_function
 .text.gpio_set_irq_enabled_with_callback
                0x1000148c       0xb0 CMakeFiles/carrier_receiver_baseband.dir/C_/Program_Files/Raspberry_Pi/Pico_SDK_v1.5.1/pico-sdk/src/rp2_common/hardware_gpio/gpio.c.obj
                0x1000148c                gpio_set_irq_enabled_with_callback
 .text.gpio_init
                0x1000153c       0x3c CMakeFiles/carrier_receiver_baseband.dir/C_/Program_Files/Raspberry_Pi/Pico_SDK_v1.5.1/pico-sdk/src/rp2_common/hardware_gpio/gpio.c.obj
                0x1000153c                gpio_init
 .text.running_on_fpga
                0x10001578       0x10 CMakeFiles/carrier_receiver_baseband.dir/C_/Program_Files/Raspberry_Pi/Pico_SDK_v1.5.1/pico-sdk/src/rp2_common/pico_platform/platform.c.obj
                0x10001578                running_on_fpga
 .text.hw_claim_lock
                0x10001588       0x18 CMakeFiles/carrier_receiver_baseband.dir/C_/Program_Files/Raspberry_Pi/Pico_SDK_v1.5.1/pico-sdk/src/rp2_common/hardware_claim/claim.c.obj
                0x10001588                hw_claim_lock
 .text.hw_claim_unlock
                0x100015a0       0x14 CMakeFiles/carrier_receiver_baseband.dir/C_/Program_Files/Raspberry_Pi/Pico_SDK_v1.5.1/pico-sdk/src/rp2_common/hardware_claim/claim.c.obj
                0x100015a0                hw_claim_unlock
 .text.hw_claim_or_assert
                0x100015b4       0x44 CMakeFiles/carrier_receiver_baseband.dir/C_/Program_Files/Raspberry_Pi/Pico_SDK_v1.5.1/pico-sdk/src/rp2_common/hardware_claim/claim.c.obj
                0x100015b4                hw_claim_or_assert
 .text.hw_claim_unused_from_range
                0x100015f8       0x9c CMakeFiles/carrier_receiver_baseband.dir/C_/Program_Files/Raspberry_Pi/Pico_SDK_v1.5.1/pico-sdk/src/rp2_common/hardware_claim/claim.c.obj
                0x100015f8                hw_claim_unused_from_range
 .text.spin_locks_reset
                0x10001694       0x1c CMakeFiles/carrier_receiver_baseband.dir/C_/Program_Files/Raspberry_Pi/Pico_SDK_v1.5.1/pico-sdk/src/rp2_common/hardware_sync/sync.c.obj
                0x10001694                spin_locks_reset
 .text.next_striped_spin_lock_num
                0x100016b0       0x18 CMakeFiles/carrier_receiver_baseband.dir/C_/Program_Files/Raspberry_Pi/Pico_SDK_v1.5.1/pico-sdk/src/rp2_common/hardware_sync/sync.c.obj
                0x100016b0                next_striped_spin_lock_num
 .text.spin_lock_claim_unused
                0x100016c8       0x20 CMakeFiles/carrier_receiver_baseband.dir/C_/Program_Files/Raspberry_Pi/Pico_SDK_v1.5.1/pico-sdk/src/rp2_common/hardware_sync/sync.c.obj
                0x100016c8                spin_lock_claim_unused
 .text.irq_set_enabled
                0x100016e8       0x24 CMakeFiles/carrier_receiver_baseband.dir/C_/Program_Files/Raspberry_Pi/Pico_SDK_v1.5.1/pico-sdk/src/rp2_common/hardware_irq/irq.c.obj
                0x100016e8                irq_set_enabled
 .text.irq_set_pending
                0x1000170c       0x10 CMakeFiles/carrier_receiver_baseband.dir/C_/Program_Files/Raspberry_Pi/Pico_SDK_v1.5.1/pico-sdk/src/rp2_common/hardware_irq/irq.c.obj
                0x1000170c                irq_set_pending
 .text.irq_has_shared_handler
                0x1000171c       0x2c CMakeFiles/carrier_receiver_baseband.dir/C_/Program_Files/Raspberry_Pi/Pico_SDK_v1.5.1/pico-sdk/src/rp2_common/hardware_irq/irq.c.obj
                0x1000171c                irq_has_shared_handler
 .text.irq_get_vtable_handler
                0x10001748       0x10 CMakeFiles/carrier_receiver_baseband.dir/C_/Program_Files/Raspberry_Pi/Pico_SDK_v1.5.1/pico-sdk/src/rp2_common/hardware_irq/irq.c.obj
                0x10001748                irq_get_vtable_handler
 .text.irq_set_exclusive_handler
                0x10001758       0x54 CMakeFiles/carrier_receiver_baseband.dir/C_/Program_Files/Raspberry_Pi/Pico_SDK_v1.5.1/pico-sdk/src/rp2_common/hardware_irq/irq.c.obj
                0x10001758                irq_set_exclusive_handler
 .text.irq_add_shared_handler
                0x100017ac      0x1e8 CMakeFiles/carrier_receiver_baseband.dir/C_/Program_Files/Raspberry_Pi/Pico_SDK_v1.5.1/pico-sdk/src/rp2_common/hardware_irq/irq.c.obj
                0x100017ac                irq_add_shared_handler
 .text.irq_remove_handler
                0x10001994      0x1b0 CMakeFiles/carrier_receiver_baseband.dir/C_/Program_Files/Raspberry_Pi/Pico_SDK_v1.5.1/pico-sdk/src/rp2_common/hardware_irq/irq.c.obj
                0x10001994                irq_remove_handler
 .text.irq_add_tail_to_free_list
                0x10001b44       0xb4 CMakeFiles/carrier_receiver_baseband.dir/C_/Program_Files/Raspberry_Pi/Pico_SDK_v1.5.1/pico-sdk/src/rp2_common/hardware_irq/irq.c.obj
                0x10001b44                irq_add_tail_to_free_list
 .text.irq_init_priorities
                0x10001bf8       0x24 CMakeFiles/carrier_receiver_baseband.dir/C_/Program_Files/Raspberry_Pi/Pico_SDK_v1.5.1/pico-sdk/src/rp2_common/hardware_irq/irq.c.obj
                0x10001bf8                irq_init_priorities
 .text.user_irq_claim_unused
                0x10001c1c       0x28 CMakeFiles/carrier_receiver_baseband.dir/C_/Program_Files/Raspberry_Pi/Pico_SDK_v1.5.1/pico-sdk/src/rp2_common/hardware_irq/irq.c.obj
                0x10001c1c                user_irq_claim_unused
 .text.lock_init
                0x10001c44       0x10 CMakeFiles/carrier_receiver_baseband.dir/C_/Program_Files/Raspberry_Pi/Pico_SDK_v1.5.1/pico-sdk/src/common/pico_sync/lock_core.c.obj
                0x10001c44                lock_init
 .text.mutex_init
                0x10001c54       0x1c CMakeFiles/carrier_receiver_baseband.dir/C_/Program_Files/Raspberry_Pi/Pico_SDK_v1.5.1/pico-sdk/src/common/pico_sync/mutex.c.obj
                0x10001c54                mutex_init
 .text.recursive_mutex_init
                0x10001c70       0x1c CMakeFiles/carrier_receiver_baseband.dir/C_/Program_Files/Raspberry_Pi/Pico_SDK_v1.5.1/pico-sdk/src/common/pico_sync/mutex.c.obj
                0x10001c70                recursive_mutex_init
 .text.critical_section_init
                0x10001c8c       0x20 CMakeFiles/carrier_receiver_baseband.dir/C_/Program_Files/Raspberry_Pi/Pico_SDK_v1.5.1/pico-sdk/src/common/pico_sync/critical_section.c.obj
                0x10001c8c                critical_section_init
 .text.critical_section_init_with_lock_num
                0x10001cac       0x14 CMakeFiles/carrier_receiver_baseband.dir/C_/Program_Files/Raspberry_Pi/Pico_SDK_v1.5.1/pico-sdk/src/common/pico_sync/critical_section.c.obj
                0x10001cac                critical_section_init_with_lock_num
 .text.timer_pool_entry_comparator
                0x10001cc0       0x34 CMakeFiles/carrier_receiver_baseband.dir/C_/Program_Files/Raspberry_Pi/Pico_SDK_v1.5.1/pico-sdk/src/common/pico_time/time.c.obj
                0x10001cc0                timer_pool_entry_comparator
 .text.sleep_until_callback
                0x10001cf4       0x30 CMakeFiles/carrier_receiver_baseband.dir/C_/Program_Files/Raspberry_Pi/Pico_SDK_v1.5.1/pico-sdk/src/common/pico_time/time.c.obj
 .text.add_alarm_under_lock.isra.0
                0x10001d24      0x100 CMakeFiles/carrier_receiver_baseband.dir/C_/Program_Files/Raspberry_Pi/Pico_SDK_v1.5.1/pico-sdk/src/common/pico_time/time.c.obj
 .text.alarm_pool_alarm_callback
                0x10001e24      0x1bc CMakeFiles/carrier_receiver_baseband.dir/C_/Program_Files/Raspberry_Pi/Pico_SDK_v1.5.1/pico-sdk/src/common/pico_time/time.c.obj
 .text.alarm_pool_init_default
                0x10001fe0       0x6c CMakeFiles/carrier_receiver_baseband.dir/C_/Program_Files/Raspberry_Pi/Pico_SDK_v1.5.1/pico-sdk/src/common/pico_time/time.c.obj
                0x10001fe0                alarm_pool_init_default
 .text.alarm_pool_get_default
                0x1000204c        0x8 CMakeFiles/carrier_receiver_baseband.dir/C_/Program_Files/Raspberry_Pi/Pico_SDK_v1.5.1/pico-sdk/src/common/pico_time/time.c.obj
                0x1000204c                alarm_pool_get_default
 .text.alarm_pool_add_alarm_at
                0x10002054      0x178 CMakeFiles/carrier_receiver_baseband.dir/C_/Program_Files/Raspberry_Pi/Pico_SDK_v1.5.1/pico-sdk/src/common/pico_time/time.c.obj
                0x10002054                alarm_pool_add_alarm_at
 .text.alarm_pool_core_num
                0x100021cc        0x4 CMakeFiles/carrier_receiver_baseband.dir/C_/Program_Files/Raspberry_Pi/Pico_SDK_v1.5.1/pico-sdk/src/common/pico_time/time.c.obj
                0x100021cc                alarm_pool_core_num
 .text.sleep_until
                0x100021d0       0xc4 CMakeFiles/carrier_receiver_baseband.dir/C_/Program_Files/Raspberry_Pi/Pico_SDK_v1.5.1/pico-sdk/src/common/pico_time/time.c.obj
                0x100021d0                sleep_until
 .text.sleep_us
                0x10002294       0x24 CMakeFiles/carrier_receiver_baseband.dir/C_/Program_Files/Raspberry_Pi/Pico_SDK_v1.5.1/pico-sdk/src/common/pico_time/time.c.obj
                0x10002294                sleep_us
 .text.sleep_ms
                0x100022b8       0x34 CMakeFiles/carrier_receiver_baseband.dir/C_/Program_Files/Raspberry_Pi/Pico_SDK_v1.5.1/pico-sdk/src/common/pico_time/time.c.obj
                0x100022b8                sleep_ms
 .text.best_effort_wfe_or_timeout
                0x100022ec       0xd4 CMakeFiles/carrier_receiver_baseband.dir/C_/Program_Files/Raspberry_Pi/Pico_SDK_v1.5.1/pico-sdk/src/common/pico_time/time.c.obj
                0x100022ec                best_effort_wfe_or_timeout
 .text.hardware_alarm_irq_handler
                0x100023c0       0xbc CMakeFiles/carrier_receiver_baseband.dir/C_/Program_Files/Raspberry_Pi/Pico_SDK_v1.5.1/pico-sdk/src/rp2_common/hardware_timer/timer.c.obj
 .text.hardware_alarm_claim
                0x1000247c       0x18 CMakeFiles/carrier_receiver_baseband.dir/C_/Program_Files/Raspberry_Pi/Pico_SDK_v1.5.1/pico-sdk/src/rp2_common/hardware_timer/timer.c.obj
                0x1000247c                hardware_alarm_claim
 .text.time_us_64
                0x10002494       0x14 CMakeFiles/carrier_receiver_baseband.dir/C_/Program_Files/Raspberry_Pi/Pico_SDK_v1.5.1/pico-sdk/src/rp2_common/hardware_timer/timer.c.obj
                0x10002494                time_us_64
 .text.busy_wait_until
                0x100024a8       0x20 CMakeFiles/carrier_receiver_baseband.dir/C_/Program_Files/Raspberry_Pi/Pico_SDK_v1.5.1/pico-sdk/src/rp2_common/hardware_timer/timer.c.obj
                0x100024a8                busy_wait_until
 .text.hardware_alarm_set_callback
                0x100024c8       0x8c CMakeFiles/carrier_receiver_baseband.dir/C_/Program_Files/Raspberry_Pi/Pico_SDK_v1.5.1/pico-sdk/src/rp2_common/hardware_timer/timer.c.obj
                0x100024c8                hardware_alarm_set_callback
 .text.hardware_alarm_set_target
                0x10002554       0xd4 CMakeFiles/carrier_receiver_baseband.dir/C_/Program_Files/Raspberry_Pi/Pico_SDK_v1.5.1/pico-sdk/src/rp2_common/hardware_timer/timer.c.obj
                0x10002554                hardware_alarm_set_target
 .text.hardware_alarm_cancel
                0x10002628       0x3c CMakeFiles/carrier_receiver_baseband.dir/C_/Program_Files/Raspberry_Pi/Pico_SDK_v1.5.1/pico-sdk/src/rp2_common/hardware_timer/timer.c.obj
                0x10002628                hardware_alarm_cancel
 .text.ph_merge_nodes
                0x10002664       0x68 CMakeFiles/carrier_receiver_baseband.dir/C_/Program_Files/Raspberry_Pi/Pico_SDK_v1.5.1/pico-sdk/src/common/pico_util/pheap.c.obj
 .text.ph_post_alloc_init
                0x100026cc       0x3c CMakeFiles/carrier_receiver_baseband.dir/C_/Program_Files/Raspberry_Pi/Pico_SDK_v1.5.1/pico-sdk/src/common/pico_util/pheap.c.obj
                0x100026cc                ph_post_alloc_init
 .text.ph_merge_two_pass
                0x10002708       0x90 CMakeFiles/carrier_receiver_baseband.dir/C_/Program_Files/Raspberry_Pi/Pico_SDK_v1.5.1/pico-sdk/src/common/pico_util/pheap.c.obj
                0x10002708                ph_merge_two_pass
 .text.ph_remove_any_head
                0x10002798      0x100 CMakeFiles/carrier_receiver_baseband.dir/C_/Program_Files/Raspberry_Pi/Pico_SDK_v1.5.1/pico-sdk/src/common/pico_util/pheap.c.obj
 .text.ph_remove_head
                0x10002898      0x104 CMakeFiles/carrier_receiver_baseband.dir/C_/Program_Files/Raspberry_Pi/Pico_SDK_v1.5.1/pico-sdk/src/common/pico_util/pheap.c.obj
                0x10002898                ph_remove_head
 .text.ph_remove_and_free_node
                0x1000299c       0x7c CMakeFiles/carrier_receiver_baseband.dir/C_/Program_Files/Raspberry_Pi/Pico_SDK_v1.5.1/pico-sdk/src/common/pico_util/pheap.c.obj
                0x1000299c                ph_remove_and_free_node
 .text.queue_init_with_spinlock
                0x10002a18       0x24 CMakeFiles/carrier_receiver_baseband.dir/C_/Program_Files/Raspberry_Pi/Pico_SDK_v1.5.1/pico-sdk/src/common/pico_util/queue.c.obj
                0x10002a18                queue_init_with_spinlock
 .text.queue_try_add
                0x10002a3c       0x70 CMakeFiles/carrier_receiver_baseband.dir/C_/Program_Files/Raspberry_Pi/Pico_SDK_v1.5.1/pico-sdk/src/common/pico_util/queue.c.obj
                0x10002a3c                queue_try_add
 .text.queue_try_remove
                0x10002aac       0x70 CMakeFiles/carrier_receiver_baseband.dir/C_/Program_Files/Raspberry_Pi/Pico_SDK_v1.5.1/pico-sdk/src/common/pico_util/queue.c.obj
                0x10002aac                queue_try_remove
 .text.clocks_init
                0x10002b1c      0x2d0 CMakeFiles/carrier_receiver_baseband.dir/C_/Program_Files/Raspberry_Pi/Pico_SDK_v1.5.1/pico-sdk/src/rp2_common/hardware_clocks/clocks.c.obj
                0x10002b1c                clocks_init
 .text.clock_get_hz
                0x10002dec        0xc CMakeFiles/carrier_receiver_baseband.dir/C_/Program_Files/Raspberry_Pi/Pico_SDK_v1.5.1/pico-sdk/src/rp2_common/hardware_clocks/clocks.c.obj
                0x10002dec                clock_get_hz
 .text.pll_init
                0x10002df8       0xa0 CMakeFiles/carrier_receiver_baseband.dir/C_/Program_Files/Raspberry_Pi/Pico_SDK_v1.5.1/pico-sdk/src/rp2_common/hardware_pll/pll.c.obj
                0x10002df8                pll_init
 .text.watchdog_start_tick
                0x10002e98       0x10 CMakeFiles/carrier_receiver_baseband.dir/C_/Program_Files/Raspberry_Pi/Pico_SDK_v1.5.1/pico-sdk/src/rp2_common/hardware_watchdog/watchdog.c.obj
                0x10002e98                watchdog_start_tick
 .text.watchdog_reboot
                0x10002ea8       0x98 CMakeFiles/carrier_receiver_baseband.dir/C_/Program_Files/Raspberry_Pi/Pico_SDK_v1.5.1/pico-sdk/src/rp2_common/hardware_watchdog/watchdog.c.obj
                0x10002ea8                watchdog_reboot
 .text.xosc_init
                0x10002f40       0x28 CMakeFiles/carrier_receiver_baseband.dir/C_/Program_Files/Raspberry_Pi/Pico_SDK_v1.5.1/pico-sdk/src/rp2_common/hardware_xosc/xosc.c.obj
                0x10002f40                xosc_init
 .text.runtime_init
                0x10002f68       0xf0 CMakeFiles/carrier_receiver_baseband.dir/C_/Program_Files/Raspberry_Pi/Pico_SDK_v1.5.1/pico-sdk/src/rp2_common/pico_runtime/runtime.c.obj
                0x10002f68                runtime_init
 .text._exit    0x10003058        0x4 CMakeFiles/carrier_receiver_baseband.dir/C_/Program_Files/Raspberry_Pi/Pico_SDK_v1.5.1/pico-sdk/src/rp2_common/pico_runtime/runtime.c.obj
                0x10003058                _exit
 .text._sbrk    0x1000305c       0x34 CMakeFiles/carrier_receiver_baseband.dir/C_/Program_Files/Raspberry_Pi/Pico_SDK_v1.5.1/pico-sdk/src/rp2_common/pico_runtime/runtime.c.obj
                0x1000305c                _sbrk
 .text.exit     0x10003090        0x8 CMakeFiles/carrier_receiver_baseband.dir/C_/Program_Files/Raspberry_Pi/Pico_SDK_v1.5.1/pico-sdk/src/rp2_common/pico_runtime/runtime.c.obj
                0x10003090                exit
 .text.panic    0x10003098       0x30 CMakeFiles/carrier_receiver_baseband.dir/C_/Program_Files/Raspberry_Pi/Pico_SDK_v1.5.1/pico-sdk/src/rp2_common/pico_runtime/runtime.c.obj
                0x10003098                panic
 .text.hard_assertion_failure
                0x100030c8        0xc CMakeFiles/carrier_receiver_baseband.dir/C_/Program_Files/Raspberry_Pi/Pico_SDK_v1.5.1/pico-sdk/src/rp2_common/pico_runtime/runtime.c.obj
                0x100030c8                hard_assertion_failure
 .text._out_null
                0x100030d4        0x4 CMakeFiles/carrier_receiver_baseband.dir/C_/Program_Files/Raspberry_Pi/Pico_SDK_v1.5.1/pico-sdk/src/rp2_common/pico_printf/printf.c.obj
 .text._out_rev
                0x100030d8       0x9c CMakeFiles/carrier_receiver_baseband.dir/C_/Program_Files/Raspberry_Pi/Pico_SDK_v1.5.1/pico-sdk/src/rp2_common/pico_printf/printf.c.obj
 .text._ntoa_format
                0x10003174      0x1cc CMakeFiles/carrier_receiver_baseband.dir/C_/Program_Files/Raspberry_Pi/Pico_SDK_v1.5.1/pico-sdk/src/rp2_common/pico_printf/printf.c.obj
 .text._out_char
                0x10003340       0x10 CMakeFiles/carrier_receiver_baseband.dir/C_/Program_Files/Raspberry_Pi/Pico_SDK_v1.5.1/pico-sdk/src/rp2_common/pico_printf/printf.c.obj
 .text._out_fct
                0x10003350       0x10 CMakeFiles/carrier_receiver_baseband.dir/C_/Program_Files/Raspberry_Pi/Pico_SDK_v1.5.1/pico-sdk/src/rp2_common/pico_printf/printf.c.obj
 .text._etoa    0x10003360      0x44c CMakeFiles/carrier_receiver_baseband.dir/C_/Program_Files/Raspberry_Pi/Pico_SDK_v1.5.1/pico-sdk/src/rp2_common/pico_printf/printf.c.obj
 .text._ftoa    0x100037ac      0x398 CMakeFiles/carrier_receiver_baseband.dir/C_/Program_Files/Raspberry_Pi/Pico_SDK_v1.5.1/pico-sdk/src/rp2_common/pico_printf/printf.c.obj
 .text._vsnprintf
                0x10003b44      0xb04 CMakeFiles/carrier_receiver_baseband.dir/C_/Program_Files/Raspberry_Pi/Pico_SDK_v1.5.1/pico-sdk/src/rp2_common/pico_printf/printf.c.obj
 .text.vfctprintf
                0x10004648       0x20 CMakeFiles/carrier_receiver_baseband.dir/C_/Program_Files/Raspberry_Pi/Pico_SDK_v1.5.1/pico-sdk/src/rp2_common/pico_printf/printf.c.obj
                0x10004648                vfctprintf
 .text.weak_raw_vprintf
                0x10004668       0x30 CMakeFiles/carrier_receiver_baseband.dir/C_/Program_Files/Raspberry_Pi/Pico_SDK_v1.5.1/pico-sdk/src/rp2_common/pico_printf/printf.c.obj
                0x10004668                weak_raw_vprintf
 .text          0x10004698       0x10 CMakeFiles/carrier_receiver_baseband.dir/C_/Program_Files/Raspberry_Pi/Pico_SDK_v1.5.1/pico-sdk/src/rp2_common/pico_bit_ops/bit_ops_aeabi.S.obj
 .text.rom_func_lookup
                0x100046a8       0x10 CMakeFiles/carrier_receiver_baseband.dir/C_/Program_Files/Raspberry_Pi/Pico_SDK_v1.5.1/pico-sdk/src/rp2_common/pico_bootrom/bootrom.c.obj
                0x100046a8                rom_func_lookup
 .text.rom_data_lookup
                0x100046b8       0x10 CMakeFiles/carrier_receiver_baseband.dir/C_/Program_Files/Raspberry_Pi/Pico_SDK_v1.5.1/pico-sdk/src/rp2_common/pico_bootrom/bootrom.c.obj
                0x100046b8                rom_data_lookup
 .text.rom_funcs_lookup
                0x100046c8       0x44 CMakeFiles/carrier_receiver_baseband.dir/C_/Program_Files/Raspberry_Pi/Pico_SDK_v1.5.1/pico-sdk/src/rp2_common/pico_bootrom/bootrom.c.obj
                0x100046c8                rom_funcs_lookup
 .text.__wrap___aeabi_idiv
                0x1000470c       0x50 CMakeFiles/carrier_receiver_baseband.dir/C_/Program_Files/Raspberry_Pi/Pico_SDK_v1.5.1/pico-sdk/src/rp2_common/pico_divider/divider.S.obj
                0x1000470c                __wrap___aeabi_idivmod
                0x1000470c                divmod_s32s32
                0x1000470c                div_s32s32
                0x1000470c                __wrap___aeabi_idiv
                0x10004714                divmod_s32s32_unsafe
                0x10004740                divmod_s32s32_savestate
 .text.__wrap___aeabi_uidiv
                0x1000475c       0x4c CMakeFiles/carrier_receiver_baseband.dir/C_/Program_Files/Raspberry_Pi/Pico_SDK_v1.5.1/pico-sdk/src/rp2_common/pico_divider/divider.S.obj
                0x1000475c                __wrap___aeabi_uidiv
                0x1000475c                __wrap___aeabi_uidivmod
                0x1000475c                div_u32u32
                0x1000475c                divmod_u32u32
                0x10004764                divmod_u32u32_unsafe
                0x1000478c                divmod_u32u32_savestate
 .text.__wrap___aeabi_ldiv
                0x100047a8      0x424 CMakeFiles/carrier_receiver_baseband.dir/C_/Program_Files/Raspberry_Pi/Pico_SDK_v1.5.1/pico-sdk/src/rp2_common/pico_divider/divider.S.obj
                0x100047a8                div_s64s64
                0x100047a8                divmod_s64s64
                0x100047a8                __wrap___aeabi_ldivmod
                0x100047d8                divmod_u64u64
                0x100047d8                div_u64u64
                0x100047d8                __wrap___aeabi_uldivmod
                0x100047e8                divmod_u64u64_savestate
                0x10004808                divmod_s64s64_unsafe
                0x10004890                divmod_u64u64_unsafe
 .text.push_r8_r11
                0x10004bcc        0xc CMakeFiles/carrier_receiver_baseband.dir/C_/Program_Files/Raspberry_Pi/Pico_SDK_v1.5.1/pico-sdk/src/rp2_common/pico_double/double_aeabi.S.obj
                0x10004bcc                push_r8_r11
 .text.pop_r8_r11
                0x10004bd8        0xc CMakeFiles/carrier_receiver_baseband.dir/C_/Program_Files/Raspberry_Pi/Pico_SDK_v1.5.1/pico-sdk/src/rp2_common/pico_double/double_aeabi.S.obj
                0x10004bd8                pop_r8_r11
 .text.__wrap___aeabi_darithmetic
                0x10004be4       0x80 CMakeFiles/carrier_receiver_baseband.dir/C_/Program_Files/Raspberry_Pi/Pico_SDK_v1.5.1/pico-sdk/src/rp2_common/pico_double/double_aeabi.S.obj
                0x10004be4                __wrap___aeabi_drsub
                0x10004bea                __wrap___aeabi_dsub
                0x10004bfc                __wrap___aeabi_dadd
                0x10004c0e                __wrap___aeabi_ddiv
                0x10004c4a                __wrap___aeabi_dmul
 .text.__wrap___aeabi_cdcmple
                0x10004c64       0x6c CMakeFiles/carrier_receiver_baseband.dir/C_/Program_Files/Raspberry_Pi/Pico_SDK_v1.5.1/pico-sdk/src/rp2_common/pico_double/double_aeabi.S.obj
                0x10004c64                __wrap___aeabi_cdrcmple
                0x10004c74                __wrap___aeabi_cdcmpeq
                0x10004c74                __wrap___aeabi_cdcmple
 .text.__wrap___aeabi_dcmplt
                0x10004cd0        0xc CMakeFiles/carrier_receiver_baseband.dir/C_/Program_Files/Raspberry_Pi/Pico_SDK_v1.5.1/pico-sdk/src/rp2_common/pico_double/double_aeabi.S.obj
                0x10004cd0                __wrap___aeabi_dcmplt
 .text.__wrap___aeabi_dcmple
                0x10004cdc       0x10 CMakeFiles/carrier_receiver_baseband.dir/C_/Program_Files/Raspberry_Pi/Pico_SDK_v1.5.1/pico-sdk/src/rp2_common/pico_double/double_aeabi.S.obj
                0x10004cdc                __wrap___aeabi_dcmple
 .text.__wrap___aeabi_dcmpge
                0x10004cec       0x10 CMakeFiles/carrier_receiver_baseband.dir/C_/Program_Files/Raspberry_Pi/Pico_SDK_v1.5.1/pico-sdk/src/rp2_common/pico_double/double_aeabi.S.obj
                0x10004cec                __wrap___aeabi_dcmpge
 .text.__wrap___aeabi_dcmpgt
                0x10004cfc        0xa CMakeFiles/carrier_receiver_baseband.dir/C_/Program_Files/Raspberry_Pi/Pico_SDK_v1.5.1/pico-sdk/src/rp2_common/pico_double/double_aeabi.S.obj
                0x10004cfc                __wrap___aeabi_dcmpgt
 .text.__wrap___aeabi_dcmpun
                0x10004d06       0x1c CMakeFiles/carrier_receiver_baseband.dir/C_/Program_Files/Raspberry_Pi/Pico_SDK_v1.5.1/pico-sdk/src/rp2_common/pico_double/double_aeabi.S.obj
                0x10004d06                __wrap___aeabi_dcmpun
 *fill*         0x10004d22        0x2 
 .text.__wrap___aeabi_i2d
                0x10004d24       0x38 CMakeFiles/carrier_receiver_baseband.dir/C_/Program_Files/Raspberry_Pi/Pico_SDK_v1.5.1/pico-sdk/src/rp2_common/pico_double/double_aeabi.S.obj
                0x10004d24                __wrap___aeabi_ui2d
                0x10004d2c                __wrap___aeabi_i2d
 .text.__wrap___aeabi_d2iz
                0x10004d5c       0x48 CMakeFiles/carrier_receiver_baseband.dir/C_/Program_Files/Raspberry_Pi/Pico_SDK_v1.5.1/pico-sdk/src/rp2_common/pico_double/double_aeabi.S.obj
                0x10004d5c                double2int_z
                0x10004d5c                __wrap___aeabi_d2iz
 .text.__wrap___aeabi_d2uiz
                0x10004da4       0x18 CMakeFiles/carrier_receiver_baseband.dir/C_/Program_Files/Raspberry_Pi/Pico_SDK_v1.5.1/pico-sdk/src/rp2_common/pico_double/double_aeabi.S.obj
                0x10004da4                __wrap___aeabi_d2uiz
                0x10004da4                double2uint
 .text.fix642double
                0x10004dbc       0x18 CMakeFiles/carrier_receiver_baseband.dir/C_/Program_Files/Raspberry_Pi/Pico_SDK_v1.5.1/pico-sdk/src/rp2_common/pico_double/double_aeabi.S.obj
                0x10004dbc                fix642double
 .text.__wrap_srqt
                0x10004dd4       0x18 CMakeFiles/carrier_receiver_baseband.dir/C_/Program_Files/Raspberry_Pi/Pico_SDK_v1.5.1/pico-sdk/src/rp2_common/pico_double/double_aeabi.S.obj
                0x10004dd4                __wrap_sqrt
 .text.__wrap_sincostan_remainder
                0x10004dec       0x14 CMakeFiles/carrier_receiver_baseband.dir/C_/Program_Files/Raspberry_Pi/Pico_SDK_v1.5.1/pico-sdk/src/rp2_common/pico_double/double_aeabi.S.obj
                0x10004dec                sincostan_remainder
 .text.__wrap_cos
                0x10004e00       0x2c CMakeFiles/carrier_receiver_baseband.dir/C_/Program_Files/Raspberry_Pi/Pico_SDK_v1.5.1/pico-sdk/src/rp2_common/pico_double/double_aeabi.S.obj
                0x10004e00                __wrap_cos
 .text.__wrap_log
                0x10004e2c       0x18 CMakeFiles/carrier_receiver_baseband.dir/C_/Program_Files/Raspberry_Pi/Pico_SDK_v1.5.1/pico-sdk/src/rp2_common/pico_double/double_aeabi.S.obj
                0x10004e2c                __wrap_log
 .text.__aeabi_double_init
                0x10004e44       0x94 CMakeFiles/carrier_receiver_baseband.dir/C_/Program_Files/Raspberry_Pi/Pico_SDK_v1.5.1/pico-sdk/src/rp2_common/pico_double/double_init_rom.c.obj
                0x10004e44                __aeabi_double_init
 .text.__wrap_round
                0x10004ed8       0xa0 CMakeFiles/carrier_receiver_baseband.dir/C_/Program_Files/Raspberry_Pi/Pico_SDK_v1.5.1/pico-sdk/src/rp2_common/pico_double/double_math.c.obj
                0x10004ed8                __wrap_round
 .text.__wrap_ceil
                0x10004f78       0x98 CMakeFiles/carrier_receiver_baseband.dir/C_/Program_Files/Raspberry_Pi/Pico_SDK_v1.5.1/pico-sdk/src/rp2_common/pico_double/double_math.c.obj
                0x10004f78                __wrap_ceil
 .text.__wrap_remquo
                0x10005010      0x2a0 CMakeFiles/carrier_receiver_baseband.dir/C_/Program_Files/Raspberry_Pi/Pico_SDK_v1.5.1/pico-sdk/src/rp2_common/pico_double/double_math.c.obj
                0x10005010                __wrap_remquo
 .text.__wrap_remainder
                0x100052b0       0x10 CMakeFiles/carrier_receiver_baseband.dir/C_/Program_Files/Raspberry_Pi/Pico_SDK_v1.5.1/pico-sdk/src/rp2_common/pico_double/double_math.c.obj
                0x100052b0                __wrap_remainder
 .text.double_table_shim_on_use_helper
                0x100052c0       0x2c CMakeFiles/carrier_receiver_baseband.dir/C_/Program_Files/Raspberry_Pi/Pico_SDK_v1.5.1/pico-sdk/src/rp2_common/pico_double/double_v1_rom_shim.S.obj
                0x100052c0                double_table_shim_on_use_helper
 .text.__wrap___aeabi_dsub
                0x100052ec       0x10 CMakeFiles/carrier_receiver_baseband.dir/C_/Program_Files/Raspberry_Pi/Pico_SDK_v1.5.1/pico-sdk/src/rp2_common/pico_double/double_v1_rom_shim.S.obj
                0x100052ec                drsub_shim
                0x100052f2                dsub_shim
 .text.dadd_shim
                0x100052fc      0x15c CMakeFiles/carrier_receiver_baseband.dir/C_/Program_Files/Raspberry_Pi/Pico_SDK_v1.5.1/pico-sdk/src/rp2_common/pico_double/double_v1_rom_shim.S.obj
                0x100052fc                dadd_shim
 .text.dmul_shim
                0x10005458      0x15c CMakeFiles/carrier_receiver_baseband.dir/C_/Program_Files/Raspberry_Pi/Pico_SDK_v1.5.1/pico-sdk/src/rp2_common/pico_double/double_v1_rom_shim.S.obj
                0x10005458                dmul_shim
 .text.ddiv_shim
                0x100055b4      0x1b0 CMakeFiles/carrier_receiver_baseband.dir/C_/Program_Files/Raspberry_Pi/Pico_SDK_v1.5.1/pico-sdk/src/rp2_common/pico_double/double_v1_rom_shim.S.obj
                0x100055b4                ddiv_shim
 .text.dsqrt_shim
                0x10005764      0x1a8 CMakeFiles/carrier_receiver_baseband.dir/C_/Program_Files/Raspberry_Pi/Pico_SDK_v1.5.1/pico-sdk/src/rp2_common/pico_double/double_v1_rom_shim.S.obj
                0x10005780                dsqrt_shim
 .text.dcordic_vec_step
                0x1000590c        0xe CMakeFiles/carrier_receiver_baseband.dir/C_/Program_Files/Raspberry_Pi/Pico_SDK_v1.5.1/pico-sdk/src/rp2_common/pico_double/double_v1_rom_shim.S.obj
                0x1000590c                dcordic_vec_step
 .text.dcordic_rot_step
                0x1000591a       0x76 CMakeFiles/carrier_receiver_baseband.dir/C_/Program_Files/Raspberry_Pi/Pico_SDK_v1.5.1/pico-sdk/src/rp2_common/pico_double/double_v1_rom_shim.S.obj
                0x1000591a                dcordic_rot_step
 .text.double2uint_shim
                0x10005990        0xe CMakeFiles/carrier_receiver_baseband.dir/C_/Program_Files/Raspberry_Pi/Pico_SDK_v1.5.1/pico-sdk/src/rp2_common/pico_double/double_v1_rom_shim.S.obj
                0x10005990                double2uint_shim
                0x10005992                double2ufix_shim
 .text.double2int64_shim
                0x1000599e       0x1a CMakeFiles/carrier_receiver_baseband.dir/C_/Program_Files/Raspberry_Pi/Pico_SDK_v1.5.1/pico-sdk/src/rp2_common/pico_double/double_v1_rom_shim.S.obj
                0x1000599e                double2int64_shim
                0x100059a0                double2fix64_shim
 .text.double2uint64_shim
                0x100059b8       0x70 CMakeFiles/carrier_receiver_baseband.dir/C_/Program_Files/Raspberry_Pi/Pico_SDK_v1.5.1/pico-sdk/src/rp2_common/pico_double/double_v1_rom_shim.S.obj
                0x100059b8                double2uint64_shim
                0x100059ba                double2ufix64_shim
                0x100059da                d2fix_a
 .text.x2double_shims
                0x10005a28       0x90 CMakeFiles/carrier_receiver_baseband.dir/C_/Program_Files/Raspberry_Pi/Pico_SDK_v1.5.1/pico-sdk/src/rp2_common/pico_double/double_v1_rom_shim.S.obj
                0x10005a28                uint2double_shim
                0x10005a2a                ufix2double_shim
                0x10005a30                int2double_shim
                0x10005a32                fix2double_shim
                0x10005a38                uint642double_shim
                0x10005a3a                ufix642double_shim
                0x10005a40                int642double_shim
                0x10005a42                fix642double_shim
 .text.dunpacks
                0x10005ab8       0x3c CMakeFiles/carrier_receiver_baseband.dir/C_/Program_Files/Raspberry_Pi/Pico_SDK_v1.5.1/pico-sdk/src/rp2_common/pico_double/double_v1_rom_shim.S.obj
                0x10005ab8                dunpacks
 .text.dreduce  0x10005af4       0x82 CMakeFiles/carrier_receiver_baseband.dir/C_/Program_Files/Raspberry_Pi/Pico_SDK_v1.5.1/pico-sdk/src/rp2_common/pico_double/double_v1_rom_shim.S.obj
                0x10005af4                dreduce
 .text.dcos_shim
                0x10005b76       0x10 CMakeFiles/carrier_receiver_baseband.dir/C_/Program_Files/Raspberry_Pi/Pico_SDK_v1.5.1/pico-sdk/src/rp2_common/pico_double/double_v1_rom_shim.S.obj
                0x10005b76                dcos_shim
 .text.dsin_shim
                0x10005b86       0x14 CMakeFiles/carrier_receiver_baseband.dir/C_/Program_Files/Raspberry_Pi/Pico_SDK_v1.5.1/pico-sdk/src/rp2_common/pico_double/double_v1_rom_shim.S.obj
                0x10005b86                dsin_shim
 *fill*         0x10005b9a        0x2 
 .text.dtrig_guts
                0x10005b9c      0x2ec CMakeFiles/carrier_receiver_baseband.dir/C_/Program_Files/Raspberry_Pi/Pico_SDK_v1.5.1/pico-sdk/src/rp2_common/pico_double/double_v1_rom_shim.S.obj
                0x10005c74                datan2_shim
 .text.dexp_guts
                0x10005e88      0x268 CMakeFiles/carrier_receiver_baseband.dir/C_/Program_Files/Raspberry_Pi/Pico_SDK_v1.5.1/pico-sdk/src/rp2_common/pico_double/double_v1_rom_shim.S.obj
                0x10005e88                dexp_shim
                0x10005f24                dln_shim
 .text.__aeabi_lmul
                0x100060f0       0x32 CMakeFiles/carrier_receiver_baseband.dir/C_/Program_Files/Raspberry_Pi/Pico_SDK_v1.5.1/pico-sdk/src/rp2_common/pico_int64_ops/pico_int64_ops_aeabi.S.obj
                0x100060f0                __wrap___aeabi_lmul
 *fill*         0x10006122        0x2 
 .text.__aeabi_float_init
                0x10006124       0x64 CMakeFiles/carrier_receiver_baseband.dir/C_/Program_Files/Raspberry_Pi/Pico_SDK_v1.5.1/pico-sdk/src/rp2_common/pico_float/float_init_rom.c.obj
                0x10006124                __aeabi_float_init
 .text.float_table_shim_on_use_helper
                0x10006188       0x2c CMakeFiles/carrier_receiver_baseband.dir/C_/Program_Files/Raspberry_Pi/Pico_SDK_v1.5.1/pico-sdk/src/rp2_common/pico_float/float_v1_rom_shim.S.obj
                0x10006188                float_table_shim_on_use_helper
 .text.__wrap_calloc
                0x100061b4       0x24 CMakeFiles/carrier_receiver_baseband.dir/C_/Program_Files/Raspberry_Pi/Pico_SDK_v1.5.1/pico-sdk/src/rp2_common/pico_malloc/pico_malloc.c.obj
                0x100061b4                __wrap_calloc
 .text          0x100061d8       0x10 CMakeFiles/carrier_receiver_baseband.dir/C_/Program_Files/Raspberry_Pi/Pico_SDK_v1.5.1/pico-sdk/src/rp2_common/pico_mem_ops/mem_ops_aeabi.S.obj
                0x100061d8                __aeabi_mem_init
 .text.memset   0x100061e8        0xc CMakeFiles/carrier_receiver_baseband.dir/C_/Program_Files/Raspberry_Pi/Pico_SDK_v1.5.1/pico-sdk/src/rp2_common/pico_mem_ops/mem_ops_aeabi.S.obj
                0x100061e8                __wrap_memset
 .text.memcpy   0x100061f4        0xc CMakeFiles/carrier_receiver_baseband.dir/C_/Program_Files/Raspberry_Pi/Pico_SDK_v1.5.1/pico-sdk/src/rp2_common/pico_mem_ops/mem_ops_aeabi.S.obj
                0x100061f4                __wrap_memcpy
                0x100061f4                __wrap___aeabi_memcpy
 .text.stdio_out_chars_no_crlf
                0x10006200       0x10 CMakeFiles/carrier_receiver_baseband.dir/C_/Program_Files/Raspberry_Pi/Pico_SDK_v1.5.1/pico-sdk/src/rp2_common/pico_stdio/stdio.c.obj
 .text.stdio_out_chars_crlf
                0x10006210       0xb4 CMakeFiles/carrier_receiver_baseband.dir/C_/Program_Files/Raspberry_Pi/Pico_SDK_v1.5.1/pico-sdk/src/rp2_common/pico_stdio/stdio.c.obj
 .text.stdio_buffered_printer
                0x100062c4       0x64 CMakeFiles/carrier_receiver_baseband.dir/C_/Program_Files/Raspberry_Pi/Pico_SDK_v1.5.1/pico-sdk/src/rp2_common/pico_stdio/stdio.c.obj
 .text.stdio_put_string.isra.0
                0x10006328       0xfc CMakeFiles/carrier_receiver_baseband.dir/C_/Program_Files/Raspberry_Pi/Pico_SDK_v1.5.1/pico-sdk/src/rp2_common/pico_stdio/stdio.c.obj
 .text.__wrap_putchar
                0x10006424       0x98 CMakeFiles/carrier_receiver_baseband.dir/C_/Program_Files/Raspberry_Pi/Pico_SDK_v1.5.1/pico-sdk/src/rp2_common/pico_stdio/stdio.c.obj
                0x10006424                __wrap_putchar
 .text.__wrap_puts
                0x100064bc       0x3c CMakeFiles/carrier_receiver_baseband.dir/C_/Program_Files/Raspberry_Pi/Pico_SDK_v1.5.1/pico-sdk/src/rp2_common/pico_stdio/stdio.c.obj
                0x100064bc                __wrap_puts
 .text.stdio_set_driver_enabled
                0x100064f8       0x30 CMakeFiles/carrier_receiver_baseband.dir/C_/Program_Files/Raspberry_Pi/Pico_SDK_v1.5.1/pico-sdk/src/rp2_common/pico_stdio/stdio.c.obj
                0x100064f8                stdio_set_driver_enabled
 .text.__wrap_vprintf
                0x10006528       0xd8 CMakeFiles/carrier_receiver_baseband.dir/C_/Program_Files/Raspberry_Pi/Pico_SDK_v1.5.1/pico-sdk/src/rp2_common/pico_stdio/stdio.c.obj
                0x10006528                __wrap_vprintf
 .text.__wrap_printf
                0x10006600       0x18 CMakeFiles/carrier_receiver_baseband.dir/C_/Program_Files/Raspberry_Pi/Pico_SDK_v1.5.1/pico-sdk/src/rp2_common/pico_stdio/stdio.c.obj
                0x10006600                __wrap_printf
 .text.stdio_init_all
                0x10006618        0x8 CMakeFiles/carrier_receiver_baseband.dir/C_/Program_Files/Raspberry_Pi/Pico_SDK_v1.5.1/pico-sdk/src/rp2_common/pico_stdio/stdio.c.obj
                0x10006618                stdio_init_all
 .text.resetd_init
                0x10006620        0x4 CMakeFiles/carrier_receiver_baseband.dir/C_/Program_Files/Raspberry_Pi/Pico_SDK_v1.5.1/pico-sdk/src/rp2_common/pico_stdio_usb/reset_interface.c.obj
 .text.resetd_reset
                0x10006624        0xc CMakeFiles/carrier_receiver_baseband.dir/C_/Program_Files/Raspberry_Pi/Pico_SDK_v1.5.1/pico-sdk/src/rp2_common/pico_stdio_usb/reset_interface.c.obj
 .text.resetd_open
                0x10006630       0x28 CMakeFiles/carrier_receiver_baseband.dir/C_/Program_Files/Raspberry_Pi/Pico_SDK_v1.5.1/pico-sdk/src/rp2_common/pico_stdio_usb/reset_interface.c.obj
 .text.resetd_xfer_cb
                0x10006658        0x4 CMakeFiles/carrier_receiver_baseband.dir/C_/Program_Files/Raspberry_Pi/Pico_SDK_v1.5.1/pico-sdk/src/rp2_common/pico_stdio_usb/reset_interface.c.obj
 .text.resetd_control_xfer_cb
                0x1000665c       0x64 CMakeFiles/carrier_receiver_baseband.dir/C_/Program_Files/Raspberry_Pi/Pico_SDK_v1.5.1/pico-sdk/src/rp2_common/pico_stdio_usb/reset_interface.c.obj
 .text.usbd_app_driver_get_cb
                0x100066c0        0xc CMakeFiles/carrier_receiver_baseband.dir/C_/Program_Files/Raspberry_Pi/Pico_SDK_v1.5.1/pico-sdk/src/rp2_common/pico_stdio_usb/reset_interface.c.obj
                0x100066c0                usbd_app_driver_get_cb
 .text.tud_cdc_line_coding_cb
                0x100066cc       0x34 CMakeFiles/carrier_receiver_baseband.dir/C_/Program_Files/Raspberry_Pi/Pico_SDK_v1.5.1/pico-sdk/src/rp2_common/pico_stdio_usb/reset_interface.c.obj
                0x100066cc                tud_cdc_line_coding_cb
 .text.stdio_usb_set_chars_available_callback
                0x10006700       0x14 CMakeFiles/carrier_receiver_baseband.dir/C_/Program_Files/Raspberry_Pi/Pico_SDK_v1.5.1/pico-sdk/src/rp2_common/pico_stdio_usb/stdio_usb.c.obj
                0x10006700                stdio_usb_set_chars_available_callback
 .text.usb_irq  0x10006714       0x10 CMakeFiles/carrier_receiver_baseband.dir/C_/Program_Files/Raspberry_Pi/Pico_SDK_v1.5.1/pico-sdk/src/rp2_common/pico_stdio_usb/stdio_usb.c.obj
 .text.timer_task
                0x10006724       0x54 CMakeFiles/carrier_receiver_baseband.dir/C_/Program_Files/Raspberry_Pi/Pico_SDK_v1.5.1/pico-sdk/src/rp2_common/pico_stdio_usb/stdio_usb.c.obj
 .text.stdio_usb_in_chars
                0x10006778       0x90 CMakeFiles/carrier_receiver_baseband.dir/C_/Program_Files/Raspberry_Pi/Pico_SDK_v1.5.1/pico-sdk/src/rp2_common/pico_stdio_usb/stdio_usb.c.obj
                0x10006778                stdio_usb_in_chars
 .text.stdio_usb_out_chars
                0x10006808      0x100 CMakeFiles/carrier_receiver_baseband.dir/C_/Program_Files/Raspberry_Pi/Pico_SDK_v1.5.1/pico-sdk/src/rp2_common/pico_stdio_usb/stdio_usb.c.obj
 .text.low_priority_worker_irq
                0x10006908       0xa8 CMakeFiles/carrier_receiver_baseband.dir/C_/Program_Files/Raspberry_Pi/Pico_SDK_v1.5.1/pico-sdk/src/rp2_common/pico_stdio_usb/stdio_usb.c.obj
 .text.tud_cdc_rx_cb
                0x100069b0       0x20 CMakeFiles/carrier_receiver_baseband.dir/C_/Program_Files/Raspberry_Pi/Pico_SDK_v1.5.1/pico-sdk/src/rp2_common/pico_stdio_usb/stdio_usb.c.obj
                0x100069b0                tud_cdc_rx_cb
 .text.stdio_usb_init
                0x100069d0       0xdc CMakeFiles/carrier_receiver_baseband.dir/C_/Program_Files/Raspberry_Pi/Pico_SDK_v1.5.1/pico-sdk/src/rp2_common/pico_stdio_usb/stdio_usb.c.obj
                0x100069d0                stdio_usb_init
 .text.stdio_usb_connected
                0x10006aac        0xc CMakeFiles/carrier_receiver_baseband.dir/C_/Program_Files/Raspberry_Pi/Pico_SDK_v1.5.1/pico-sdk/src/rp2_common/pico_stdio_usb/stdio_usb.c.obj
                0x10006aac                stdio_usb_connected
 .text.tud_descriptor_device_cb
                0x10006ab8        0x8 CMakeFiles/carrier_receiver_baseband.dir/C_/Program_Files/Raspberry_Pi/Pico_SDK_v1.5.1/pico-sdk/src/rp2_common/pico_stdio_usb/stdio_usb_descriptors.c.obj
                0x10006ab8                tud_descriptor_device_cb
 .text.tud_descriptor_configuration_cb
                0x10006ac0        0x8 CMakeFiles/carrier_receiver_baseband.dir/C_/Program_Files/Raspberry_Pi/Pico_SDK_v1.5.1/pico-sdk/src/rp2_common/pico_stdio_usb/stdio_usb_descriptors.c.obj
                0x10006ac0                tud_descriptor_configuration_cb
 .text.tud_descriptor_string_cb
                0x10006ac8       0x74 CMakeFiles/carrier_receiver_baseband.dir/C_/Program_Files/Raspberry_Pi/Pico_SDK_v1.5.1/pico-sdk/src/rp2_common/pico_stdio_usb/stdio_usb_descriptors.c.obj
                0x10006ac8                tud_descriptor_string_cb
 .text.startup._retrieve_unique_id_on_boot
                0x10006b3c       0x10 CMakeFiles/carrier_receiver_baseband.dir/C_/Program_Files/Raspberry_Pi/Pico_SDK_v1.5.1/pico-sdk/src/rp2_common/pico_unique_id/unique_id.c.obj
 .text.pico_get_unique_board_id_string
                0x10006b4c      0x1a8 CMakeFiles/carrier_receiver_baseband.dir/C_/Program_Files/Raspberry_Pi/Pico_SDK_v1.5.1/pico-sdk/src/rp2_common/pico_unique_id/unique_id.c.obj
                0x10006b4c                pico_get_unique_board_id_string
 .text.flash_get_unique_id
                0x10006cf4       0x40 CMakeFiles/carrier_receiver_baseband.dir/C_/Program_Files/Raspberry_Pi/Pico_SDK_v1.5.1/pico-sdk/src/rp2_common/hardware_flash/flash.c.obj
                0x10006cf4                flash_get_unique_id
 .text.dcd_int_enable
                0x10006d34        0xc CMakeFiles/carrier_receiver_baseband.dir/C_/Program_Files/Raspberry_Pi/Pico_SDK_v1.5.1/pico-sdk/lib/tinyusb/src/portable/raspberrypi/rp2040/dcd_rp2040.c.obj
                0x10006d34                dcd_int_enable
 .text.dcd_set_address
                0x10006d40       0x14 CMakeFiles/carrier_receiver_baseband.dir/C_/Program_Files/Raspberry_Pi/Pico_SDK_v1.5.1/pico-sdk/lib/tinyusb/src/portable/raspberrypi/rp2040/dcd_rp2040.c.obj
                0x10006d40                dcd_set_address
 .text.dcd_connect
                0x10006d54       0x10 CMakeFiles/carrier_receiver_baseband.dir/C_/Program_Files/Raspberry_Pi/Pico_SDK_v1.5.1/pico-sdk/lib/tinyusb/src/portable/raspberrypi/rp2040/dcd_rp2040.c.obj
                0x10006d54                dcd_connect
 .text.dcd_init
                0x10006d64       0x98 CMakeFiles/carrier_receiver_baseband.dir/C_/Program_Files/Raspberry_Pi/Pico_SDK_v1.5.1/pico-sdk/lib/tinyusb/src/portable/raspberrypi/rp2040/dcd_rp2040.c.obj
                0x10006d64                dcd_init
 .text.dcd_edpt0_status_complete
                0x10006dfc       0x1c CMakeFiles/carrier_receiver_baseband.dir/C_/Program_Files/Raspberry_Pi/Pico_SDK_v1.5.1/pico-sdk/lib/tinyusb/src/portable/raspberrypi/rp2040/dcd_rp2040.c.obj
                0x10006dfc                dcd_edpt0_status_complete
 .text.dcd_edpt_open
                0x10006e18      0x108 CMakeFiles/carrier_receiver_baseband.dir/C_/Program_Files/Raspberry_Pi/Pico_SDK_v1.5.1/pico-sdk/lib/tinyusb/src/portable/raspberrypi/rp2040/dcd_rp2040.c.obj
                0x10006e18                dcd_edpt_open
 .text.dcd_edpt_close_all
                0x10006f20        0x8 CMakeFiles/carrier_receiver_baseband.dir/C_/Program_Files/Raspberry_Pi/Pico_SDK_v1.5.1/pico-sdk/lib/tinyusb/src/portable/raspberrypi/rp2040/dcd_rp2040.c.obj
                0x10006f20                dcd_edpt_close_all
 .text.dcd_edpt_xfer
                0x10006f28       0x24 CMakeFiles/carrier_receiver_baseband.dir/C_/Program_Files/Raspberry_Pi/Pico_SDK_v1.5.1/pico-sdk/lib/tinyusb/src/portable/raspberrypi/rp2040/dcd_rp2040.c.obj
                0x10006f28                dcd_edpt_xfer
 .text.dcd_edpt_stall
                0x10006f4c       0x38 CMakeFiles/carrier_receiver_baseband.dir/C_/Program_Files/Raspberry_Pi/Pico_SDK_v1.5.1/pico-sdk/lib/tinyusb/src/portable/raspberrypi/rp2040/dcd_rp2040.c.obj
                0x10006f4c                dcd_edpt_stall
 .text.dcd_edpt_clear_stall
                0x10006f84       0x30 CMakeFiles/carrier_receiver_baseband.dir/C_/Program_Files/Raspberry_Pi/Pico_SDK_v1.5.1/pico-sdk/lib/tinyusb/src/portable/raspberrypi/rp2040/dcd_rp2040.c.obj
                0x10006f84                dcd_edpt_clear_stall
 .text.rp2040_usb_init
                0x10006fb4       0x4c CMakeFiles/carrier_receiver_baseband.dir/C_/Program_Files/Raspberry_Pi/Pico_SDK_v1.5.1/pico-sdk/lib/tinyusb/src/portable/raspberrypi/rp2040/rp2040_usb.c.obj
                0x10006fb4                rp2040_usb_init
 .text.hw_endpoint_xfer_start
                0x10007000       0x50 CMakeFiles/carrier_receiver_baseband.dir/C_/Program_Files/Raspberry_Pi/Pico_SDK_v1.5.1/pico-sdk/lib/tinyusb/src/portable/raspberrypi/rp2040/rp2040_usb.c.obj
                0x10007000                hw_endpoint_xfer_start
 .text.tud_mounted
                0x10007050       0x10 CMakeFiles/carrier_receiver_baseband.dir/C_/Program_Files/Raspberry_Pi/Pico_SDK_v1.5.1/pico-sdk/lib/tinyusb/src/device/usbd.c.obj
                0x10007050                tud_mounted
 .text.tud_suspended
                0x10007060       0x10 CMakeFiles/carrier_receiver_baseband.dir/C_/Program_Files/Raspberry_Pi/Pico_SDK_v1.5.1/pico-sdk/lib/tinyusb/src/device/usbd.c.obj
                0x10007060                tud_suspended
 .text.tud_inited
                0x10007070       0x14 CMakeFiles/carrier_receiver_baseband.dir/C_/Program_Files/Raspberry_Pi/Pico_SDK_v1.5.1/pico-sdk/lib/tinyusb/src/device/usbd.c.obj
                0x10007070                tud_inited
 .text.tud_init
                0x10007084       0xe4 CMakeFiles/carrier_receiver_baseband.dir/C_/Program_Files/Raspberry_Pi/Pico_SDK_v1.5.1/pico-sdk/lib/tinyusb/src/device/usbd.c.obj
                0x10007084                tud_init
 .text.tud_task_ext
                0x10007168      0x854 CMakeFiles/carrier_receiver_baseband.dir/C_/Program_Files/Raspberry_Pi/Pico_SDK_v1.5.1/pico-sdk/lib/tinyusb/src/device/usbd.c.obj
                0x10007168                tud_task_ext
 .text.usbd_open_edpt_pair
                0x100079bc       0x9c CMakeFiles/carrier_receiver_baseband.dir/C_/Program_Files/Raspberry_Pi/Pico_SDK_v1.5.1/pico-sdk/lib/tinyusb/src/device/usbd.c.obj
                0x100079bc                usbd_open_edpt_pair
 .text.usbd_defer_func
                0x10007a58       0x48 CMakeFiles/carrier_receiver_baseband.dir/C_/Program_Files/Raspberry_Pi/Pico_SDK_v1.5.1/pico-sdk/lib/tinyusb/src/device/usbd.c.obj
                0x10007a58                usbd_defer_func
 .text.usbd_edpt_open
                0x10007aa0       0x34 CMakeFiles/carrier_receiver_baseband.dir/C_/Program_Files/Raspberry_Pi/Pico_SDK_v1.5.1/pico-sdk/lib/tinyusb/src/device/usbd.c.obj
                0x10007aa0                usbd_edpt_open
 .text.usbd_edpt_claim
                0x10007ad4       0x28 CMakeFiles/carrier_receiver_baseband.dir/C_/Program_Files/Raspberry_Pi/Pico_SDK_v1.5.1/pico-sdk/lib/tinyusb/src/device/usbd.c.obj
                0x10007ad4                usbd_edpt_claim
 .text.usbd_edpt_release
                0x10007afc       0x28 CMakeFiles/carrier_receiver_baseband.dir/C_/Program_Files/Raspberry_Pi/Pico_SDK_v1.5.1/pico-sdk/lib/tinyusb/src/device/usbd.c.obj
                0x10007afc                usbd_edpt_release
 .text.usbd_edpt_xfer
                0x10007b24       0x4c CMakeFiles/carrier_receiver_baseband.dir/C_/Program_Files/Raspberry_Pi/Pico_SDK_v1.5.1/pico-sdk/lib/tinyusb/src/device/usbd.c.obj
                0x10007b24                usbd_edpt_xfer
 .text.tud_control_status
                0x10007b70       0x30 CMakeFiles/carrier_receiver_baseband.dir/C_/Program_Files/Raspberry_Pi/Pico_SDK_v1.5.1/pico-sdk/lib/tinyusb/src/device/usbd_control.c.obj
                0x10007b70                tud_control_status
 .text.tud_control_xfer
                0x10007ba0       0xbc CMakeFiles/carrier_receiver_baseband.dir/C_/Program_Files/Raspberry_Pi/Pico_SDK_v1.5.1/pico-sdk/lib/tinyusb/src/device/usbd_control.c.obj
                0x10007ba0                tud_control_xfer
 .text.usbd_control_reset
                0x10007c5c       0x14 CMakeFiles/carrier_receiver_baseband.dir/C_/Program_Files/Raspberry_Pi/Pico_SDK_v1.5.1/pico-sdk/lib/tinyusb/src/device/usbd_control.c.obj
                0x10007c5c                usbd_control_reset
 .text.usbd_control_set_complete_callback
                0x10007c70        0xc CMakeFiles/carrier_receiver_baseband.dir/C_/Program_Files/Raspberry_Pi/Pico_SDK_v1.5.1/pico-sdk/lib/tinyusb/src/device/usbd_control.c.obj
                0x10007c70                usbd_control_set_complete_callback
 .text.usbd_control_set_request
                0x10007c7c       0x1c CMakeFiles/carrier_receiver_baseband.dir/C_/Program_Files/Raspberry_Pi/Pico_SDK_v1.5.1/pico-sdk/lib/tinyusb/src/device/usbd_control.c.obj
                0x10007c7c                usbd_control_set_request
 .text.usbd_control_xfer_cb
                0x10007c98       0xfc CMakeFiles/carrier_receiver_baseband.dir/C_/Program_Files/Raspberry_Pi/Pico_SDK_v1.5.1/pico-sdk/lib/tinyusb/src/device/usbd_control.c.obj
                0x10007c98                usbd_control_xfer_cb
 .text.tud_cdc_n_connected
                0x10007d94       0x30 CMakeFiles/carrier_receiver_baseband.dir/C_/Program_Files/Raspberry_Pi/Pico_SDK_v1.5.1/pico-sdk/lib/tinyusb/src/class/cdc/cdc_device.c.obj
                0x10007d94                tud_cdc_n_connected
 .text.tud_cdc_n_available
                0x10007dc4       0x18 CMakeFiles/carrier_receiver_baseband.dir/C_/Program_Files/Raspberry_Pi/Pico_SDK_v1.5.1/pico-sdk/lib/tinyusb/src/class/cdc/cdc_device.c.obj
                0x10007dc4                tud_cdc_n_available
 .text.tud_cdc_n_read
                0x10007ddc       0x70 CMakeFiles/carrier_receiver_baseband.dir/C_/Program_Files/Raspberry_Pi/Pico_SDK_v1.5.1/pico-sdk/lib/tinyusb/src/class/cdc/cdc_device.c.obj
                0x10007ddc                tud_cdc_n_read
 .text.tud_cdc_n_write_flush
                0x10007e4c       0x78 CMakeFiles/carrier_receiver_baseband.dir/C_/Program_Files/Raspberry_Pi/Pico_SDK_v1.5.1/pico-sdk/lib/tinyusb/src/class/cdc/cdc_device.c.obj
                0x10007e4c                tud_cdc_n_write_flush
 .text.tud_cdc_n_write
                0x10007ec4       0x34 CMakeFiles/carrier_receiver_baseband.dir/C_/Program_Files/Raspberry_Pi/Pico_SDK_v1.5.1/pico-sdk/lib/tinyusb/src/class/cdc/cdc_device.c.obj
                0x10007ec4                tud_cdc_n_write
 .text.tud_cdc_n_write_available
                0x10007ef8       0x18 CMakeFiles/carrier_receiver_baseband.dir/C_/Program_Files/Raspberry_Pi/Pico_SDK_v1.5.1/pico-sdk/lib/tinyusb/src/class/cdc/cdc_device.c.obj
                0x10007ef8                tud_cdc_n_write_available
 .text.cdcd_init
                0x10007f10       0x7c CMakeFiles/carrier_receiver_baseband.dir/C_/Program_Files/Raspberry_Pi/Pico_SDK_v1.5.1/pico-sdk/lib/tinyusb/src/class/cdc/cdc_device.c.obj
                0x10007f10                cdcd_init
 .text.cdcd_reset
                0x10007f8c       0x2c CMakeFiles/carrier_receiver_baseband.dir/C_/Program_Files/Raspberry_Pi/Pico_SDK_v1.5.1/pico-sdk/lib/tinyusb/src/class/cdc/cdc_device.c.obj
                0x10007f8c                cdcd_reset
 .text.cdcd_open
                0x10007fb8       0xe8 CMakeFiles/carrier_receiver_baseband.dir/C_/Program_Files/Raspberry_Pi/Pico_SDK_v1.5.1/pico-sdk/lib/tinyusb/src/class/cdc/cdc_device.c.obj
                0x10007fb8                cdcd_open
 .text.cdcd_control_xfer_cb
                0x100080a0       0xe4 CMakeFiles/carrier_receiver_baseband.dir/C_/Program_Files/Raspberry_Pi/Pico_SDK_v1.5.1/pico-sdk/lib/tinyusb/src/class/cdc/cdc_device.c.obj
                0x100080a0                cdcd_control_xfer_cb
 .text.cdcd_xfer_cb
                0x10008184      0x148 CMakeFiles/carrier_receiver_baseband.dir/C_/Program_Files/Raspberry_Pi/Pico_SDK_v1.5.1/pico-sdk/lib/tinyusb/src/class/cdc/cdc_device.c.obj
                0x10008184                cdcd_xfer_cb
 .text.tusb_init
                0x100082cc        0xc CMakeFiles/carrier_receiver_baseband.dir/C_/Program_Files/Raspberry_Pi/Pico_SDK_v1.5.1/pico-sdk/lib/tinyusb/src/tusb.c.obj
                0x100082cc                tusb_init
 .text.tusb_inited
                0x100082d8        0x8 CMakeFiles/carrier_receiver_baseband.dir/C_/Program_Files/Raspberry_Pi/Pico_SDK_v1.5.1/pico-sdk/lib/tinyusb/src/tusb.c.obj
                0x100082d8                tusb_inited
 .text.tu_edpt_claim
                0x100082e0       0x50 CMakeFiles/carrier_receiver_baseband.dir/C_/Program_Files/Raspberry_Pi/Pico_SDK_v1.5.1/pico-sdk/lib/tinyusb/src/tusb.c.obj
                0x100082e0                tu_edpt_claim
 .text.tu_edpt_release
                0x10008330       0x38 CMakeFiles/carrier_receiver_baseband.dir/C_/Program_Files/Raspberry_Pi/Pico_SDK_v1.5.1/pico-sdk/lib/tinyusb/src/tusb.c.obj
                0x10008330                tu_edpt_release
 .text.tu_edpt_validate
                0x10008368       0x78 CMakeFiles/carrier_receiver_baseband.dir/C_/Program_Files/Raspberry_Pi/Pico_SDK_v1.5.1/pico-sdk/lib/tinyusb/src/tusb.c.obj
                0x10008368                tu_edpt_validate
 .text.tu_edpt_bind_driver
                0x100083e0       0x34 CMakeFiles/carrier_receiver_baseband.dir/C_/Program_Files/Raspberry_Pi/Pico_SDK_v1.5.1/pico-sdk/lib/tinyusb/src/tusb.c.obj
                0x100083e0                tu_edpt_bind_driver
 .text.tu_fifo_config
                0x10008414       0x70 CMakeFiles/carrier_receiver_baseband.dir/C_/Program_Files/Raspberry_Pi/Pico_SDK_v1.5.1/pico-sdk/lib/tinyusb/src/common/tusb_fifo.c.obj
                0x10008414                tu_fifo_config
 .text.tu_fifo_count
                0x10008484       0x2c CMakeFiles/carrier_receiver_baseband.dir/C_/Program_Files/Raspberry_Pi/Pico_SDK_v1.5.1/pico-sdk/lib/tinyusb/src/common/tusb_fifo.c.obj
                0x10008484                tu_fifo_count
 .text.tu_fifo_empty
                0x100084b0       0x10 CMakeFiles/carrier_receiver_baseband.dir/C_/Program_Files/Raspberry_Pi/Pico_SDK_v1.5.1/pico-sdk/lib/tinyusb/src/common/tusb_fifo.c.obj
                0x100084b0                tu_fifo_empty
 .text.tu_fifo_remaining
                0x100084c0       0x2c CMakeFiles/carrier_receiver_baseband.dir/C_/Program_Files/Raspberry_Pi/Pico_SDK_v1.5.1/pico-sdk/lib/tinyusb/src/common/tusb_fifo.c.obj
                0x100084c0                tu_fifo_remaining
 .text.tu_fifo_read
                0x100084ec       0xa0 CMakeFiles/carrier_receiver_baseband.dir/C_/Program_Files/Raspberry_Pi/Pico_SDK_v1.5.1/pico-sdk/lib/tinyusb/src/common/tusb_fifo.c.obj
                0x100084ec                tu_fifo_read
 .text.tu_fifo_read_n
                0x1000858c       0xec CMakeFiles/carrier_receiver_baseband.dir/C_/Program_Files/Raspberry_Pi/Pico_SDK_v1.5.1/pico-sdk/lib/tinyusb/src/common/tusb_fifo.c.obj
                0x1000858c                tu_fifo_read_n
 .text.tu_fifo_write
                0x10008678       0x88 CMakeFiles/carrier_receiver_baseband.dir/C_/Program_Files/Raspberry_Pi/Pico_SDK_v1.5.1/pico-sdk/lib/tinyusb/src/common/tusb_fifo.c.obj
                0x10008678                tu_fifo_write
 .text.tu_fifo_write_n
                0x10008700      0x168 CMakeFiles/carrier_receiver_baseband.dir/C_/Program_Files/Raspberry_Pi/Pico_SDK_v1.5.1/pico-sdk/lib/tinyusb/src/common/tusb_fifo.c.obj
                0x10008700                tu_fifo_write_n
 .text.tu_fifo_clear
                0x10008868       0x40 CMakeFiles/carrier_receiver_baseband.dir/C_/Program_Files/Raspberry_Pi/Pico_SDK_v1.5.1/pico-sdk/lib/tinyusb/src/common/tusb_fifo.c.obj
                0x10008868                tu_fifo_clear
 .text.tu_fifo_set_overwritable
                0x100088a8       0x48 CMakeFiles/carrier_receiver_baseband.dir/C_/Program_Files/Raspberry_Pi/Pico_SDK_v1.5.1/pico-sdk/lib/tinyusb/src/common/tusb_fifo.c.obj
                0x100088a8                tu_fifo_set_overwritable
 .text.pio_add_program_at_offset
                0x100088f0       0xb4 CMakeFiles/carrier_receiver_baseband.dir/C_/Program_Files/Raspberry_Pi/Pico_SDK_v1.5.1/pico-sdk/src/rp2_common/hardware_pio/pio.c.obj
                0x100088f0                pio_add_program_at_offset
 .text.pio_clear_instruction_memory
                0x100089a4       0x38 CMakeFiles/carrier_receiver_baseband.dir/C_/Program_Files/Raspberry_Pi/Pico_SDK_v1.5.1/pico-sdk/src/rp2_common/hardware_pio/pio.c.obj
                0x100089a4                pio_clear_instruction_memory
 .text.pio_sm_set_consecutive_pindirs
                0x100089dc       0xb0 CMakeFiles/carrier_receiver_baseband.dir/C_/Program_Files/Raspberry_Pi/Pico_SDK_v1.5.1/pico-sdk/src/rp2_common/hardware_pio/pio.c.obj
                0x100089dc                pio_sm_set_consecutive_pindirs
 .text.pio_sm_init
                0x10008a8c       0x8c CMakeFiles/carrier_receiver_baseband.dir/C_/Program_Files/Raspberry_Pi/Pico_SDK_v1.5.1/pico-sdk/src/rp2_common/hardware_pio/pio.c.obj
                0x10008a8c                pio_sm_init
 .text.spi_init
                0x10008b18      0x138 CMakeFiles/carrier_receiver_baseband.dir/C_/Program_Files/Raspberry_Pi/Pico_SDK_v1.5.1/pico-sdk/src/rp2_common/hardware_spi/spi.c.obj
                0x10008b18                spi_init
 .text.calloc   0x10008c50       0x18 c:/progra~1/raspbe~2/picosd~1.1/gcc-ar~1/bin/../lib/gcc/arm-none-eabi/10.3.1/../../../../arm-none-eabi/lib/thumb/v6-m/nofp\libc.a(lib_a-calloc.o)
                0x10008c50                calloc
 .text._calloc_r
                0x10008c68       0x9c c:/progra~1/raspbe~2/picosd~1.1/gcc-ar~1/bin/../lib/gcc/arm-none-eabi/10.3.1/../../../../arm-none-eabi/lib/thumb/v6-m/nofp\libc.a(lib_a-callocr.o)
                0x10008c68                _calloc_r
 .text.__errno  0x10008d04        0xc c:/progra~1/raspbe~2/picosd~1.1/gcc-ar~1/bin/../lib/gcc/arm-none-eabi/10.3.1/../../../../arm-none-eabi/lib/thumb/v6-m/nofp\libc.a(lib_a-errno.o)
                0x10008d04                __errno
 .text._malloc_r
                0x10008d10      0x584 c:/progra~1/raspbe~2/picosd~1.1/gcc-ar~1/bin/../lib/gcc/arm-none-eabi/10.3.1/../../../../arm-none-eabi/lib/thumb/v6-m/nofp\libc.a(lib_a-mallocr.o)
                0x10008d10                _malloc_r
 .text.__malloc_lock
                0x10009294       0x10 c:/progra~1/raspbe~2/picosd~1.1/gcc-ar~1/bin/../lib/gcc/arm-none-eabi/10.3.1/../../../../arm-none-eabi/lib/thumb/v6-m/nofp\libc.a(lib_a-mlock.o)
                0x10009294                __malloc_lock
 .text.__malloc_unlock
                0x100092a4       0x10 c:/progra~1/raspbe~2/picosd~1.1/gcc-ar~1/bin/../lib/gcc/arm-none-eabi/10.3.1/../../../../arm-none-eabi/lib/thumb/v6-m/nofp\libc.a(lib_a-mlock.o)
                0x100092a4                __malloc_unlock
 .text._sbrk_r  0x100092b4       0x24 c:/progra~1/raspbe~2/picosd~1.1/gcc-ar~1/bin/../lib/gcc/arm-none-eabi/10.3.1/../../../../arm-none-eabi/lib/thumb/v6-m/nofp\libc.a(lib_a-sbrkr.o)
                0x100092b4                _sbrk_r
 .text.strlen   0x100092d8       0x5c c:/progra~1/raspbe~2/picosd~1.1/gcc-ar~1/bin/../lib/gcc/arm-none-eabi/10.3.1/../../../../arm-none-eabi/lib/thumb/v6-m/nofp\libc.a(lib_a-strlen-stub.o)
                0x100092d8                strlen
 .text._malloc_trim_r
                0x10009334       0x9c c:/progra~1/raspbe~2/picosd~1.1/gcc-ar~1/bin/../lib/gcc/arm-none-eabi/10.3.1/../../../../arm-none-eabi/lib/thumb/v6-m/nofp\libc.a(lib_a-freer.o)
                0x10009334                _malloc_trim_r
 .text._free_r  0x100093d0      0x1c4 c:/progra~1/raspbe~2/picosd~1.1/gcc-ar~1/bin/../lib/gcc/arm-none-eabi/10.3.1/../../../../arm-none-eabi/lib/thumb/v6-m/nofp\libc.a(lib_a-freer.o)
                0x100093d0                _free_r
 .text.__retarget_lock_acquire_recursive
                0x10009594        0x4 c:/progra~1/raspbe~2/picosd~1.1/gcc-ar~1/bin/../lib/gcc/arm-none-eabi/10.3.1/../../../../arm-none-eabi/lib/thumb/v6-m/nofp\libc.a(lib_a-lock.o)
                0x10009594                __retarget_lock_acquire_recursive
 .text.__retarget_lock_release_recursive
                0x10009598        0x4 c:/progra~1/raspbe~2/picosd~1.1/gcc-ar~1/bin/../lib/gcc/arm-none-eabi/10.3.1/../../../../arm-none-eabi/lib/thumb/v6-m/nofp\libc.a(lib_a-lock.o)
                0x10009598                __retarget_lock_release_recursive
 *(.fini)
 .fini          0x1000959c        0x4 c:/progra~1/raspbe~2/picosd~1.1/gcc-ar~1/bin/../lib/gcc/arm-none-eabi/10.3.1/thumb/v6-m/nofp/crti.o
                0x1000959c                _fini
 .fini.__stub   0x100095a0       0xf0 linker stubs
 *crtbegin.o(.ctors)
 *crtbegin?.o(.ctors)
 *(EXCLUDE_FILE(*crtend.o *crtend?.o) .ctors)
 *(SORT_BY_NAME(.ctors.*))
 *(.ctors)
 *crtbegin.o(.dtors)
 *crtbegin?.o(.dtors)
 *(EXCLUDE_FILE(*crtend.o *crtend?.o) .dtors)
 *(SORT_BY_NAME(.dtors.*))
 *(.dtors)
 *(.eh_frame*)
 .eh_frame      0x10009690        0x0 c:/progra~1/raspbe~2/picosd~1.1/gcc-ar~1/bin/../lib/gcc/arm-none-eabi/10.3.1/thumb/v6-m/nofp/crtbegin.o
                0x10009690                . = ALIGN (0x4)

.glue_7         0x10009690        0x0
 .glue_7        0x10009690        0x0 linker stubs

.glue_7t        0x10009690        0x0
 .glue_7t       0x10009690        0x0 linker stubs

.vfp11_veneer   0x10009690        0x0
 .vfp11_veneer  0x10009690        0x0 linker stubs

.v4_bx          0x10009690        0x0
 .v4_bx         0x10009690        0x0 linker stubs

.iplt           0x10009690        0x0
 .iplt          0x10009690        0x0 c:/progra~1/raspbe~2/picosd~1.1/gcc-ar~1/bin/../lib/gcc/arm-none-eabi/10.3.1/thumb/v6-m/nofp/crtbegin.o

.rodata         0x10009690      0xbd4
 *(EXCLUDE_FILE(*libm.a: *libc.a:*lib_a-mem*.o *libgcc.a:) .rodata*)
 .rodata.main.str1.4
                0x10009690      0x273 CMakeFiles/carrier_receiver_baseband.dir/main.c.obj
 *fill*         0x10009903        0x1 
 .rodata.str1.4
                0x10009904       0x1f CMakeFiles/carrier_receiver_baseband.dir/main.c.obj
 *fill*         0x10009923        0x1 
 .rodata.__bi_103.2
                0x10009924        0xc CMakeFiles/carrier_receiver_baseband.dir/main.c.obj
 .rodata.__bi_91.0
                0x10009930        0x8 CMakeFiles/carrier_receiver_baseband.dir/main.c.obj
 .rodata.__bi_97.1
                0x10009938        0xc CMakeFiles/carrier_receiver_baseband.dir/main.c.obj
 .rodata.generate_data.str1.4
                0x10009944       0x39 CMakeFiles/carrier_receiver_baseband.dir/E_/Wireless_github_repo/wcnes-project2026/project_pico_libs/packet_generation.c.obj
 *fill*         0x1000997d        0x3 
 .rodata.generatePIOprogram.str1.4
                0x10009980      0x11d CMakeFiles/carrier_receiver_baseband.dir/E_/Wireless_github_repo/wcnes-project2026/project_pico_libs/backscatter.c.obj
 *fill*         0x10009a9d        0x3 
 .rodata.backscatter_program_init.str1.4
                0x10009aa0      0x270 CMakeFiles/carrier_receiver_baseband.dir/E_/Wireless_github_repo/wcnes-project2026/project_pico_libs/backscatter.c.obj
 .rodata.spin_lock_claim_unused.str1.4
                0x10009d10       0x1b CMakeFiles/carrier_receiver_baseband.dir/C_/Program_Files/Raspberry_Pi/Pico_SDK_v1.5.1/pico-sdk/src/rp2_common/hardware_sync/sync.c.obj
 *fill*         0x10009d2b        0x1 
 .rodata.user_irq_claim_unused.str1.4
                0x10009d2c       0x1b CMakeFiles/carrier_receiver_baseband.dir/C_/Program_Files/Raspberry_Pi/Pico_SDK_v1.5.1/pico-sdk/src/rp2_common/hardware_irq/irq.c.obj
 *fill*         0x10009d47        0x1 
 .rodata.hardware_alarm_claim.str1.4
                0x10009d48       0x22 CMakeFiles/carrier_receiver_baseband.dir/C_/Program_Files/Raspberry_Pi/Pico_SDK_v1.5.1/pico-sdk/src/rp2_common/hardware_timer/timer.c.obj
 *fill*         0x10009d6a        0x2 
 .rodata.panic.str1.4
                0x10009d6c       0x12 CMakeFiles/carrier_receiver_baseband.dir/C_/Program_Files/Raspberry_Pi/Pico_SDK_v1.5.1/pico-sdk/src/rp2_common/pico_runtime/runtime.c.obj
 *fill*         0x10009d7e        0x2 
 .rodata.hard_assertion_failure.str1.4
                0x10009d80        0xc CMakeFiles/carrier_receiver_baseband.dir/C_/Program_Files/Raspberry_Pi/Pico_SDK_v1.5.1/pico-sdk/src/rp2_common/pico_runtime/runtime.c.obj
 .rodata._ftoa.str1.4
                0x10009d8c       0x15 CMakeFiles/carrier_receiver_baseband.dir/C_/Program_Files/Raspberry_Pi/Pico_SDK_v1.5.1/pico-sdk/src/rp2_common/pico_printf/printf.c.obj
 *fill*         0x10009da1        0x3 
 .rodata._vsnprintf
                0x10009da4      0x1e0 CMakeFiles/carrier_receiver_baseband.dir/C_/Program_Files/Raspberry_Pi/Pico_SDK_v1.5.1/pico-sdk/src/rp2_common/pico_printf/printf.c.obj
 *fill*         0x10009f84        0x4 
 .rodata.pow10.0
                0x10009f88       0x50 CMakeFiles/carrier_receiver_baseband.dir/C_/Program_Files/Raspberry_Pi/Pico_SDK_v1.5.1/pico-sdk/src/rp2_common/pico_printf/printf.c.obj
 .rodata.__wrap_malloc.str1.4
                0x10009fd8        0xe CMakeFiles/carrier_receiver_baseband.dir/C_/Program_Files/Raspberry_Pi/Pico_SDK_v1.5.1/pico-sdk/src/rp2_common/pico_malloc/pico_malloc.c.obj
 *fill*         0x10009fe6        0x2 
 .rodata.str1.4
                0x10009fe8       0x50 CMakeFiles/carrier_receiver_baseband.dir/C_/Program_Files/Raspberry_Pi/Pico_SDK_v1.5.1/pico-sdk/src/rp2_common/pico_standard_link/binary_info.c.obj
 .rodata.__bi_44
                0x1000a038        0xc CMakeFiles/carrier_receiver_baseband.dir/C_/Program_Files/Raspberry_Pi/Pico_SDK_v1.5.1/pico-sdk/src/rp2_common/pico_standard_link/binary_info.c.obj
 .rodata.__bi_75
                0x1000a044        0xc CMakeFiles/carrier_receiver_baseband.dir/C_/Program_Files/Raspberry_Pi/Pico_SDK_v1.5.1/pico-sdk/src/rp2_common/pico_standard_link/binary_info.c.obj
 .rodata.__bi_81
                0x1000a050        0xc CMakeFiles/carrier_receiver_baseband.dir/C_/Program_Files/Raspberry_Pi/Pico_SDK_v1.5.1/pico-sdk/src/rp2_common/pico_standard_link/binary_info.c.obj
 .rodata.crlf_str.0
                0x1000a05c        0x2 CMakeFiles/carrier_receiver_baseband.dir/C_/Program_Files/Raspberry_Pi/Pico_SDK_v1.5.1/pico-sdk/src/rp2_common/pico_stdio/stdio.c.obj
 *fill*         0x1000a05e        0x2 
 .rodata._resetd_driver
                0x1000a060       0x18 CMakeFiles/carrier_receiver_baseband.dir/C_/Program_Files/Raspberry_Pi/Pico_SDK_v1.5.1/pico-sdk/src/rp2_common/pico_stdio_usb/reset_interface.c.obj
 .rodata.str1.4
                0x1000a078       0x13 CMakeFiles/carrier_receiver_baseband.dir/C_/Program_Files/Raspberry_Pi/Pico_SDK_v1.5.1/pico-sdk/src/rp2_common/pico_stdio_usb/stdio_usb.c.obj
 *fill*         0x1000a08b        0x1 
 .rodata.__bi_182.0
                0x1000a08c        0xc CMakeFiles/carrier_receiver_baseband.dir/C_/Program_Files/Raspberry_Pi/Pico_SDK_v1.5.1/pico-sdk/src/rp2_common/pico_stdio_usb/stdio_usb.c.obj
 .rodata.str1.4
                0x1000a098       0x2a CMakeFiles/carrier_receiver_baseband.dir/C_/Program_Files/Raspberry_Pi/Pico_SDK_v1.5.1/pico-sdk/src/rp2_common/pico_stdio_usb/stdio_usb_descriptors.c.obj
 *fill*         0x1000a0c2        0x2 
 .rodata.usbd_desc_cfg
                0x1000a0c4       0x54 CMakeFiles/carrier_receiver_baseband.dir/C_/Program_Files/Raspberry_Pi/Pico_SDK_v1.5.1/pico-sdk/src/rp2_common/pico_stdio_usb/stdio_usb_descriptors.c.obj
 .rodata.usbd_desc_device
                0x1000a118       0x12 CMakeFiles/carrier_receiver_baseband.dir/C_/Program_Files/Raspberry_Pi/Pico_SDK_v1.5.1/pico-sdk/src/rp2_common/pico_stdio_usb/stdio_usb_descriptors.c.obj
 *fill*         0x1000a12a        0x2 
 .rodata.usbd_desc_str
                0x1000a12c       0x18 CMakeFiles/carrier_receiver_baseband.dir/C_/Program_Files/Raspberry_Pi/Pico_SDK_v1.5.1/pico-sdk/src/rp2_common/pico_stdio_usb/stdio_usb_descriptors.c.obj
 .rodata.str1.4
                0x1000a144       0x14 CMakeFiles/carrier_receiver_baseband.dir/C_/Program_Files/Raspberry_Pi/Pico_SDK_v1.5.1/pico-sdk/lib/tinyusb/src/portable/raspberrypi/rp2040/dcd_rp2040.c.obj
 .rodata.str1.4
                0x1000a158       0x53 CMakeFiles/carrier_receiver_baseband.dir/C_/Program_Files/Raspberry_Pi/Pico_SDK_v1.5.1/pico-sdk/lib/tinyusb/src/portable/raspberrypi/rp2040/rp2040_usb.c.obj
 *fill*         0x1000a1ab        0x1 
 .rodata.tud_task_ext
                0x1000a1ac       0x8c CMakeFiles/carrier_receiver_baseband.dir/C_/Program_Files/Raspberry_Pi/Pico_SDK_v1.5.1/pico-sdk/lib/tinyusb/src/device/usbd.c.obj
 .rodata._usbd_driver
                0x1000a238       0x18 CMakeFiles/carrier_receiver_baseband.dir/C_/Program_Files/Raspberry_Pi/Pico_SDK_v1.5.1/pico-sdk/lib/tinyusb/src/device/usbd.c.obj
 .rodata.pio_add_program.str1.4
                0x1000a250       0x11 CMakeFiles/carrier_receiver_baseband.dir/C_/Program_Files/Raspberry_Pi/Pico_SDK_v1.5.1/pico-sdk/src/rp2_common/hardware_pio/pio.c.obj
                0x1000a264                . = ALIGN (0x4)
 *fill*         0x1000a261        0x3 
 *(SORT_BY_ALIGNMENT(SORT_BY_NAME(.flashdata*)))
                0x1000a264                . = ALIGN (0x4)

.ARM.extab
 *(.ARM.extab* .gnu.linkonce.armextab.*)
                0x1000a264                __exidx_start = .

.ARM.exidx
 *(.ARM.exidx* .gnu.linkonce.armexidx.*)
                0x1000a264                __exidx_end = .
                0x1000a264                . = ALIGN (0x4)
                0x1000a264                __binary_info_start = .

.binary_info    0x1000a264       0x2c
 *(.binary_info.keep.*)
 .binary_info.keep.__bi_ptr103
                0x1000a264        0x4 CMakeFiles/carrier_receiver_baseband.dir/main.c.obj
 .binary_info.keep.__bi_ptr91
                0x1000a268        0x4 CMakeFiles/carrier_receiver_baseband.dir/main.c.obj
 .binary_info.keep.__bi_ptr97
                0x1000a26c        0x4 CMakeFiles/carrier_receiver_baseband.dir/main.c.obj
 .binary_info.keep.__bi_ptr22
                0x1000a270        0x4 CMakeFiles/carrier_receiver_baseband.dir/C_/Program_Files/Raspberry_Pi/Pico_SDK_v1.5.1/pico-sdk/src/rp2_common/pico_standard_link/binary_info.c.obj
 .binary_info.keep.__bi_ptr30
                0x1000a274        0x4 CMakeFiles/carrier_receiver_baseband.dir/C_/Program_Files/Raspberry_Pi/Pico_SDK_v1.5.1/pico-sdk/src/rp2_common/pico_standard_link/binary_info.c.obj
 .binary_info.keep.__bi_ptr38
                0x1000a278        0x4 CMakeFiles/carrier_receiver_baseband.dir/C_/Program_Files/Raspberry_Pi/Pico_SDK_v1.5.1/pico-sdk/src/rp2_common/pico_standard_link/binary_info.c.obj
 .binary_info.keep.__bi_ptr44
                0x1000a27c        0x4 CMakeFiles/carrier_receiver_baseband.dir/C_/Program_Files/Raspberry_Pi/Pico_SDK_v1.5.1/pico-sdk/src/rp2_common/pico_standard_link/binary_info.c.obj
 .binary_info.keep.__bi_ptr50
                0x1000a280        0x4 CMakeFiles/carrier_receiver_baseband.dir/C_/Program_Files/Raspberry_Pi/Pico_SDK_v1.5.1/pico-sdk/src/rp2_common/pico_standard_link/binary_info.c.obj
 .binary_info.keep.__bi_ptr75
                0x1000a284        0x4 CMakeFiles/carrier_receiver_baseband.dir/C_/Program_Files/Raspberry_Pi/Pico_SDK_v1.5.1/pico-sdk/src/rp2_common/pico_standard_link/binary_info.c.obj
 .binary_info.keep.__bi_ptr81
                0x1000a288        0x4 CMakeFiles/carrier_receiver_baseband.dir/C_/Program_Files/Raspberry_Pi/Pico_SDK_v1.5.1/pico-sdk/src/rp2_common/pico_standard_link/binary_info.c.obj
 *(.binary_info.*)
 .binary_info.__bi_ptr182
                0x1000a28c        0x4 CMakeFiles/carrier_receiver_baseband.dir/C_/Program_Files/Raspberry_Pi/Pico_SDK_v1.5.1/pico-sdk/src/rp2_common/pico_stdio_usb/stdio_usb.c.obj
                0x1000a290                __binary_info_end = .

.rel.dyn        0x1000a290        0x0
 .rel.iplt      0x1000a290        0x0 c:/progra~1/raspbe~2/picosd~1.1/gcc-ar~1/bin/../lib/gcc/arm-none-eabi/10.3.1/thumb/v6-m/nofp/crtbegin.o
                0x1000a290                . = ALIGN (0x4)

.ram_vector_table
                0x20000000       0xc0
 *(.ram_vector_table)
 .ram_vector_table
                0x20000000       0xc0 CMakeFiles/carrier_receiver_baseband.dir/C_/Program_Files/Raspberry_Pi/Pico_SDK_v1.5.1/pico-sdk/src/rp2_common/pico_runtime/runtime.c.obj
                0x20000000                ram_vector_table

.data           0x200000c0     0x1790 load address 0x1000a290
                0x200000c0                __data_start__ = .
 *(vtable)
 *(.time_critical*)
 .time_critical.mutex_try_enter
                0x200000c0       0x44 CMakeFiles/carrier_receiver_baseband.dir/C_/Program_Files/Raspberry_Pi/Pico_SDK_v1.5.1/pico-sdk/src/common/pico_sync/mutex.c.obj
                0x200000c0                mutex_try_enter
 .time_critical.mutex_try_enter_block_until
                0x20000104       0x9c CMakeFiles/carrier_receiver_baseband.dir/C_/Program_Files/Raspberry_Pi/Pico_SDK_v1.5.1/pico-sdk/src/common/pico_sync/mutex.c.obj
                0x20000104                mutex_try_enter_block_until
 .time_critical.mutex_enter_timeout_ms
                0x200001a0       0x90 CMakeFiles/carrier_receiver_baseband.dir/C_/Program_Files/Raspberry_Pi/Pico_SDK_v1.5.1/pico-sdk/src/common/pico_sync/mutex.c.obj
                0x200001a0                mutex_enter_timeout_ms
 .time_critical.mutex_exit
                0x20000230       0x28 CMakeFiles/carrier_receiver_baseband.dir/C_/Program_Files/Raspberry_Pi/Pico_SDK_v1.5.1/pico-sdk/src/common/pico_sync/mutex.c.obj
                0x20000230                mutex_exit
 .time_critical.flash_init_boot2_copyout
                0x20000258       0x30 CMakeFiles/carrier_receiver_baseband.dir/C_/Program_Files/Raspberry_Pi/Pico_SDK_v1.5.1/pico-sdk/src/rp2_common/hardware_flash/flash.c.obj
 .time_critical.flash_enable_xip_via_boot2
                0x20000288       0x10 CMakeFiles/carrier_receiver_baseband.dir/C_/Program_Files/Raspberry_Pi/Pico_SDK_v1.5.1/pico-sdk/src/rp2_common/hardware_flash/flash.c.obj
 .time_critical.flash_cs_force
                0x20000298       0x38 CMakeFiles/carrier_receiver_baseband.dir/C_/Program_Files/Raspberry_Pi/Pico_SDK_v1.5.1/pico-sdk/src/rp2_common/hardware_flash/flash.c.obj
 .time_critical.flash_do_cmd
                0x200002d0       0xc4 CMakeFiles/carrier_receiver_baseband.dir/C_/Program_Files/Raspberry_Pi/Pico_SDK_v1.5.1/pico-sdk/src/rp2_common/hardware_flash/flash.c.obj
                0x200002d0                flash_do_cmd
 .time_critical.reset_non_control_endpoints
                0x20000394       0xbc CMakeFiles/carrier_receiver_baseband.dir/C_/Program_Files/Raspberry_Pi/Pico_SDK_v1.5.1/pico-sdk/lib/tinyusb/src/portable/raspberrypi/rp2040/dcd_rp2040.c.obj
 .time_critical.hw_handle_buff_status
                0x20000450       0xa8 CMakeFiles/carrier_receiver_baseband.dir/C_/Program_Files/Raspberry_Pi/Pico_SDK_v1.5.1/pico-sdk/lib/tinyusb/src/portable/raspberrypi/rp2040/dcd_rp2040.c.obj
 .time_critical.dcd_rp2040_irq
                0x200004f8      0x4d8 CMakeFiles/carrier_receiver_baseband.dir/C_/Program_Files/Raspberry_Pi/Pico_SDK_v1.5.1/pico-sdk/lib/tinyusb/src/portable/raspberrypi/rp2040/dcd_rp2040.c.obj
 .time_critical.e15_is_bulkin_ep
                0x200009d0       0x28 CMakeFiles/carrier_receiver_baseband.dir/C_/Program_Files/Raspberry_Pi/Pico_SDK_v1.5.1/pico-sdk/lib/tinyusb/src/portable/raspberrypi/rp2040/rp2040_usb.c.obj
 .time_critical.e15_is_critical_frame_period
                0x200009f8       0x34 CMakeFiles/carrier_receiver_baseband.dir/C_/Program_Files/Raspberry_Pi/Pico_SDK_v1.5.1/pico-sdk/lib/tinyusb/src/portable/raspberrypi/rp2040/rp2040_usb.c.obj
 .time_critical.prepare_ep_buffer
                0x20000a2c       0x70 CMakeFiles/carrier_receiver_baseband.dir/C_/Program_Files/Raspberry_Pi/Pico_SDK_v1.5.1/pico-sdk/lib/tinyusb/src/portable/raspberrypi/rp2040/rp2040_usb.c.obj
 .time_critical.sync_ep_buffer
                0x20000a9c       0x4c CMakeFiles/carrier_receiver_baseband.dir/C_/Program_Files/Raspberry_Pi/Pico_SDK_v1.5.1/pico-sdk/lib/tinyusb/src/portable/raspberrypi/rp2040/rp2040_usb.c.obj
 .time_critical._hw_endpoint_xfer_sync
                0x20000ae8       0x28 CMakeFiles/carrier_receiver_baseband.dir/C_/Program_Files/Raspberry_Pi/Pico_SDK_v1.5.1/pico-sdk/lib/tinyusb/src/portable/raspberrypi/rp2040/rp2040_usb.c.obj
 .time_critical.hw_endpoint_reset_transfer
                0x20000b10        0xc CMakeFiles/carrier_receiver_baseband.dir/C_/Program_Files/Raspberry_Pi/Pico_SDK_v1.5.1/pico-sdk/lib/tinyusb/src/portable/raspberrypi/rp2040/rp2040_usb.c.obj
                0x20000b10                hw_endpoint_reset_transfer
 .time_critical._hw_endpoint_buffer_control_update32
                0x20000b1c       0x58 CMakeFiles/carrier_receiver_baseband.dir/C_/Program_Files/Raspberry_Pi/Pico_SDK_v1.5.1/pico-sdk/lib/tinyusb/src/portable/raspberrypi/rp2040/rp2040_usb.c.obj
                0x20000b1c                _hw_endpoint_buffer_control_update32
 .time_critical.hw_endpoint_start_next_buffer
                0x20000b74       0x6c CMakeFiles/carrier_receiver_baseband.dir/C_/Program_Files/Raspberry_Pi/Pico_SDK_v1.5.1/pico-sdk/lib/tinyusb/src/portable/raspberrypi/rp2040/rp2040_usb.c.obj
                0x20000b74                hw_endpoint_start_next_buffer
 .time_critical.hw_endpoint_xfer_continue
                0x20000be0       0x50 CMakeFiles/carrier_receiver_baseband.dir/C_/Program_Files/Raspberry_Pi/Pico_SDK_v1.5.1/pico-sdk/lib/tinyusb/src/portable/raspberrypi/rp2040/rp2040_usb.c.obj
                0x20000be0                hw_endpoint_xfer_continue
 .time_critical.tinyusb
                0x20000c30      0x170 CMakeFiles/carrier_receiver_baseband.dir/C_/Program_Files/Raspberry_Pi/Pico_SDK_v1.5.1/pico-sdk/lib/tinyusb/src/device/usbd.c.obj
                0x20000c30                dcd_event_handler
 .time_critical.spi_write_read_blocking
                0x20000da0       0x74 CMakeFiles/carrier_receiver_baseband.dir/C_/Program_Files/Raspberry_Pi/Pico_SDK_v1.5.1/pico-sdk/src/rp2_common/hardware_spi/spi.c.obj
                0x20000da0                spi_write_read_blocking
 .time_critical.spi_write_blocking
                0x20000e14       0x4c CMakeFiles/carrier_receiver_baseband.dir/C_/Program_Files/Raspberry_Pi/Pico_SDK_v1.5.1/pico-sdk/src/rp2_common/hardware_spi/spi.c.obj
                0x20000e14                spi_write_blocking
 *(.text*)
 .text          0x20000e60        0x4 c:/progra~1/raspbe~2/picosd~1.1/gcc-ar~1/bin/../lib/gcc/arm-none-eabi/10.3.1/thumb/v6-m/nofp\libgcc.a(_dvmd_tls.o)
                0x20000e60                __aeabi_idiv0
                0x20000e60                __aeabi_ldiv0
 *fill*         0x20000e64        0x4 
 .text.__stub   0x20000e68       0x70 linker stubs
                0x20000ed8                . = ALIGN (0x4)
 *(.rodata*)
                0x20000ed8                . = ALIGN (0x4)
 *(.data*)
 .data.packet_hdr_1352
                0x20000ed8        0xa CMakeFiles/carrier_receiver_baseband.dir/E_/Wireless_github_repo/wcnes-project2026/project_pico_libs/packet_generation.c.obj
                0x20000ed8                packet_hdr_1352
 *fill*         0x20000ee2        0x2 
 .data.packet_hdr_2500
                0x20000ee4        0xa CMakeFiles/carrier_receiver_baseband.dir/E_/Wireless_github_repo/wcnes-project2026/project_pico_libs/packet_generation.c.obj
                0x20000ee4                packet_hdr_2500
 *fill*         0x20000eee        0x2 
 .data.seed     0x20000ef0        0x4 CMakeFiles/carrier_receiver_baseband.dir/E_/Wireless_github_repo/wcnes-project2026/project_pico_libs/packet_generation.c.obj
                0x20000ef0                seed
 .data.cc2500_receiver
                0x20000ef4       0x28 CMakeFiles/carrier_receiver_baseband.dir/E_/Wireless_github_repo/wcnes-project2026/project_pico_libs/receiver_CC2500.c.obj
                0x20000ef4                cc2500_receiver
 .data.striped_spin_lock_num
                0x20000f1c        0x1 CMakeFiles/carrier_receiver_baseband.dir/C_/Program_Files/Raspberry_Pi/Pico_SDK_v1.5.1/pico-sdk/src/rp2_common/hardware_sync/sync.c.obj
 *fill*         0x20000f1d        0x3 
 .data          0x20000f20       0x48 CMakeFiles/carrier_receiver_baseband.dir/C_/Program_Files/Raspberry_Pi/Pico_SDK_v1.5.1/pico-sdk/src/rp2_common/hardware_irq/irq_handler_chain.S.obj
                0x20000f20                irq_handler_chain_slots
                0x20000f50                irq_handler_chain_first_slot
                0x20000f5a                irq_handler_chain_remove_tail
 .data.default_alarm_pool
                0x20000f68       0x18 CMakeFiles/carrier_receiver_baseband.dir/C_/Program_Files/Raspberry_Pi/Pico_SDK_v1.5.1/pico-sdk/src/common/pico_time/time.c.obj
 .data.default_alarm_pool_heap
                0x20000f80       0x10 CMakeFiles/carrier_receiver_baseband.dir/C_/Program_Files/Raspberry_Pi/Pico_SDK_v1.5.1/pico-sdk/src/common/pico_time/time.c.obj
 *fill*         0x20000f90        0x0 
 .data.aeabi_bits_funcs
                0x20000f90       0x10 CMakeFiles/carrier_receiver_baseband.dir/C_/Program_Files/Raspberry_Pi/Pico_SDK_v1.5.1/pico-sdk/src/rp2_common/pico_bit_ops/bit_ops_aeabi.S.obj
                0x20000f90                aeabi_bits_funcs
                0x20000fa0                aeabi_bits_funcs_end
 .data.aeabi_mem_funcs
                0x20000fa0       0x10 CMakeFiles/carrier_receiver_baseband.dir/C_/Program_Files/Raspberry_Pi/Pico_SDK_v1.5.1/pico-sdk/src/rp2_common/pico_mem_ops/mem_ops_aeabi.S.obj
                0x20000fa0                aeabi_mem_funcs
                0x20000fb0                aeabi_mem_funcs_end
 .data.stdio_usb
                0x20000fb0       0x18 CMakeFiles/carrier_receiver_baseband.dir/C_/Program_Files/Raspberry_Pi/Pico_SDK_v1.5.1/pico-sdk/src/rp2_common/pico_stdio_usb/stdio_usb.c.obj
                0x20000fb0                stdio_usb
 .data.ep_dir_string
                0x20000fc8        0x8 CMakeFiles/carrier_receiver_baseband.dir/C_/Program_Files/Raspberry_Pi/Pico_SDK_v1.5.1/pico-sdk/lib/tinyusb/src/portable/raspberrypi/rp2040/rp2040_usb.c.obj
                0x20000fc8                ep_dir_string
 .data._usbd_qdef
                0x20000fd0       0x1c CMakeFiles/carrier_receiver_baseband.dir/C_/Program_Files/Raspberry_Pi/Pico_SDK_v1.5.1/pico-sdk/lib/tinyusb/src/device/usbd.c.obj
                0x20000fd0                _usbd_qdef
 .data._usbd_rhport
                0x20000fec        0x1 CMakeFiles/carrier_receiver_baseband.dir/C_/Program_Files/Raspberry_Pi/Pico_SDK_v1.5.1/pico-sdk/lib/tinyusb/src/device/usbd.c.obj
 *fill*         0x20000fed        0x3 
 .data._impure_ptr
                0x20000ff0        0x4 c:/progra~1/raspbe~2/picosd~1.1/gcc-ar~1/bin/../lib/gcc/arm-none-eabi/10.3.1/../../../../arm-none-eabi/lib/thumb/v6-m/nofp\libc.a(lib_a-impure.o)
                0x20000ff0                _impure_ptr
 *fill*         0x20000ff4        0x4 
 .data.impure_data
                0x20000ff8      0x428 c:/progra~1/raspbe~2/picosd~1.1/gcc-ar~1/bin/../lib/gcc/arm-none-eabi/10.3.1/../../../../arm-none-eabi/lib/thumb/v6-m/nofp\libc.a(lib_a-impure.o)
 .data.__malloc_av_
                0x20001420      0x408 c:/progra~1/raspbe~2/picosd~1.1/gcc-ar~1/bin/../lib/gcc/arm-none-eabi/10.3.1/../../../../arm-none-eabi/lib/thumb/v6-m/nofp\libc.a(lib_a-mallocr.o)
                0x20001420                __malloc_av_
 .data.__malloc_sbrk_base
                0x20001828        0x4 c:/progra~1/raspbe~2/picosd~1.1/gcc-ar~1/bin/../lib/gcc/arm-none-eabi/10.3.1/../../../../arm-none-eabi/lib/thumb/v6-m/nofp\libc.a(lib_a-mallocr.o)
                0x20001828                __malloc_sbrk_base
 .data.__malloc_trim_threshold
                0x2000182c        0x4 c:/progra~1/raspbe~2/picosd~1.1/gcc-ar~1/bin/../lib/gcc/arm-none-eabi/10.3.1/../../../../arm-none-eabi/lib/thumb/v6-m/nofp\libc.a(lib_a-mallocr.o)
                0x2000182c                __malloc_trim_threshold
                0x20001830                . = ALIGN (0x4)
 *(.after_data.*)
                0x20001830                . = ALIGN (0x4)
                0x20001830                PROVIDE (__mutex_array_start = .)
 *(SORT_BY_NAME(.mutex_array.*))
 *(.mutex_array)
 .mutex_array   0x20001830        0x8 CMakeFiles/carrier_receiver_baseband.dir/C_/Program_Files/Raspberry_Pi/Pico_SDK_v1.5.1/pico-sdk/src/rp2_common/pico_stdio/stdio.c.obj
                0x20001838                PROVIDE (__mutex_array_end = .)
                0x20001838                . = ALIGN (0x4)
                0x20001838                PROVIDE (__preinit_array_start = .)
 *(SORT_BY_NAME(.preinit_array.*))
 .preinit_array.00001
                0x20001838        0x4 CMakeFiles/carrier_receiver_baseband.dir/C_/Program_Files/Raspberry_Pi/Pico_SDK_v1.5.1/pico-sdk/src/rp2_common/pico_mem_ops/mem_ops_aeabi.S.obj
 .preinit_array.00010
                0x2000183c        0x4 CMakeFiles/carrier_receiver_baseband.dir/C_/Program_Files/Raspberry_Pi/Pico_SDK_v1.5.1/pico-sdk/src/rp2_common/pico_bit_ops/bit_ops_aeabi.S.obj
 .preinit_array.00020
                0x20001840        0x4 CMakeFiles/carrier_receiver_baseband.dir/C_/Program_Files/Raspberry_Pi/Pico_SDK_v1.5.1/pico-sdk/src/rp2_common/pico_double/double_aeabi.S.obj
 .preinit_array.00020
                0x20001844        0x4 CMakeFiles/carrier_receiver_baseband.dir/C_/Program_Files/Raspberry_Pi/Pico_SDK_v1.5.1/pico-sdk/src/rp2_common/pico_float/float_aeabi.S.obj
 *(.preinit_array)
                0x20001848                PROVIDE (__preinit_array_end = .)
                0x20001848                . = ALIGN (0x4)
                0x20001848                PROVIDE (__init_array_start = .)
 *(SORT_BY_NAME(.init_array.*))
 *(.init_array)
 .init_array    0x20001848        0x4 c:/progra~1/raspbe~2/picosd~1.1/gcc-ar~1/bin/../lib/gcc/arm-none-eabi/10.3.1/thumb/v6-m/nofp/crtbegin.o
 .init_array    0x2000184c        0x4 CMakeFiles/carrier_receiver_baseband.dir/C_/Program_Files/Raspberry_Pi/Pico_SDK_v1.5.1/pico-sdk/src/rp2_common/pico_unique_id/unique_id.c.obj
                0x20001850                PROVIDE (__init_array_end = .)