Archive member included to satisfy reference by file (symbol)

/Users/chanuka.dsc/ARM-Toolchain/bin/../lib/gcc/arm-none-eabi/13.3.1/thumb/v6-m/nofp/libgcc.a(_dvmd_tls.o)
                              CMakeFiles/carrier_receiver_baseband.dir/Users/chanuka.dsc/pico-sdk/src/rp2_common/pico_divider/divider_hardware.S.obj (__aeabi_idiv0)
/Users/chanuka.dsc/ARM-Toolchain/bin/../lib/gcc/arm-none-eabi/13.3.1/../../../../arm-none-eabi/lib/thumb/v6-m/nofp/libg.a(libc_a-calloc.o)
                              CMakeFiles/carrier_receiver_baseband.dir/Users/chanuka.dsc/pico-sdk/src/rp2_common/pico_malloc/malloc.c.obj (calloc)
/Users/chanuka.dsc/ARM-Toolchain/bin/../lib/gcc/arm-none-eabi/13.3.1/../../../../arm-none-eabi/lib/thumb/v6-m/nofp/libg.a(libc_a-callocr.o)
                              /Users/chanuka.dsc/ARM-Toolchain/bin/../lib/gcc/arm-none-eabi/13.3.1/../../../../arm-none-eabi/lib/thumb/v6-m/nofp/libg.a(libc_a-calloc.o) (_calloc_r)
/Users/chanuka.dsc/ARM-Toolchain/bin/../lib/gcc/arm-none-eabi/13.3.1/../../../../arm-none-eabi/lib/thumb/v6-m/nofp/libg.a(libc_a-malloc.o)
                              CMakeFiles/carrier_receiver_baseband.dir/Users/chanuka.dsc/pico-sdk/src/rp2_common/pico_malloc/malloc.c.obj (malloc)
/Users/chanuka.dsc/ARM-Toolchain/bin/../lib/gcc/arm-none-eabi/13.3.1/../../../../arm-none-eabi/lib/thumb/v6-m/nofp/libg.a(libc_a-mallocr.o)
                              /Users/chanuka.dsc/ARM-Toolchain/bin/../lib/gcc/arm-none-eabi/13.3.1/../../../../arm-none-eabi/lib/thumb/v6-m/nofp/libg.a(libc_a-callocr.o) (_malloc_r)
/Users/chanuka.dsc/ARM-Toolchain/bin/../lib/gcc/arm-none-eabi/13.3.1/../../../../arm-none-eabi/lib/thumb/v6-m/nofp/libg.a(libc_a-mlock.o)
                              /Users/chanuka.dsc/ARM-Toolchain/bin/../lib/gcc/arm-none-eabi/13.3.1/../../../../arm-none-eabi/lib/thumb/v6-m/nofp/libg.a(libc_a-mallocr.o) (__malloc_lock)
/Users/chanuka.dsc/ARM-Toolchain/bin/../lib/gcc/arm-none-eabi/13.3.1/../../../../arm-none-eabi/lib/thumb/v6-m/nofp/libg.a(libc_a-realloc.o)
                              CMakeFiles/carrier_receiver_baseband.dir/Users/chanuka.dsc/pico-sdk/src/rp2_common/pico_malloc/malloc.c.obj (realloc)
/Users/chanuka.dsc/ARM-Toolchain/bin/../lib/gcc/arm-none-eabi/13.3.1/../../../../arm-none-eabi/lib/thumb/v6-m/nofp/libg.a(libc_a-reallocr.o)
                              /Users/chanuka.dsc/ARM-Toolchain/bin/../lib/gcc/arm-none-eabi/13.3.1/../../../../arm-none-eabi/lib/thumb/v6-m/nofp/libg.a(libc_a-realloc.o) (_realloc_r)
/Users/chanuka.dsc/ARM-Toolchain/bin/../lib/gcc/arm-none-eabi/13.3.1/../../../../arm-none-eabi/lib/thumb/v6-m/nofp/libg.a(libc_a-memcmp.o)
                              CMakeFiles/carrier_receiver_baseband.dir/Users/chanuka.dsc/pico-sdk/src/rp2_common/pico_atomic/atomic.c.obj (memcmp)
/Users/chanuka.dsc/ARM-Toolchain/bin/../lib/gcc/arm-none-eabi/13.3.1/../../../../arm-none-eabi/lib/thumb/v6-m/nofp/libg.a(libc_a-memmove.o)
                              /Users/chanuka.dsc/ARM-Toolchain/bin/../lib/gcc/arm-none-eabi/13.3.1/../../../../arm-none-eabi/lib/thumb/v6-m/nofp/libg.a(libc_a-reallocr.o) (memmove)
/Users/chanuka.dsc/ARM-Toolchain/bin/../lib/gcc/arm-none-eabi/13.3.1/../../../../arm-none-eabi/lib/thumb/v6-m/nofp/libg.a(libc_a-lcltime_r.o)
                              CMakeFiles/carrier_receiver_baseband.dir/Users/chanuka.dsc/pico-sdk/src/common/pico_util/datetime.c.obj (localtime_r)
/Users/chanuka.dsc/ARM-Toolchain/bin/../lib/gcc/arm-none-eabi/13.3.1/../../../../arm-none-eabi/lib/thumb/v6-m/nofp/libg.a(libc_a-mktime.o)
                              CMakeFiles/carrier_receiver_baseband.dir/Users/chanuka.dsc/pico-sdk/src/common/pico_util/datetime.c.obj (mktime)
/Users/chanuka.dsc/ARM-Toolchain/bin/../lib/gcc/arm-none-eabi/13.3.1/../../../../arm-none-eabi/lib/thumb/v6-m/nofp/libg.a(libc_a-month_lengths.o)
                              /Users/chanuka.dsc/ARM-Toolchain/bin/../lib/gcc/arm-none-eabi/13.3.1/../../../../arm-none-eabi/lib/thumb/v6-m/nofp/libg.a(libc_a-lcltime_r.o) (__month_lengths)
/Users/chanuka.dsc/ARM-Toolchain/bin/../lib/gcc/arm-none-eabi/13.3.1/../../../../arm-none-eabi/lib/thumb/v6-m/nofp/libg.a(libc_a-tzcalc_limits.o)
                              /Users/chanuka.dsc/ARM-Toolchain/bin/../lib/gcc/arm-none-eabi/13.3.1/../../../../arm-none-eabi/lib/thumb/v6-m/nofp/libg.a(libc_a-lcltime_r.o) (__tzcalc_limits)
/Users/chanuka.dsc/ARM-Toolchain/bin/../lib/gcc/arm-none-eabi/13.3.1/../../../../arm-none-eabi/lib/thumb/v6-m/nofp/libg.a(libc_a-tzlock.o)
                              /Users/chanuka.dsc/ARM-Toolchain/bin/../lib/gcc/arm-none-eabi/13.3.1/../../../../arm-none-eabi/lib/thumb/v6-m/nofp/libg.a(libc_a-lcltime_r.o) (__tz_lock)
/Users/chanuka.dsc/ARM-Toolchain/bin/../lib/gcc/arm-none-eabi/13.3.1/../../../../arm-none-eabi/lib/thumb/v6-m/nofp/libg.a(libc_a-tzset.o)
                              /Users/chanuka.dsc/ARM-Toolchain/bin/../lib/gcc/arm-none-eabi/13.3.1/../../../../arm-none-eabi/lib/thumb/v6-m/nofp/libg.a(libc_a-lcltime_r.o) (_tzset_unlocked)
[...]
Memory Configuration

Name             Origin             Length             Attributes
FLASH            0x10000000         0x00200000         xr
RAM              0x20000000         0x00040000         xrw
SCRATCH_X        0x20040000         0x00001000         xrw
SCRATCH_Y        0x20041000         0x00001000         xrw
*default*        0x00000000         0xffffffff

Linker script and memory map

LOAD /Users/chanuka.dsc/ARM-Toolchain/bin/../lib/gcc/arm-none-eabi/13.3.1/thumb/v6-m/nofp/crti.o
LOAD /Users/chanuka.dsc/ARM-Toolchain/bin/../lib/gcc/arm-none-eabi/13.3.1/thumb/v6-m/nofp/crtbegin.o
LOAD /Users/chanuka.dsc/ARM-Toolchain/bin/../lib/gcc/arm-none-eabi/13.3.1/../../../../arm-none-eabi/lib/thumb/v6-m/nofp/crt0.o

.flash_begin    0x10000000        0x0
                0x10000000                        __flash_binary_start = .

.boot2          0x10000000      0x100
                0x10000000                        __boot2_start__ = .
 *(.boot2)
 .boot2         0x10000000      0x100 /var/folders/9x/x9z0vlnn1dn57hgnb306tm280000gn/T//ccaJ1xMi.o
                0x10000100                        __boot2_end__ = .
                0x00000001                        ASSERT (((__boot2_end__ - __boot2_start__) == 0x100), ERROR: Pico second stage bootloader must be 256 bytes in size)

.text           0x10000100     0xa7bc
                0x10000100                        __logical_binary_start = .
 *(.vectors)
 .vectors       0x10000100       0xd4 CMakeFiles/carrier_receiver_baseband.dir/Users/chanuka.dsc/pico-sdk/src/rp2_common/pico_crt0/crt0.S.obj
                0x10000100                __VECTOR_TABLE
                0x10000100                __vectors
                0x100001c0                __default_isrs_start
                0x100001c0                isr_invalid
                0x100001c2                isr_nmi
                0x100001c4                isr_hardfault
                0x100001c6                isr_svcall
                0x100001c8                isr_pendsv
                0x100001ca                isr_systick
                0x100001cc                isr_irq28
                0x100001cc                isr_irq19
                0x100001cc                isr_irq0
                0x100001cc                isr_irq6
                0x100001cc                isr_irq22
                0x100001cc                isr_irq17
                0x100001cc                isr_irq14
                0x100001cc                isr_irq2
                0x100001cc                isr_irq10
                0x100001cc                isr_irq8
                0x100001cc                isr_irq24
                0x100001cc                isr_irq1
                0x100001cc                isr_irq7
                0x100001cc                isr_irq21
                0x100001cc                isr_irq20
                0x100001cc                isr_irq15
                0x100001cc                isr_irq25
                0x100001cc                isr_irq4
                0x100001cc                isr_irq16
                0x100001cc                isr_irq29
                0x100001cc                isr_irq26
                0x100001cc                __default_isrs_end
                0x100001cc                isr_irq3
                0x100001cc                isr_irq9
                0x100001cc                __unhandled_user_irq
                0x100001cc                isr_irq13
                0x100001cc                isr_irq27
                0x100001cc                isr_irq31
                0x100001cc                isr_irq5
                0x100001cc                isr_irq11
                0x100001cc                isr_irq23
                0x100001cc                isr_irq18
                0x100001cc                isr_irq30
                0x100001cc                isr_irq12
                0x100001d2                unhandled_user_irq_num_in_r0
 *(.binary_info_header)
 .binary_info_header
                0x100001d4       0x14 CMakeFiles/carrier_receiver_baseband.dir/Users/chanuka.dsc/pico-sdk/src/rp2_common/pico_crt0/crt0.S.obj
                0x100001e8                        __binary_info_header_end = .
 *(.embedded_block)
                0x100001e8                        __embedded_block_end = .
 *(.reset)
 .reset         0x100001e8       0x9c CMakeFiles/carrier_receiver_baseband.dir/Users/chanuka.dsc/pico-sdk/src/rp2_common/pico_crt0/crt0.S.obj
                0x100001e8                _entry_point
 *(.init)
 .init          0x10000284        0x4 /Users/chanuka.dsc/ARM-Toolchain/bin/../lib/gcc/arm-none-eabi/13.3.1/thumb/v6-m/nofp/crti.o
                0x10000284                _init
 *(EXCLUDE_FILE(*libm.a: *libc.a:*lib_a-mem*.o *libgcc.a:) .text*)
 .text.register_tm_clones
                0x10000288       0x28 /Users/chanuka.dsc/ARM-Toolchain/bin/../lib/gcc/arm-none-eabi/13.3.1/thumb/v6-m/nofp/crtbegin.o
 .text.frame_dummy
                0x100002b0       0x24 /Users/chanuka.dsc/ARM-Toolchain/bin/../lib/gcc/arm-none-eabi/13.3.1/thumb/v6-m/nofp/crtbegin.o
 .text.startup.main
                0x100002d4      0x558 CMakeFiles/carrier_receiver_baseband.dir/main.c.obj
                0x100002d4                main
 .text.packet_hdr_template
                0x1000082c       0x1c CMakeFiles/carrier_receiver_baseband.dir/Users/chanuka.dsc/UU/WCNES_Proj/wcnes-project2026/project_pico_libs/packet_generation.c.obj
                0x1000082c                packet_hdr_template
 .text.generate_sample
                0x10000848      0x100 CMakeFiles/carrier_receiver_baseband.dir/Users/chanuka.dsc/UU/WCNES_Proj/wcnes-project2026/project_pico_libs/packet_generation.c.obj
                0x10000848                generate_sample
 .text.generate_data
                0x10000948       0x54 CMakeFiles/carrier_receiver_baseband.dir/Users/chanuka.dsc/UU/WCNES_Proj/wcnes-project2026/project_pico_libs/packet_generation.c.obj
                0x10000948                generate_data
 .text.add_header
                0x1000099c       0x44 CMakeFiles/carrier_receiver_baseband.dir/Users/chanuka.dsc/UU/WCNES_Proj/wcnes-project2026/project_pico_libs/packet_generation.c.obj
                0x1000099c                add_header
 .text.receiver_isr
                0x100009e0       0x38 CMakeFiles/carrier_receiver_baseband.dir/Users/chanuka.dsc/UU/WCNES_Proj/wcnes-project2026/project_pico_libs/receiver_CC2500.c.obj
                0x100009e0                receiver_isr
 .text.setupReceiver
                0x10000a18       0xf4 CMakeFiles/carrier_receiver_baseband.dir/Users/chanuka.dsc/UU/WCNES_Proj/wcnes-project2026/project_pico_libs/receiver_CC2500.c.obj
                0x10000a18                setupReceiver
 .text.RX_start_listen
                0x10000b0c       0xd8 CMakeFiles/carrier_receiver_baseband.dir/Users/chanuka.dsc/UU/WCNES_Proj/wcnes-project2026/project_pico_libs/receiver_CC2500.c.obj
                0x10000b0c                RX_start_listen
 .text.readPacket
                0x10000be4      0x104 CMakeFiles/carrier_receiver_baseband.dir/Users/chanuka.dsc/UU/WCNES_Proj/wcnes-project2026/project_pico_libs/receiver_CC2500.c.obj
                0x10000be4                readPacket
 .text.printPacket
                0x10000ce8       0xe8 CMakeFiles/carrier_receiver_baseband.dir/Users/chanuka.dsc/UU/WCNES_Proj/wcnes-project2026/project_pico_libs/receiver_CC2500.c.obj
                0x10000ce8                printPacket
 .text.get_event
                0x10000dd0       0x28 CMakeFiles/carrier_receiver_baseband.dir/Users/chanuka.dsc/UU/WCNES_Proj/wcnes-project2026/project_pico_libs/receiver_CC2500.c.obj
                0x10000dd0                get_event
 .text.set_datarate_rx
                0x10000df8      0x1b8 CMakeFiles/carrier_receiver_baseband.dir/Users/chanuka.dsc/UU/WCNES_Proj/wcnes-project2026/project_pico_libs/receiver_CC2500.c.obj
                0x10000df8                set_datarate_rx
 .text.set_filter_bandwidth_rx
                0x10000fb0      0x1bc CMakeFiles/carrier_receiver_baseband.dir/Users/chanuka.dsc/UU/WCNES_Proj/wcnes-project2026/project_pico_libs/receiver_CC2500.c.obj
                0x10000fb0                set_filter_bandwidth_rx
 .text.set_frequency_deviation_rx
                0x1000116c      0x194 CMakeFiles/carrier_receiver_baseband.dir/Users/chanuka.dsc/UU/WCNES_Proj/wcnes-project2026/project_pico_libs/receiver_CC2500.c.obj
                0x1000116c                set_frequency_deviation_rx
 .text.set_frecuency_rx
                0x10001300      0x1c0 CMakeFiles/carrier_receiver_baseband.dir/Users/chanuka.dsc/UU/WCNES_Proj/wcnes-project2026/project_pico_libs/receiver_CC2500.c.obj
                0x10001300                set_frecuency_rx
 .text.setupCarrier
                0x100014c0       0xf4 CMakeFiles/carrier_receiver_baseband.dir/Users/chanuka.dsc/UU/WCNES_Proj/wcnes-project2026/project_pico_libs/carrier_CC2500.c.obj
                0x100014c0                setupCarrier
 .text.startCarrier
                0x100015b4       0x44 CMakeFiles/carrier_receiver_baseband.dir/Users/chanuka.dsc/UU/WCNES_Proj/wcnes-project2026/project_pico_libs/carrier_CC2500.c.obj
                0x100015b4                startCarrier
 .text.stopCarrier
                0x100015f8       0x44 CMakeFiles/carrier_receiver_baseband.dir/Users/chanuka.dsc/UU/WCNES_Proj/wcnes-project2026/project_pico_libs/carrier_CC2500.c.obj
                0x100015f8                stopCarrier
 .text.set_frecuency_tx
                0x1000163c      0x1bc CMakeFiles/carrier_receiver_baseband.dir/Users/chanuka.dsc/UU/WCNES_Proj/wcnes-project2026/project_pico_libs/carrier_CC2500.c.obj
                0x1000163c                set_frecuency_tx
 .text.generatePIOprogram
                0x100017f8      0x520 CMakeFiles/carrier_receiver_baseband.dir/Users/chanuka.dsc/UU/WCNES_Proj/wcnes-project2026/project_pico_libs/backscatter.c.obj
                0x100017f8                generatePIOprogram
 .text.backscatter_program_init
                0x10001d18      0x2e8 CMakeFiles/carrier_receiver_baseband.dir/Users/chanuka.dsc/UU/WCNES_Proj/wcnes-project2026/project_pico_libs/backscatter.c.obj
                0x10001d18                backscatter_program_init
 .text.backscatter_send
                0x10002000       0x30 CMakeFiles/carrier_receiver_baseband.dir/Users/chanuka.dsc/UU/WCNES_Proj/wcnes-project2026/project_pico_libs/backscatter.c.obj
                0x10002000                backscatter_send
 .text.hamming_encode
                0x10002030      0x2d4 CMakeFiles/carrier_receiver_baseband.dir/Users/chanuka.dsc/UU/WCNES_Proj/wcnes-project2026/project_pico_libs/fec.c.obj
                0x10002030                hamming_encode
 .text.interleave_block
                0x10002304       0x18 CMakeFiles/carrier_receiver_baseband.dir/Users/chanuka.dsc/UU/WCNES_Proj/wcnes-project2026/project_pico_libs/interleaver.c.obj
                0x10002304                interleave_block
 .text.gpio_default_irq_handler
                0x1000231c      0x274 CMakeFiles/carrier_receiver_baseband.dir/Users/chanuka.dsc/pico-sdk/src/rp2_common/hardware_gpio/gpio.c.obj
 .text.gpio_set_function
                0x10002590       0x34 CMakeFiles/carrier_receiver_baseband.dir/Users/chanuka.dsc/pico-sdk/src/rp2_common/hardware_gpio/gpio.c.obj
                0x10002590                gpio_set_function
 .text.gpio_set_irq_enabled_with_callback
                0x100025c4       0xd0 CMakeFiles/carrier_receiver_baseband.dir/Users/chanuka.dsc/pico-sdk/src/rp2_common/hardware_gpio/gpio.c.obj
                0x100025c4                gpio_set_irq_enabled_with_callback
 .text.gpio_init
                0x10002694       0x40 CMakeFiles/carrier_receiver_baseband.dir/Users/chanuka.dsc/pico-sdk/src/rp2_common/hardware_gpio/gpio.c.obj
                0x10002694                gpio_init
 .text.rp2040_chip_version
                0x100026d4        0xc CMakeFiles/carrier_receiver_baseband.dir/Users/chanuka.dsc/pico-sdk/src/rp2040/pico_platform/platform.c.obj
                0x100026d4                rp2040_chip_version
 .text.panic    0x100026e0       0x30 CMakeFiles/carrier_receiver_baseband.dir/Users/chanuka.dsc/pico-sdk/src/rp2_common/pico_platform_panic/panic.c.obj
                0x100026e0                panic
 .text.hw_claim_lock
                0x10002710       0x18 CMakeFiles/carrier_receiver_baseband.dir/Users/chanuka.dsc/pico-sdk/src/common/hardware_claim/claim.c.obj
                0x10002710                hw_claim_lock
 .text.hw_claim_unlock
                0x10002728       0x14 CMakeFiles/carrier_receiver_baseband.dir/Users/chanuka.dsc/pico-sdk/src/common/hardware_claim/claim.c.obj
                0x10002728                hw_claim_unlock
 .text.hw_claim_or_assert
                0x1000273c       0x44 CMakeFiles/carrier_receiver_baseband.dir/Users/chanuka.dsc/pico-sdk/src/common/hardware_claim/claim.c.obj
                0x1000273c                hw_claim_or_assert
 .text.hw_claim_unused_from_range
                0x10002780       0x9c CMakeFiles/carrier_receiver_baseband.dir/Users/chanuka.dsc/pico-sdk/src/common/hardware_claim/claim.c.obj
                0x10002780                hw_claim_unused_from_range
 .text.next_striped_spin_lock_num
                0x1000281c       0x18 CMakeFiles/carrier_receiver_baseband.dir/Users/chanuka.dsc/pico-sdk/src/rp2_common/hardware_sync/sync.c.obj
                0x1000281c                next_striped_spin_lock_num
 .text.spin_lock_claim_unused
                0x10002834       0x24 CMakeFiles/carrier_receiver_baseband.dir/Users/chanuka.dsc/pico-sdk/src/rp2_common/hardware_sync/sync.c.obj
                0x10002834                spin_lock_claim_unused
 .text.spin_locks_reset
                0x10002858       0x1c CMakeFiles/carrier_receiver_baseband.dir/Users/chanuka.dsc/pico-sdk/src/rp2_common/hardware_sync_spin_lock/sync_spin_lock.c.obj
                0x10002858                spin_locks_reset
 .text.runtime_init_per_core_irq_priorities
                0x10002874       0x24 CMakeFiles/carrier_receiver_baseband.dir/Users/chanuka.dsc/pico-sdk/src/rp2_common/hardware_irq/irq.c.obj
                0x10002874                runtime_init_per_core_irq_priorities
 .text.irq_set_enabled
                0x10002898       0x24 CMakeFiles/carrier_receiver_baseband.dir/Users/chanuka.dsc/pico-sdk/src/rp2_common/hardware_irq/irq.c.obj
                0x10002898                irq_set_enabled
 .text.irq_is_enabled
                0x100028bc       0x18 CMakeFiles/carrier_receiver_baseband.dir/Users/chanuka.dsc/pico-sdk/src/rp2_common/hardware_irq/irq.c.obj
                0x100028bc                irq_is_enabled
 .text.irq_set_pending
                0x100028d4       0x10 CMakeFiles/carrier_receiver_baseband.dir/Users/chanuka.dsc/pico-sdk/src/rp2_common/hardware_irq/irq.c.obj
                0x100028d4                irq_set_pending
 .text.irq_has_shared_handler
                0x100028e4       0x2c CMakeFiles/carrier_receiver_baseband.dir/Users/chanuka.dsc/pico-sdk/src/rp2_common/hardware_irq/irq.c.obj
                0x100028e4                irq_has_shared_handler
 .text.irq_set_exclusive_handler
                0x10002910       0x54 CMakeFiles/carrier_receiver_baseband.dir/Users/chanuka.dsc/pico-sdk/src/rp2_common/hardware_irq/irq.c.obj
                0x10002910                irq_set_exclusive_handler
 .text.irq_add_shared_handler
                0x10002964      0x1f4 CMakeFiles/carrier_receiver_baseband.dir/Users/chanuka.dsc/pico-sdk/src/rp2_common/hardware_irq/irq.c.obj
                0x10002964                irq_add_shared_handler
 .text.irq_remove_handler
                0x10002b58      0x1d4 CMakeFiles/carrier_receiver_baseband.dir/Users/chanuka.dsc/pico-sdk/src/rp2_common/hardware_irq/irq.c.obj
                0x10002b58                irq_remove_handler
 .text.irq_add_tail_to_free_list
                0x10002d2c       0xb4 CMakeFiles/carrier_receiver_baseband.dir/Users/chanuka.dsc/pico-sdk/src/rp2_common/hardware_irq/irq.c.obj
                0x10002d2c                irq_add_tail_to_free_list
 .text.user_irq_claim_unused
                0x10002de0       0x2c CMakeFiles/carrier_receiver_baseband.dir/Users/chanuka.dsc/pico-sdk/src/rp2_common/hardware_irq/irq.c.obj
                0x10002de0                user_irq_claim_unused
 .text.lock_init
                0x10002e0c       0x10 CMakeFiles/carrier_receiver_baseband.dir/Users/chanuka.dsc/pico-sdk/src/common/pico_sync/lock_core.c.obj
                0x10002e0c                lock_init
 .text.runtime_init_mutex
                0x10002e1c       0x50 CMakeFiles/carrier_receiver_baseband.dir/Users/chanuka.dsc/pico-sdk/src/common/pico_sync/mutex.c.obj
                0x10002e1c                runtime_init_mutex
 .text.mutex_init
                0x10002e6c       0x1c CMakeFiles/carrier_receiver_baseband.dir/Users/chanuka.dsc/pico-sdk/src/common/pico_sync/mutex.c.obj
                0x10002e6c                mutex_init
 .text.critical_section_init
                0x10002e88       0x1c CMakeFiles/carrier_receiver_baseband.dir/Users/chanuka.dsc/pico-sdk/src/common/pico_sync/critical_section.c.obj
                0x10002e88                critical_section_init
 .text.critical_section_init_with_lock_num
                0x10002ea4       0x14 CMakeFiles/carrier_receiver_baseband.dir/Users/chanuka.dsc/pico-sdk/src/common/pico_sync/critical_section.c.obj
                0x10002ea4                critical_section_init_with_lock_num
 .text.sleep_until_callback
                0x10002eb8       0x30 CMakeFiles/carrier_receiver_baseband.dir/Users/chanuka.dsc/pico-sdk/src/common/pico_time/time.c.obj
 .text.alarm_pool_irq_handler
                0x10002ee8      0x2e4 CMakeFiles/carrier_receiver_baseband.dir/Users/chanuka.dsc/pico-sdk/src/common/pico_time/time.c.obj
 .text.runtime_init_default_alarm_pool
                0x100031cc       0xdc CMakeFiles/carrier_receiver_baseband.dir/Users/chanuka.dsc/pico-sdk/src/common/pico_time/time.c.obj
                0x100031cc                runtime_init_default_alarm_pool
 .text.alarm_pool_get_default
                0x100032a8        0x8 CMakeFiles/carrier_receiver_baseband.dir/Users/chanuka.dsc/pico-sdk/src/common/pico_time/time.c.obj
                0x100032a8                alarm_pool_get_default
 .text.alarm_pool_add_alarm_at
                0x100032b0       0xd4 CMakeFiles/carrier_receiver_baseband.dir/Users/chanuka.dsc/pico-sdk/src/common/pico_time/time.c.obj
                0x100032b0                alarm_pool_add_alarm_at
 .text.alarm_pool_add_alarm_at_force_in_context
                0x10003384       0xb0 CMakeFiles/carrier_receiver_baseband.dir/Users/chanuka.dsc/pico-sdk/src/common/pico_time/time.c.obj
                0x10003384                alarm_pool_add_alarm_at_force_in_context
 .text.alarm_pool_cancel_alarm
                0x10003434       0x74 CMakeFiles/carrier_receiver_baseband.dir/Users/chanuka.dsc/pico-sdk/src/common/pico_time/time.c.obj
                0x10003434                alarm_pool_cancel_alarm
 .text.alarm_pool_core_num
                0x100034a8        0x4 CMakeFiles/carrier_receiver_baseband.dir/Users/chanuka.dsc/pico-sdk/src/common/pico_time/time.c.obj
                0x100034a8                alarm_pool_core_num
 .text.sleep_until
                0x100034ac       0xd8 CMakeFiles/carrier_receiver_baseband.dir/Users/chanuka.dsc/pico-sdk/src/common/pico_time/time.c.obj
                0x100034ac                sleep_until
 .text.sleep_us
                0x10003584       0x28 CMakeFiles/carrier_receiver_baseband.dir/Users/chanuka.dsc/pico-sdk/src/common/pico_time/time.c.obj
                0x10003584                sleep_us
 .text.sleep_ms
                0x100035ac       0x38 CMakeFiles/carrier_receiver_baseband.dir/Users/chanuka.dsc/pico-sdk/src/common/pico_time/time.c.obj
                0x100035ac                sleep_ms
 .text.best_effort_wfe_or_timeout
                0x100035e4      0x134 CMakeFiles/carrier_receiver_baseband.dir/Users/chanuka.dsc/pico-sdk/src/common/pico_time/time.c.obj
                0x100035e4                best_effort_wfe_or_timeout
 .text.timer_hardware_alarm_claim
                0x10003718       0x14 CMakeFiles/carrier_receiver_baseband.dir/Users/chanuka.dsc/pico-sdk/src/rp2_common/hardware_timer/timer.c.obj
                0x10003718                timer_hardware_alarm_claim
 .text.timer_time_us_64
                0x1000372c       0x10 CMakeFiles/carrier_receiver_baseband.dir/Users/chanuka.dsc/pico-sdk/src/rp2_common/hardware_timer/timer.c.obj
                0x1000372c                timer_time_us_64
 .text.time_us_64
                0x1000373c       0x14 CMakeFiles/carrier_receiver_baseband.dir/Users/chanuka.dsc/pico-sdk/src/rp2_common/hardware_timer/timer.c.obj
                0x1000373c                time_us_64
 .text.busy_wait_until
                0x10003750       0x20 CMakeFiles/carrier_receiver_baseband.dir/Users/chanuka.dsc/pico-sdk/src/rp2_common/hardware_timer/timer.c.obj
                0x10003750                busy_wait_until
 .text.queue_init_with_spinlock
                0x10003770       0x24 CMakeFiles/carrier_receiver_baseband.dir/Users/chanuka.dsc/pico-sdk/src/common/pico_util/queue.c.obj
                0x10003770                queue_init_with_spinlock
 .text.queue_try_add
                0x10003794       0x70 CMakeFiles/carrier_receiver_baseband.dir/Users/chanuka.dsc/pico-sdk/src/common/pico_util/queue.c.obj
                0x10003794                queue_try_add
 .text.queue_try_remove
                0x10003804       0x74 CMakeFiles/carrier_receiver_baseband.dir/Users/chanuka.dsc/pico-sdk/src/common/pico_util/queue.c.obj
                0x10003804                queue_try_remove
 .text.clock_configure_int_divider
                0x10003878       0xf4 CMakeFiles/carrier_receiver_baseband.dir/Users/chanuka.dsc/pico-sdk/src/rp2_common/hardware_clocks/clocks.c.obj
                0x10003878                clock_configure_int_divider
 .text.clock_configure_undivided
                0x1000396c       0xe8 CMakeFiles/carrier_receiver_baseband.dir/Users/chanuka.dsc/pico-sdk/src/rp2_common/hardware_clocks/clocks.c.obj
                0x1000396c                clock_configure_undivided
 .text.clock_get_hz
                0x10003a54        0xc CMakeFiles/carrier_receiver_baseband.dir/Users/chanuka.dsc/pico-sdk/src/rp2_common/hardware_clocks/clocks.c.obj
                0x10003a54                clock_get_hz
 .text.pll_init
                0x10003a60       0xa4 CMakeFiles/carrier_receiver_baseband.dir/Users/chanuka.dsc/pico-sdk/src/rp2_common/hardware_pll/pll.c.obj
                0x10003a60                pll_init
 .text.watchdog_reboot
                0x10003b04       0x9c CMakeFiles/carrier_receiver_baseband.dir/Users/chanuka.dsc/pico-sdk/src/rp2_common/hardware_watchdog/watchdog.c.obj
                0x10003b04                watchdog_reboot
 .text.tick_start
                0x10003ba0       0x10 CMakeFiles/carrier_receiver_baseband.dir/Users/chanuka.dsc/pico-sdk/src/rp2_common/hardware_ticks/ticks.c.obj
                0x10003ba0                tick_start
 .text.xosc_init
                0x10003bb0       0x28 CMakeFiles/carrier_receiver_baseband.dir/Users/chanuka.dsc/pico-sdk/src/rp2_common/hardware_xosc/xosc.c.obj
                0x10003bb0                xosc_init
 .text.first_per_core_initializer
                0x10003bd8        0x4 CMakeFiles/carrier_receiver_baseband.dir/Users/chanuka.dsc/pico-sdk/src/rp2_common/pico_runtime/runtime.c.obj
 .text.hard_assertion_failure
                0x10003bdc        0xc CMakeFiles/carrier_receiver_baseband.dir/Users/chanuka.dsc/pico-sdk/src/rp2_common/pico_runtime/runtime.c.obj
                0x10003bdc                hard_assertion_failure
 .text.runtime_run_initializers
                0x10003be8       0x28 CMakeFiles/carrier_receiver_baseband.dir/Users/chanuka.dsc/pico-sdk/src/rp2_common/pico_runtime/runtime.c.obj
                0x10003be8                runtime_run_initializers
 .text.runtime_init_early_resets
                0x10003c10       0x2c CMakeFiles/carrier_receiver_baseband.dir/Users/chanuka.dsc/pico-sdk/src/rp2_common/pico_runtime_init/runtime_init.c.obj
                0x10003c10                runtime_init_early_resets
 .text.runtime_init_usb_power_down
                0x10003c3c       0x1c CMakeFiles/carrier_receiver_baseband.dir/Users/chanuka.dsc/pico-sdk/src/rp2_common/pico_runtime_init/runtime_init.c.obj
                0x10003c3c                runtime_init_usb_power_down
 .text.runtime_init_post_clock_resets
                0x10003c58       0x20 CMakeFiles/carrier_receiver_baseband.dir/Users/chanuka.dsc/pico-sdk/src/rp2_common/pico_runtime_init/runtime_init.c.obj
                0x10003c58                runtime_init_post_clock_resets
 .text.runtime_init_rp2040_gpio_ie_disable
                0x10003c78       0x14 CMakeFiles/carrier_receiver_baseband.dir/Users/chanuka.dsc/pico-sdk/src/rp2_common/pico_runtime_init/runtime_init.c.obj
                0x10003c78                runtime_init_rp2040_gpio_ie_disable
 .text.runtime_init_spin_locks_reset
                0x10003c8c        0x8 CMakeFiles/carrier_receiver_baseband.dir/Users/chanuka.dsc/pico-sdk/src/rp2_common/pico_runtime_init/runtime_init.c.obj
                0x10003c8c                runtime_init_spin_locks_reset
 .text.runtime_init_install_ram_vector_table
                0x10003c94       0x1c CMakeFiles/carrier_receiver_baseband.dir/Users/chanuka.dsc/pico-sdk/src/rp2_common/pico_runtime_init/runtime_init.c.obj
                0x10003c94                runtime_init_install_ram_vector_table
 .text.runtime_init_clocks
                0x10003cb0       0xd8 CMakeFiles/carrier_receiver_baseband.dir/Users/chanuka.dsc/pico-sdk/src/rp2_common/pico_runtime_init/runtime_init_clocks.c.obj
                0x10003cb0                runtime_init_clocks
 .text          0x10003d88       0x10 CMakeFiles/carrier_receiver_baseband.dir/Users/chanuka.dsc/pico-sdk/src/rp2_common/pico_bit_ops/bit_ops_aeabi.S.obj
 .text.rom_func_lookup
                0x10003d98       0x10 CMakeFiles/carrier_receiver_baseband.dir/Users/chanuka.dsc/pico-sdk/src/rp2_common/pico_bootrom/bootrom.c.obj
                0x10003d98                rom_func_lookup
 .text.rom_data_lookup
                0x10003da8       0x10 CMakeFiles/carrier_receiver_baseband.dir/Users/chanuka.dsc/pico-sdk/src/rp2_common/pico_bootrom/bootrom.c.obj
                0x10003da8                rom_data_lookup
 .text.rom_funcs_lookup
                0x10003db8       0x44 CMakeFiles/carrier_receiver_baseband.dir/Users/chanuka.dsc/pico-sdk/src/rp2_common/pico_bootrom/bootrom.c.obj
                0x10003db8                rom_funcs_lookup
 .text.rom_reset_usb_boot
                0x10003dfc       0x20 CMakeFiles/carrier_receiver_baseband.dir/Users/chanuka.dsc/pico-sdk/src/rp2_common/pico_bootrom/bootrom.c.obj
                0x10003dfc                rom_reset_usb_boot
 .text.__wrap___aeabi_idiv
                0x10003e1c       0x50 CMakeFiles/carrier_receiver_baseband.dir/Users/chanuka.dsc/pico-sdk/src/rp2_common/pico_divider/divider_hardware.S.obj
                0x10003e1c                __wrap___aeabi_idivmod
                0x10003e1c                divmod_s32s32
                0x10003e1c                div_s32s32
                0x10003e1c                __wrap___aeabi_idiv
                0x10003e24                divmod_s32s32_unsafe
                0x10003e50                divmod_s32s32_savestate
 .text.__wrap___aeabi_uidiv
                0x10003e6c       0x4c CMakeFiles/carrier_receiver_baseband.dir/Users/chanuka.dsc/pico-sdk/src/rp2_common/pico_divider/divider_hardware.S.obj
                0x10003e6c                __wrap___aeabi_uidiv
                0x10003e6c                __wrap___aeabi_uidivmod
                0x10003e6c                div_u32u32
                0x10003e6c                divmod_u32u32
                0x10003e74                divmod_u32u32_unsafe
                0x10003e9c                divmod_u32u32_savestate
 .text.__wrap___aeabi_ldiv
                0x10003eb8      0x424 CMakeFiles/carrier_receiver_baseband.dir/Users/chanuka.dsc/pico-sdk/src/rp2_common/pico_divider/divider_hardware.S.obj
                0x10003eb8                __wrap___aeabi_ldivmod
                0x10003eb8                div_s64s64
                0x10003eb8                divmod_s64s64
                0x10003ee8                divmod_u64u64
                0x10003ee8                div_u64u64
                0x10003ee8                __wrap___aeabi_uldivmod
                0x10003ef8                divmod_u64u64_savestate
                0x10003f18                divmod_s64s64_unsafe
                0x10003fa0                divmod_u64u64_unsafe
 .text.push_r8_r11
                0x100042dc        0xc CMakeFiles/carrier_receiver_baseband.dir/Users/chanuka.dsc/pico-sdk/src/rp2_common/pico_double/double_aeabi_rp2040.S.obj
                0x100042dc                push_r8_r11
 .text.pop_r8_r11
                0x100042e8        0xc CMakeFiles/carrier_receiver_baseband.dir/Users/chanuka.dsc/pico-sdk/src/rp2_common/pico_double/double_aeabi_rp2040.S.obj
                0x100042e8                pop_r8_r11
 .text.__wrap___aeabi_darithmetic
                0x100042f4       0x80 CMakeFiles/carrier_receiver_baseband.dir/Users/chanuka.dsc/pico-sdk/src/rp2_common/pico_double/double_aeabi_rp2040.S.obj
                0x100042f4                __wrap___aeabi_drsub
                0x100042fa                __wrap___aeabi_dsub
                0x1000430c                __wrap___aeabi_dadd
                0x1000431e                __wrap___aeabi_ddiv
                0x1000435a                __wrap___aeabi_dmul
 .text.__wrap___aeabi_cdcmple
                0x10004374       0x6c CMakeFiles/carrier_receiver_baseband.dir/Users/chanuka.dsc/pico-sdk/src/rp2_common/pico_double/double_aeabi_rp2040.S.obj
                0x10004374                __wrap___aeabi_cdrcmple
                0x10004384                __wrap___aeabi_cdcmple
                0x10004384                __wrap___aeabi_cdcmpeq
 .text.__wrap___aeabi_dcmplt
                0x100043e0        0xc CMakeFiles/carrier_receiver_baseband.dir/Users/chanuka.dsc/pico-sdk/src/rp2_common/pico_double/double_aeabi_rp2040.S.obj
                0x100043e0                __wrap___aeabi_dcmplt
 .text.__wrap___aeabi_dcmpge
                0x100043ec       0x10 CMakeFiles/carrier_receiver_baseband.dir/Users/chanuka.dsc/pico-sdk/src/rp2_common/pico_double/double_aeabi_rp2040.S.obj
                0x100043ec                __wrap___aeabi_dcmpge
 .text.__wrap___aeabi_dcmpgt
                0x100043fc        0xa CMakeFiles/carrier_receiver_baseband.dir/Users/chanuka.dsc/pico-sdk/src/rp2_common/pico_double/double_aeabi_rp2040.S.obj
                0x100043fc                __wrap___aeabi_dcmpgt
 .text.__wrap___aeabi_dcmpun
                0x10004406       0x18 CMakeFiles/carrier_receiver_baseband.dir/Users/chanuka.dsc/pico-sdk/src/rp2_common/pico_double/double_aeabi_rp2040.S.obj
                0x10004406                __wrap___aeabi_dcmpun
 *fill*         0x1000441e        0x2 
 .text.__wrap___aeabi_i2d
                0x10004420       0x38 CMakeFiles/carrier_receiver_baseband.dir/Users/chanuka.dsc/pico-sdk/src/rp2_common/pico_double/double_aeabi_rp2040.S.obj
                0x10004420                __wrap___aeabi_ui2d
                0x10004428                __wrap___aeabi_i2d
 .text.__wrap___aeabi_d2iz
                0x10004458       0x48 CMakeFiles/carrier_receiver_baseband.dir/Users/chanuka.dsc/pico-sdk/src/rp2_common/pico_double/double_aeabi_rp2040.S.obj
                0x10004458                __wrap___aeabi_d2iz
                0x10004458                double2int_z
 .text.__wrap___aeabi_d2uiz
                0x100044a0       0x18 CMakeFiles/carrier_receiver_baseband.dir/Users/chanuka.dsc/pico-sdk/src/rp2_common/pico_double/double_aeabi_rp2040.S.obj
                0x100044a0                double2uint
                0x100044a0                __wrap___aeabi_d2uiz
 .text.fix642double
                0x100044b8       0x18 CMakeFiles/carrier_receiver_baseband.dir/Users/chanuka.dsc/pico-sdk/src/rp2_common/pico_double/double_aeabi_rp2040.S.obj
                0x100044b8                fix642double
 .text.__wrap_srqt
                0x100044d0       0x18 CMakeFiles/carrier_receiver_baseband.dir/Users/chanuka.dsc/pico-sdk/src/rp2_common/pico_double/double_aeabi_rp2040.S.obj
                0x100044d0                __wrap_sqrt
 .text.__wrap_sincostan_remainder
                0x100044e8       0x14 CMakeFiles/carrier_receiver_baseband.dir/Users/chanuka.dsc/pico-sdk/src/rp2_common/pico_double/double_aeabi_rp2040.S.obj
                0x100044e8                sincostan_remainder
 .text.__wrap_cos
                0x100044fc       0x2c CMakeFiles/carrier_receiver_baseband.dir/Users/chanuka.dsc/pico-sdk/src/rp2_common/pico_double/double_aeabi_rp2040.S.obj
                0x100044fc                __wrap_cos
 .text.__wrap_log
                0x10004528       0x18 CMakeFiles/carrier_receiver_baseband.dir/Users/chanuka.dsc/pico-sdk/src/rp2_common/pico_double/double_aeabi_rp2040.S.obj
                0x10004528                __wrap_log
 .text.__aeabi_double_init
                0x10004540       0xa4 CMakeFiles/carrier_receiver_baseband.dir/Users/chanuka.dsc/pico-sdk/src/rp2_common/pico_double/double_init_rom_rp2040.c.obj
                0x10004540                __aeabi_double_init
 .text.__wrap_round
                0x100045e4       0x9c CMakeFiles/carrier_receiver_baseband.dir/Users/chanuka.dsc/pico-sdk/src/rp2_common/pico_double/double_math.c.obj
                0x100045e4                __wrap_round
 .text.__wrap_floor
                0x10004680       0x90 CMakeFiles/carrier_receiver_baseband.dir/Users/chanuka.dsc/pico-sdk/src/rp2_common/pico_double/double_math.c.obj
                0x10004680                __wrap_floor
 .text.__wrap_remquo
                0x10004710      0x27c CMakeFiles/carrier_receiver_baseband.dir/Users/chanuka.dsc/pico-sdk/src/rp2_common/pico_double/double_math.c.obj
                0x10004710                __wrap_remquo
 .text.__wrap_remainder
                0x1000498c       0x10 CMakeFiles/carrier_receiver_baseband.dir/Users/chanuka.dsc/pico-sdk/src/rp2_common/pico_double/double_math.c.obj
                0x1000498c                __wrap_remainder
 .text.double_table_shim_on_use_helper
                0x1000499c       0x2c CMakeFiles/carrier_receiver_baseband.dir/Users/chanuka.dsc/pico-sdk/src/rp2_common/pico_double/double_v1_rom_shim_rp2040.S.obj
                0x1000499c                double_table_shim_on_use_helper
 .text.__wrap___aeabi_dsub
                0x100049c8       0x10 CMakeFiles/carrier_receiver_baseband.dir/Users/chanuka.dsc/pico-sdk/src/rp2_common/pico_double/double_v1_rom_shim_rp2040.S.obj
                0x100049c8                drsub_shim
                0x100049ce                dsub_shim
 .text.dadd_shim
                0x100049d8      0x15c CMakeFiles/carrier_receiver_baseband.dir/Users/chanuka.dsc/pico-sdk/src/rp2_common/pico_double/double_v1_rom_shim_rp2040.S.obj
                0x100049d8                dadd_shim
 .text.dmul_shim
                0x10004b34      0x15c CMakeFiles/carrier_receiver_baseband.dir/Users/chanuka.dsc/pico-sdk/src/rp2_common/pico_double/double_v1_rom_shim_rp2040.S.obj
                0x10004b34                dmul_shim
 .text.ddiv_shim
                0x10004c90      0x1b0 CMakeFiles/carrier_receiver_baseband.dir/Users/chanuka.dsc/pico-sdk/src/rp2_common/pico_double/double_v1_rom_shim_rp2040.S.obj
                0x10004c90                ddiv_shim
 .text.dsqrt_shim
                0x10004e40      0x1a8 CMakeFiles/carrier_receiver_baseband.dir/Users/chanuka.dsc/pico-sdk/src/rp2_common/pico_double/double_v1_rom_shim_rp2040.S.obj
                0x10004e5c                dsqrt_shim
 .text.dcordic_vec_step
                0x10004fe8        0xe CMakeFiles/carrier_receiver_baseband.dir/Users/chanuka.dsc/pico-sdk/src/rp2_common/pico_double/double_v1_rom_shim_rp2040.S.obj
                0x10004fe8                dcordic_vec_step
 .text.dcordic_rot_step
                0x10004ff6       0x76 CMakeFiles/carrier_receiver_baseband.dir/Users/chanuka.dsc/pico-sdk/src/rp2_common/pico_double/double_v1_rom_shim_rp2040.S.obj
                0x10004ff6                dcordic_rot_step
 .text.double2uint_shim
                0x1000506c        0xe CMakeFiles/carrier_receiver_baseband.dir/Users/chanuka.dsc/pico-sdk/src/rp2_common/pico_double/double_v1_rom_shim_rp2040.S.obj
                0x1000506c                double2uint_shim
                0x1000506e                double2ufix_shim
 .text.double2int64_shim
                0x1000507a       0x1a CMakeFiles/carrier_receiver_baseband.dir/Users/chanuka.dsc/pico-sdk/src/rp2_common/pico_double/double_v1_rom_shim_rp2040.S.obj
                0x1000507a                double2int64_shim
                0x1000507c                double2fix64_shim
 .text.double2uint64_shim
                0x10005094       0x70 CMakeFiles/carrier_receiver_baseband.dir/Users/chanuka.dsc/pico-sdk/src/rp2_common/pico_double/double_v1_rom_shim_rp2040.S.obj
                0x10005094                double2uint64_shim
                0x10005096                double2ufix64_shim
                0x100050b6                d2fix_a
 .text.x2double_shims
                0x10005104       0x90 CMakeFiles/carrier_receiver_baseband.dir/Users/chanuka.dsc/pico-sdk/src/rp2_common/pico_double/double_v1_rom_shim_rp2040.S.obj
                0x10005104                uint2double_shim
                0x10005106                ufix2double_shim
                0x1000510c                int2double_shim
                0x1000510e                fix2double_shim
                0x10005114                uint642double_shim
                0x10005116                ufix642double_shim
                0x1000511c                int642double_shim
                0x1000511e                fix642double_shim
 .text.dunpacks
                0x10005194       0x3c CMakeFiles/carrier_receiver_baseband.dir/Users/chanuka.dsc/pico-sdk/src/rp2_common/pico_double/double_v1_rom_shim_rp2040.S.obj
                0x10005194                dunpacks
 .text.dreduce  0x100051d0       0x82 CMakeFiles/carrier_receiver_baseband.dir/Users/chanuka.dsc/pico-sdk/src/rp2_common/pico_double/double_v1_rom_shim_rp2040.S.obj
                0x100051d0                dreduce
 .text.dcos_shim
                0x10005252       0x10 CMakeFiles/carrier_receiver_baseband.dir/Users/chanuka.dsc/pico-sdk/src/rp2_common/pico_double/double_v1_rom_shim_rp2040.S.obj
                0x10005252                dcos_shim
 .text.dsin_shim
                0x10005262       0x14 CMakeFiles/carrier_receiver_baseband.dir/Users/chanuka.dsc/pico-sdk/src/rp2_common/pico_double/double_v1_rom_shim_rp2040.S.obj
                0x10005262                dsin_shim
 *fill*         0x10005276        0x2 
 .text.dtrig_guts
                0x10005278      0x2ec CMakeFiles/carrier_receiver_baseband.dir/Users/chanuka.dsc/pico-sdk/src/rp2_common/pico_double/double_v1_rom_shim_rp2040.S.obj
                0x10005350                datan2_shim
 .text.dexp_guts
                0x10005564      0x268 CMakeFiles/carrier_receiver_baseband.dir/Users/chanuka.dsc/pico-sdk/src/rp2_common/pico_double/double_v1_rom_shim_rp2040.S.obj
                0x10005564                dexp_shim
                0x10005600                dln_shim
 .text.__aeabi_lmul
                0x100057cc       0x32 CMakeFiles/carrier_receiver_baseband.dir/Users/chanuka.dsc/pico-sdk/src/rp2_common/pico_int64_ops/pico_int64_ops_aeabi.S.obj
                0x100057cc                __wrap___aeabi_lmul
 *fill*         0x100057fe        0x2 
 .text.__aeabi_float_init
                0x10005800       0x64 CMakeFiles/carrier_receiver_baseband.dir/Users/chanuka.dsc/pico-sdk/src/rp2_common/pico_float/float_init_rom_rp2040.c.obj
                0x10005800                __aeabi_float_init
 .text.float_table_shim_on_use_helper
                0x10005864       0x2c CMakeFiles/carrier_receiver_baseband.dir/Users/chanuka.dsc/pico-sdk/src/rp2_common/pico_float/float_v1_rom_shim_rp2040.S.obj
                0x10005864                float_table_shim_on_use_helper
 .text.__wrap_calloc
                0x10005890       0x28 CMakeFiles/carrier_receiver_baseband.dir/Users/chanuka.dsc/pico-sdk/src/rp2_common/pico_malloc/malloc.c.obj
                0x10005890                __wrap_calloc
 .text          0x100058b8       0x10 CMakeFiles/carrier_receiver_baseband.dir/Users/chanuka.dsc/pico-sdk/src/rp2_common/pico_mem_ops/mem_ops_aeabi.S.obj
                0x100058b8                __aeabi_mem_init
 .text.memset   0x100058c8        0xc CMakeFiles/carrier_receiver_baseband.dir/Users/chanuka.dsc/pico-sdk/src/rp2_common/pico_mem_ops/mem_ops_aeabi.S.obj
                0x100058c8                __wrap_memset
 .text.memcpy   0x100058d4        0xc CMakeFiles/carrier_receiver_baseband.dir/Users/chanuka.dsc/pico-sdk/src/rp2_common/pico_mem_ops/mem_ops_aeabi.S.obj
                0x100058d4                __wrap___aeabi_memcpy
                0x100058d4                __wrap_memcpy
 .text._out_null
                0x100058e0        0x4 CMakeFiles/carrier_receiver_baseband.dir/Users/chanuka.dsc/pico-sdk/src/rp2_common/pico_printf/printf.c.obj
 .text._out_rev
                0x100058e4       0xac CMakeFiles/carrier_receiver_baseband.dir/Users/chanuka.dsc/pico-sdk/src/rp2_common/pico_printf/printf.c.obj
 .text._ntoa_format
                0x10005990      0x250 CMakeFiles/carrier_receiver_baseband.dir/Users/chanuka.dsc/pico-sdk/src/rp2_common/pico_printf/printf.c.obj
 .text._out_char
                0x10005be0       0x10 CMakeFiles/carrier_receiver_baseband.dir/Users/chanuka.dsc/pico-sdk/src/rp2_common/pico_printf/printf.c.obj
 .text._out_fct
                0x10005bf0       0x10 CMakeFiles/carrier_receiver_baseband.dir/Users/chanuka.dsc/pico-sdk/src/rp2_common/pico_printf/printf.c.obj
 .text._etoa    0x10005c00      0x464 CMakeFiles/carrier_receiver_baseband.dir/Users/chanuka.dsc/pico-sdk/src/rp2_common/pico_printf/printf.c.obj
 .text._ftoa    0x10006064      0x3c0 CMakeFiles/carrier_receiver_baseband.dir/Users/chanuka.dsc/pico-sdk/src/rp2_common/pico_printf/printf.c.obj
 .text._vsnprintf
                0x10006424      0xbc8 CMakeFiles/carrier_receiver_baseband.dir/Users/chanuka.dsc/pico-sdk/src/rp2_common/pico_printf/printf.c.obj
 .text.vfctprintf
                0x10006fec       0x20 CMakeFiles/carrier_receiver_baseband.dir/Users/chanuka.dsc/pico-sdk/src/rp2_common/pico_printf/printf.c.obj
                0x10006fec                vfctprintf
 .text.weak_raw_vprintf
                0x1000700c       0x30 CMakeFiles/carrier_receiver_baseband.dir/Users/chanuka.dsc/pico-sdk/src/rp2_common/pico_printf/printf.c.obj
                0x1000700c                weak_raw_vprintf
 .text._exit    0x1000703c        0x4 CMakeFiles/carrier_receiver_baseband.dir/Users/chanuka.dsc/pico-sdk/src/rp2_common/pico_clib_interface/newlib_interface.c.obj
                0x1000703c                _exit
 .text._sbrk    0x10007040       0x34 CMakeFiles/carrier_receiver_baseband.dir/Users/chanuka.dsc/pico-sdk/src/rp2_common/pico_clib_interface/newlib_interface.c.obj
                0x10007040                _sbrk
 .text.exit     0x10007074        0x8 CMakeFiles/carrier_receiver_baseband.dir/Users/chanuka.dsc/pico-sdk/src/rp2_common/pico_clib_interface/newlib_interface.c.obj
                0x10007074                exit
 .text.runtime_init
                0x1000707c       0x2c CMakeFiles/carrier_receiver_baseband.dir/Users/chanuka.dsc/pico-sdk/src/rp2_common/pico_clib_interface/newlib_interface.c.obj
                0x1000707c                runtime_init
 .text.stdio_out_chars_no_crlf
                0x100070a8       0x10 CMakeFiles/carrier_receiver_baseband.dir/Users/chanuka.dsc/pico-sdk/src/rp2_common/pico_stdio/stdio.c.obj
 .text.stdio_out_chars_crlf
                0x100070b8       0x94 CMakeFiles/carrier_receiver_baseband.dir/Users/chanuka.dsc/pico-sdk/src/rp2_common/pico_stdio/stdio.c.obj
 .text.stdio_buffered_printer
                0x1000714c       0x64 CMakeFiles/carrier_receiver_baseband.dir/Users/chanuka.dsc/pico-sdk/src/rp2_common/pico_stdio/stdio.c.obj
 .text.stdio_put_string
                0x100071b0      0x100 CMakeFiles/carrier_receiver_baseband.dir/Users/chanuka.dsc/pico-sdk/src/rp2_common/pico_stdio/stdio.c.obj
                0x100071b0                stdio_put_string
 .text.stdio_set_driver_enabled
                0x100072b0       0x30 CMakeFiles/carrier_receiver_baseband.dir/Users/chanuka.dsc/pico-sdk/src/rp2_common/pico_stdio/stdio.c.obj
                0x100072b0                stdio_set_driver_enabled
 .text.stdio_init_all
                0x100072e0        0x8 CMakeFiles/carrier_receiver_baseband.dir/Users/chanuka.dsc/pico-sdk/src/rp2_common/pico_stdio/stdio.c.obj
                0x100072e0                stdio_init_all
 .text.__wrap_putchar
                0x100072e8       0x98 CMakeFiles/carrier_receiver_baseband.dir/Users/chanuka.dsc/pico-sdk/src/rp2_common/pico_stdio/stdio.c.obj
                0x100072e8                stdio_putchar
                0x100072e8                __wrap_putchar
 .text.__wrap_puts
                0x10007380       0x3c CMakeFiles/carrier_receiver_baseband.dir/Users/chanuka.dsc/pico-sdk/src/rp2_common/pico_stdio/stdio.c.obj
                0x10007380                __wrap_puts
                0x10007380                stdio_puts
 .text.__wrap_vprintf
                0x100073bc       0xd4 CMakeFiles/carrier_receiver_baseband.dir/Users/chanuka.dsc/pico-sdk/src/rp2_common/pico_stdio/stdio.c.obj
                0x100073bc                __wrap_vprintf
                0x100073bc                stdio_vprintf
 .text.__wrap_printf
                0x10007490       0x18 CMakeFiles/carrier_receiver_baseband.dir/Users/chanuka.dsc/pico-sdk/src/rp2_common/pico_stdio/stdio.c.obj
                0x10007490                stdio_printf
                0x10007490                __wrap_printf
 .text.resetd_init
                0x100074a8        0x4 CMakeFiles/carrier_receiver_baseband.dir/Users/chanuka.dsc/pico-sdk/src/rp2_common/pico_stdio_usb/reset_interface.c.obj
 .text.resetd_reset
                0x100074ac        0xc CMakeFiles/carrier_receiver_baseband.dir/Users/chanuka.dsc/pico-sdk/src/rp2_common/pico_stdio_usb/reset_interface.c.obj
 .text.resetd_open
                0x100074b8       0x28 CMakeFiles/carrier_receiver_baseband.dir/Users/chanuka.dsc/pico-sdk/src/rp2_common/pico_stdio_usb/reset_interface.c.obj
 .text.resetd_xfer_cb
                0x100074e0        0x4 CMakeFiles/carrier_receiver_baseband.dir/Users/chanuka.dsc/pico-sdk/src/rp2_common/pico_stdio_usb/reset_interface.c.obj
 .text.resetd_control_xfer_cb
                0x100074e4       0x54 CMakeFiles/carrier_receiver_baseband.dir/Users/chanuka.dsc/pico-sdk/src/rp2_common/pico_stdio_usb/reset_interface.c.obj
 .text.tud_descriptor_bos_cb
                0x10007538        0x8 CMakeFiles/carrier_receiver_baseband.dir/Users/chanuka.dsc/pico-sdk/src/rp2_common/pico_stdio_usb/reset_interface.c.obj
                0x10007538                tud_descriptor_bos_cb
 .text.tud_vendor_control_xfer_cb
                0x10007540       0x34 CMakeFiles/carrier_receiver_baseband.dir/Users/chanuka.dsc/pico-sdk/src/rp2_common/pico_stdio_usb/reset_interface.c.obj
                0x10007540                tud_vendor_control_xfer_cb
 .text.usbd_app_driver_get_cb
                0x10007574        0xc CMakeFiles/carrier_receiver_baseband.dir/Users/chanuka.dsc/pico-sdk/src/rp2_common/pico_stdio_usb/reset_interface.c.obj
                0x10007574                usbd_app_driver_get_cb
 .text.tud_cdc_line_coding_cb
                0x10007580       0x28 CMakeFiles/carrier_receiver_baseband.dir/Users/chanuka.dsc/pico-sdk/src/rp2_common/pico_stdio_usb/reset_interface.c.obj
                0x10007580                tud_cdc_line_coding_cb
 .text.stdio_usb_set_chars_available_callback
                0x100075a8       0x14 CMakeFiles/carrier_receiver_baseband.dir/Users/chanuka.dsc/pico-sdk/src/rp2_common/pico_stdio_usb/stdio_usb.c.obj
                0x100075a8                stdio_usb_set_chars_available_callback
 .text.usb_irq  0x100075bc       0x10 CMakeFiles/carrier_receiver_baseband.dir/Users/chanuka.dsc/pico-sdk/src/rp2_common/pico_stdio_usb/stdio_usb.c.obj
 .text.timer_task
                0x100075cc       0x64 CMakeFiles/carrier_receiver_baseband.dir/Users/chanuka.dsc/pico-sdk/src/rp2_common/pico_stdio_usb/stdio_usb.c.obj
 .text.stdio_usb_in_chars
                0x10007630       0x90 CMakeFiles/carrier_receiver_baseband.dir/Users/chanuka.dsc/pico-sdk/src/rp2_common/pico_stdio_usb/stdio_usb.c.obj
                0x10007630                stdio_usb_in_chars
 .text.stdio_usb_out_flush
                0x100076c0       0x50 CMakeFiles/carrier_receiver_baseband.dir/Users/chanuka.dsc/pico-sdk/src/rp2_common/pico_stdio_usb/stdio_usb.c.obj
 .text.stdio_usb_out_chars
                0x10007710      0x104 CMakeFiles/carrier_receiver_baseband.dir/Users/chanuka.dsc/pico-sdk/src/rp2_common/pico_stdio_usb/stdio_usb.c.obj
 .text.low_priority_worker_irq
                0x10007814       0xcc CMakeFiles/carrier_receiver_baseband.dir/Users/chanuka.dsc/pico-sdk/src/rp2_common/pico_stdio_usb/stdio_usb.c.obj
 .text.stdio_usb_init
                0x100078e0       0xe8 CMakeFiles/carrier_receiver_baseband.dir/Users/chanuka.dsc/pico-sdk/src/rp2_common/pico_stdio_usb/stdio_usb.c.obj
                0x100078e0                stdio_usb_init
 .text.tud_descriptor_device_cb
                0x100079c8        0x8 CMakeFiles/carrier_receiver_baseband.dir/Users/chanuka.dsc/pico-sdk/src/rp2_common/pico_stdio_usb/stdio_usb_descriptors.c.obj
                0x100079c8                tud_descriptor_device_cb
 .text.tud_descriptor_configuration_cb
                0x100079d0        0x8 CMakeFiles/carrier_receiver_baseband.dir/Users/chanuka.dsc/pico-sdk/src/rp2_common/pico_stdio_usb/stdio_usb_descriptors.c.obj
                0x100079d0                tud_descriptor_configuration_cb
 .text.tud_descriptor_string_cb
                0x100079d8       0x78 CMakeFiles/carrier_receiver_baseband.dir/Users/chanuka.dsc/pico-sdk/src/rp2_common/pico_stdio_usb/stdio_usb_descriptors.c.obj
                0x100079d8                tud_descriptor_string_cb
 .text.startup._retrieve_unique_id_on_boot
                0x10007a50       0x10 CMakeFiles/carrier_receiver_baseband.dir/Users/chanuka.dsc/pico-sdk/src/rp2_common/pico_unique_id/unique_id.c.obj
 .text.pico_get_unique_board_id_string
                0x10007a60      0x1a8 CMakeFiles/carrier_receiver_baseband.dir/Users/chanuka.dsc/pico-sdk/src/rp2_common/pico_unique_id/unique_id.c.obj
                0x10007a60                pico_get_unique_board_id_string
 .text.flash_get_unique_id
                0x10007c08       0x3c CMakeFiles/carrier_receiver_baseband.dir/Users/chanuka.dsc/pico-sdk/src/rp2_common/hardware_flash/flash.c.obj
                0x10007c08                flash_get_unique_id
 .text.dcd_init
                0x10007c44       0x8c CMakeFiles/carrier_receiver_baseband.dir/Users/chanuka.dsc/pico-sdk/lib/tinyusb/src/portable/raspberrypi/rp2040/dcd_rp2040.c.obj
                0x10007c44                dcd_init
 .text.dcd_int_enable
                0x10007cd0        0xc CMakeFiles/carrier_receiver_baseband.dir/Users/chanuka.dsc/pico-sdk/lib/tinyusb/src/portable/raspberrypi/rp2040/dcd_rp2040.c.obj
                0x10007cd0                dcd_int_enable
 .text.dcd_set_address
                0x10007cdc       0x14 CMakeFiles/carrier_receiver_baseband.dir/Users/chanuka.dsc/pico-sdk/lib/tinyusb/src/portable/raspberrypi/rp2040/dcd_rp2040.c.obj
                0x10007cdc                dcd_set_address
 .text.dcd_sof_enable
                0x10007cf0       0x1c CMakeFiles/carrier_receiver_baseband.dir/Users/chanuka.dsc/pico-sdk/lib/tinyusb/src/portable/raspberrypi/rp2040/dcd_rp2040.c.obj
                0x10007cf0                dcd_sof_enable
 .text.dcd_edpt0_status_complete
                0x10007d0c       0x1c CMakeFiles/carrier_receiver_baseband.dir/Users/chanuka.dsc/pico-sdk/lib/tinyusb/src/portable/raspberrypi/rp2040/dcd_rp2040.c.obj
                0x10007d0c                dcd_edpt0_status_complete
 .text.dcd_edpt_open
                0x10007d28      0x108 CMakeFiles/carrier_receiver_baseband.dir/Users/chanuka.dsc/pico-sdk/lib/tinyusb/src/portable/raspberrypi/rp2040/dcd_rp2040.c.obj
                0x10007d28                dcd_edpt_open
 .text.dcd_edpt_close_all
                0x10007e30        0x8 CMakeFiles/carrier_receiver_baseband.dir/Users/chanuka.dsc/pico-sdk/lib/tinyusb/src/portable/raspberrypi/rp2040/dcd_rp2040.c.obj
                0x10007e30                dcd_edpt_close_all
 .text.dcd_edpt_xfer
                0x10007e38       0x24 CMakeFiles/carrier_receiver_baseband.dir/Users/chanuka.dsc/pico-sdk/lib/tinyusb/src/portable/raspberrypi/rp2040/dcd_rp2040.c.obj
                0x10007e38                dcd_edpt_xfer
 .text.dcd_edpt_stall
                0x10007e5c       0x34 CMakeFiles/carrier_receiver_baseband.dir/Users/chanuka.dsc/pico-sdk/lib/tinyusb/src/portable/raspberrypi/rp2040/dcd_rp2040.c.obj
                0x10007e5c                dcd_edpt_stall
 .text.dcd_edpt_clear_stall
                0x10007e90       0x30 CMakeFiles/carrier_receiver_baseband.dir/Users/chanuka.dsc/pico-sdk/lib/tinyusb/src/portable/raspberrypi/rp2040/dcd_rp2040.c.obj
                0x10007e90                dcd_edpt_clear_stall
 .text.rp2040_usb_init
                0x10007ec0       0x40 CMakeFiles/carrier_receiver_baseband.dir/Users/chanuka.dsc/pico-sdk/lib/tinyusb/src/portable/raspberrypi/rp2040/rp2040_usb.c.obj
                0x10007ec0                rp2040_usb_init
 .text.hw_endpoint_xfer_start
                0x10007f00       0x40 CMakeFiles/carrier_receiver_baseband.dir/Users/chanuka.dsc/pico-sdk/lib/tinyusb/src/portable/raspberrypi/rp2040/rp2040_usb.c.obj
                0x10007f00                hw_endpoint_xfer_start
 .text.tud_event_hook_cb
                0x10007f40        0x4 CMakeFiles/carrier_receiver_baseband.dir/Users/chanuka.dsc/pico-sdk/lib/tinyusb/src/device/usbd.c.obj
                0x10007f40                tud_event_hook_cb
 .text.tud_sof_cb
                0x10007f44        0x4 CMakeFiles/carrier_receiver_baseband.dir/Users/chanuka.dsc/pico-sdk/lib/tinyusb/src/device/usbd.c.obj
                0x10007f44                tud_sof_cb
 .text.tud_descriptor_device_qualifier_cb
                0x10007f48        0x4 CMakeFiles/carrier_receiver_baseband.dir/Users/chanuka.dsc/pico-sdk/lib/tinyusb/src/device/usbd.c.obj
                0x10007f48                tud_descriptor_device_qualifier_cb
 .text.tud_descriptor_other_speed_configuration_cb
                0x10007f4c        0x4 CMakeFiles/carrier_receiver_baseband.dir/Users/chanuka.dsc/pico-sdk/lib/tinyusb/src/device/usbd.c.obj
                0x10007f4c                tud_descriptor_other_speed_configuration_cb
 .text.tud_mount_cb
                0x10007f50        0x4 CMakeFiles/carrier_receiver_baseband.dir/Users/chanuka.dsc/pico-sdk/lib/tinyusb/src/device/usbd.c.obj
                0x10007f50                tud_mount_cb
 .text.tud_umount_cb
                0x10007f54        0x4 CMakeFiles/carrier_receiver_baseband.dir/Users/chanuka.dsc/pico-sdk/lib/tinyusb/src/device/usbd.c.obj
                0x10007f54                tud_umount_cb
 .text.tud_suspend_cb
                0x10007f58        0x4 CMakeFiles/carrier_receiver_baseband.dir/Users/chanuka.dsc/pico-sdk/lib/tinyusb/src/device/usbd.c.obj
                0x10007f58                tud_suspend_cb
 .text.tud_resume_cb
                0x10007f5c        0x4 CMakeFiles/carrier_receiver_baseband.dir/Users/chanuka.dsc/pico-sdk/lib/tinyusb/src/device/usbd.c.obj
                0x10007f5c                tud_resume_cb
 .text.tud_mounted
                0x10007f60       0x10 CMakeFiles/carrier_receiver_baseband.dir/Users/chanuka.dsc/pico-sdk/lib/tinyusb/src/device/usbd.c.obj
                0x10007f60                tud_mounted
 .text.tud_suspended
                0x10007f70       0x10 CMakeFiles/carrier_receiver_baseband.dir/Users/chanuka.dsc/pico-sdk/lib/tinyusb/src/device/usbd.c.obj
                0x10007f70                tud_suspended
 .text.tud_init
                0x10007f80       0xe4 CMakeFiles/carrier_receiver_baseband.dir/Users/chanuka.dsc/pico-sdk/lib/tinyusb/src/device/usbd.c.obj
                0x10007f80                tud_init
 .text.tud_task_ext
                0x10008064      0x800 CMakeFiles/carrier_receiver_baseband.dir/Users/chanuka.dsc/pico-sdk/lib/tinyusb/src/device/usbd.c.obj
                0x10008064                tud_task_ext
 .text.usbd_open_edpt_pair
                0x10008864       0x9c CMakeFiles/carrier_receiver_baseband.dir/Users/chanuka.dsc/pico-sdk/lib/tinyusb/src/device/usbd.c.obj
                0x10008864                usbd_open_edpt_pair
 .text.usbd_edpt_open
                0x10008900       0x34 CMakeFiles/carrier_receiver_baseband.dir/Users/chanuka.dsc/pico-sdk/lib/tinyusb/src/device/usbd.c.obj
                0x10008900                usbd_edpt_open
 .text.usbd_edpt_claim
                0x10008934       0x28 CMakeFiles/carrier_receiver_baseband.dir/Users/chanuka.dsc/pico-sdk/lib/tinyusb/src/device/usbd.c.obj
                0x10008934                usbd_edpt_claim
 .text.usbd_edpt_release
                0x1000895c       0x28 CMakeFiles/carrier_receiver_baseband.dir/Users/chanuka.dsc/pico-sdk/lib/tinyusb/src/device/usbd.c.obj
                0x1000895c                usbd_edpt_release
 .text.usbd_edpt_xfer
                0x10008984       0x4c CMakeFiles/carrier_receiver_baseband.dir/Users/chanuka.dsc/pico-sdk/lib/tinyusb/src/device/usbd.c.obj
                0x10008984                usbd_edpt_xfer
 .text.tud_control_status
                0x100089d0       0x2c CMakeFiles/carrier_receiver_baseband.dir/Users/chanuka.dsc/pico-sdk/lib/tinyusb/src/device/usbd_control.c.obj
                0x100089d0                tud_control_status
 .text.tud_control_xfer
                0x100089fc       0xac CMakeFiles/carrier_receiver_baseband.dir/Users/chanuka.dsc/pico-sdk/lib/tinyusb/src/device/usbd_control.c.obj
                0x100089fc                tud_control_xfer
 .text.usbd_control_reset
                0x10008aa8       0x14 CMakeFiles/carrier_receiver_baseband.dir/Users/chanuka.dsc/pico-sdk/lib/tinyusb/src/device/usbd_control.c.obj
                0x10008aa8                usbd_control_reset
 .text.usbd_control_set_complete_callback
                0x10008abc        0xc CMakeFiles/carrier_receiver_baseband.dir/Users/chanuka.dsc/pico-sdk/lib/tinyusb/src/device/usbd_control.c.obj
                0x10008abc                usbd_control_set_complete_callback
 .text.usbd_control_set_request
                0x10008ac8       0x1c CMakeFiles/carrier_receiver_baseband.dir/Users/chanuka.dsc/pico-sdk/lib/tinyusb/src/device/usbd_control.c.obj
                0x10008ac8                usbd_control_set_request
 .text.usbd_control_xfer_cb
                0x10008ae4       0xec CMakeFiles/carrier_receiver_baseband.dir/Users/chanuka.dsc/pico-sdk/lib/tinyusb/src/device/usbd_control.c.obj
                0x10008ae4                usbd_control_xfer_cb
 .text._prep_out_transaction.isra.0
                0x10008bd0       0x5c CMakeFiles/carrier_receiver_baseband.dir/Users/chanuka.dsc/pico-sdk/lib/tinyusb/src/class/cdc/cdc_device.c.obj
 .text.tud_cdc_n_connected
                0x10008c2c       0x30 CMakeFiles/carrier_receiver_baseband.dir/Users/chanuka.dsc/pico-sdk/lib/tinyusb/src/class/cdc/cdc_device.c.obj
                0x10008c2c                tud_cdc_n_connected
 .text.tud_cdc_n_available
                0x10008c5c       0x18 CMakeFiles/carrier_receiver_baseband.dir/Users/chanuka.dsc/pico-sdk/lib/tinyusb/src/class/cdc/cdc_device.c.obj
                0x10008c5c                tud_cdc_n_available
 .text.tud_cdc_n_read
                0x10008c74       0x98 CMakeFiles/carrier_receiver_baseband.dir/Users/chanuka.dsc/pico-sdk/lib/tinyusb/src/class/cdc/cdc_device.c.obj
                0x10008c74                tud_cdc_n_read
 .text.tud_cdc_n_write_flush
                0x10008d0c       0x78 CMakeFiles/carrier_receiver_baseband.dir/Users/chanuka.dsc/pico-sdk/lib/tinyusb/src/class/cdc/cdc_device.c.obj
                0x10008d0c                tud_cdc_n_write_flush
 .text.tud_cdc_n_write
                0x10008d84       0x40 CMakeFiles/carrier_receiver_baseband.dir/Users/chanuka.dsc/pico-sdk/lib/tinyusb/src/class/cdc/cdc_device.c.obj
                0x10008d84                tud_cdc_n_write
 .text.tud_cdc_n_write_available
                0x10008dc4       0x18 CMakeFiles/carrier_receiver_baseband.dir/Users/chanuka.dsc/pico-sdk/lib/tinyusb/src/class/cdc/cdc_device.c.obj
                0x10008dc4                tud_cdc_n_write_available
 .text.cdcd_init
                0x10008ddc       0x7c CMakeFiles/carrier_receiver_baseband.dir/Users/chanuka.dsc/pico-sdk/lib/tinyusb/src/class/cdc/cdc_device.c.obj
                0x10008ddc                cdcd_init
 .text.cdcd_deinit
                0x10008e58       0x34 CMakeFiles/carrier_receiver_baseband.dir/Users/chanuka.dsc/pico-sdk/lib/tinyusb/src/class/cdc/cdc_device.c.obj
                0x10008e58                cdcd_deinit
 .text.cdcd_reset
                0x10008e8c       0x4c CMakeFiles/carrier_receiver_baseband.dir/Users/chanuka.dsc/pico-sdk/lib/tinyusb/src/class/cdc/cdc_device.c.obj
                0x10008e8c                cdcd_reset
 .text.cdcd_open
                0x10008ed8       0xb0 CMakeFiles/carrier_receiver_baseband.dir/Users/chanuka.dsc/pico-sdk/lib/tinyusb/src/class/cdc/cdc_device.c.obj
                0x10008ed8                cdcd_open
 .text.cdcd_control_xfer_cb
                0x10008f88       0xe4 CMakeFiles/carrier_receiver_baseband.dir/Users/chanuka.dsc/pico-sdk/lib/tinyusb/src/class/cdc/cdc_device.c.obj
                0x10008f88                cdcd_control_xfer_cb
 .text.cdcd_xfer_cb
                0x1000906c      0x100 CMakeFiles/carrier_receiver_baseband.dir/Users/chanuka.dsc/pico-sdk/lib/tinyusb/src/class/cdc/cdc_device.c.obj
                0x1000906c                cdcd_xfer_cb
 .text.tud_vendor_n_write_flush
                0x1000916c       0x78 CMakeFiles/carrier_receiver_baseband.dir/Users/chanuka.dsc/pico-sdk/lib/tinyusb/src/class/vendor/vendor_device.c.obj
                0x1000916c                tud_vendor_n_write_flush
 .text.vendord_init
                0x100091e4       0x64 CMakeFiles/carrier_receiver_baseband.dir/Users/chanuka.dsc/pico-sdk/lib/tinyusb/src/class/vendor/vendor_device.c.obj
                0x100091e4                vendord_init
 .text.vendord_deinit
                0x10009248       0x34 CMakeFiles/carrier_receiver_baseband.dir/Users/chanuka.dsc/pico-sdk/lib/tinyusb/src/class/vendor/vendor_device.c.obj
                0x10009248                vendord_deinit
 .text.vendord_reset
                0x1000927c       0x1c CMakeFiles/carrier_receiver_baseband.dir/Users/chanuka.dsc/pico-sdk/lib/tinyusb/src/class/vendor/vendor_device.c.obj
                0x1000927c                vendord_reset
 .text.vendord_open
                0x10009298       0xd8 CMakeFiles/carrier_receiver_baseband.dir/Users/chanuka.dsc/pico-sdk/lib/tinyusb/src/class/vendor/vendor_device.c.obj
                0x10009298                vendord_open
 .text.vendord_xfer_cb
                0x10009370       0xc8 CMakeFiles/carrier_receiver_baseband.dir/Users/chanuka.dsc/pico-sdk/lib/tinyusb/src/class/vendor/vendor_device.c.obj
                0x10009370                vendord_xfer_cb
 .text.tusb_init
                0x10009438        0xc CMakeFiles/carrier_receiver_baseband.dir/Users/chanuka.dsc/pico-sdk/lib/tinyusb/src/tusb.c.obj
                0x10009438                tusb_init
 .text.tu_edpt_claim
                0x10009444       0x50 CMakeFiles/carrier_receiver_baseband.dir/Users/chanuka.dsc/pico-sdk/lib/tinyusb/src/tusb.c.obj
                0x10009444                tu_edpt_claim
 .text.tu_edpt_release
                0x10009494       0x38 CMakeFiles/carrier_receiver_baseband.dir/Users/chanuka.dsc/pico-sdk/lib/tinyusb/src/tusb.c.obj
                0x10009494                tu_edpt_release
 .text.tu_edpt_validate
                0x100094cc       0x7c CMakeFiles/carrier_receiver_baseband.dir/Users/chanuka.dsc/pico-sdk/lib/tinyusb/src/tusb.c.obj
                0x100094cc                tu_edpt_validate
 .text.tu_edpt_bind_driver
                0x10009548       0x34 CMakeFiles/carrier_receiver_baseband.dir/Users/chanuka.dsc/pico-sdk/lib/tinyusb/src/tusb.c.obj
                0x10009548                tu_edpt_bind_driver
 .text.tu_fifo_config
                0x1000957c       0x6c CMakeFiles/carrier_receiver_baseband.dir/Users/chanuka.dsc/pico-sdk/lib/tinyusb/src/common/tusb_fifo.c.obj
                0x1000957c                tu_fifo_config
 .text.tu_fifo_count
                0x100095e8       0x2c CMakeFiles/carrier_receiver_baseband.dir/Users/chanuka.dsc/pico-sdk/lib/tinyusb/src/common/tusb_fifo.c.obj
                0x100095e8                tu_fifo_count
 .text.tu_fifo_empty
                0x10009614       0x10 CMakeFiles/carrier_receiver_baseband.dir/Users/chanuka.dsc/pico-sdk/lib/tinyusb/src/common/tusb_fifo.c.obj
                0x10009614                tu_fifo_empty
 .text.tu_fifo_remaining
                0x10009624       0x2c CMakeFiles/carrier_receiver_baseband.dir/Users/chanuka.dsc/pico-sdk/lib/tinyusb/src/common/tusb_fifo.c.obj
                0x10009624                tu_fifo_remaining
 .text.tu_fifo_read
                0x10009650       0x9c CMakeFiles/carrier_receiver_baseband.dir/Users/chanuka.dsc/pico-sdk/lib/tinyusb/src/common/tusb_fifo.c.obj
                0x10009650                tu_fifo_read
 .text.tu_fifo_read_n
                0x100096ec       0xe8 CMakeFiles/carrier_receiver_baseband.dir/Users/chanuka.dsc/pico-sdk/lib/tinyusb/src/common/tusb_fifo.c.obj
                0x100096ec                tu_fifo_read_n
 .text.tu_fifo_write
                0x100097d4       0xa8 CMakeFiles/carrier_receiver_baseband.dir/Users/chanuka.dsc/pico-sdk/lib/tinyusb/src/common/tusb_fifo.c.obj
                0x100097d4                tu_fifo_write
 .text.tu_fifo_write_n
                0x1000987c      0x178 CMakeFiles/carrier_receiver_baseband.dir/Users/chanuka.dsc/pico-sdk/lib/tinyusb/src/common/tusb_fifo.c.obj
                0x1000987c                tu_fifo_write_n
 .text.tu_fifo_clear
                0x100099f4       0x40 CMakeFiles/carrier_receiver_baseband.dir/Users/chanuka.dsc/pico-sdk/lib/tinyusb/src/common/tusb_fifo.c.obj
                0x100099f4                tu_fifo_clear
 .text.tu_fifo_set_overwritable
                0x10009a34       0x48 CMakeFiles/carrier_receiver_baseband.dir/Users/chanuka.dsc/pico-sdk/lib/tinyusb/src/common/tusb_fifo.c.obj
                0x10009a34                tu_fifo_set_overwritable
 .text.pio_add_program_at_offset
                0x10009a7c       0xb0 CMakeFiles/carrier_receiver_baseband.dir/Users/chanuka.dsc/pico-sdk/src/rp2_common/hardware_pio/pio.c.obj
                0x10009a7c                pio_add_program_at_offset
 .text.pio_sm_set_consecutive_pindirs
                0x10009b2c       0xb4 CMakeFiles/carrier_receiver_baseband.dir/Users/chanuka.dsc/pico-sdk/src/rp2_common/hardware_pio/pio.c.obj
                0x10009b2c                pio_sm_set_consecutive_pindirs
 .text.pio_sm_init
                0x10009be0       0x98 CMakeFiles/carrier_receiver_baseband.dir/Users/chanuka.dsc/pico-sdk/src/rp2_common/hardware_pio/pio.c.obj
                0x10009be0                pio_sm_init
 .text.spi_init
                0x10009c78      0x13c CMakeFiles/carrier_receiver_baseband.dir/Users/chanuka.dsc/pico-sdk/src/rp2_common/hardware_spi/spi.c.obj
                0x10009c78                spi_init
 .text.calloc   0x10009db4       0x18 /Users/chanuka.dsc/ARM-Toolchain/bin/../lib/gcc/arm-none-eabi/13.3.1/../../../../arm-none-eabi/lib/thumb/v6-m/nofp/libg.a(libc_a-calloc.o)
                0x10009db4                calloc
 .text._calloc_r
                0x10009dcc       0xa8 /Users/chanuka.dsc/ARM-Toolchain/bin/../lib/gcc/arm-none-eabi/13.3.1/../../../../arm-none-eabi/lib/thumb/v6-m/nofp/libg.a(libc_a-callocr.o)
                0x10009dcc                _calloc_r
 .text._malloc_r
                0x10009e74      0x5c4 /Users/chanuka.dsc/ARM-Toolchain/bin/../lib/gcc/arm-none-eabi/13.3.1/../../../../arm-none-eabi/lib/thumb/v6-m/nofp/libg.a(libc_a-mallocr.o)
                0x10009e74                _malloc_r
 .text.__malloc_lock
                0x1000a438       0x10 /Users/chanuka.dsc/ARM-Toolchain/bin/../lib/gcc/arm-none-eabi/13.3.1/../../../../arm-none-eabi/lib/thumb/v6-m/nofp/libg.a(libc_a-mlock.o)
                0x1000a438                __malloc_lock
 .text.__malloc_unlock
                0x1000a448       0x10 /Users/chanuka.dsc/ARM-Toolchain/bin/../lib/gcc/arm-none-eabi/13.3.1/../../../../arm-none-eabi/lib/thumb/v6-m/nofp/libg.a(libc_a-mlock.o)
                0x1000a448                __malloc_unlock
 .text._sbrk_r  0x1000a458       0x24 /Users/chanuka.dsc/ARM-Toolchain/bin/../lib/gcc/arm-none-eabi/13.3.1/../../../../arm-none-eabi/lib/thumb/v6-m/nofp/libg.a(libc_a-sbrkr.o)
                0x1000a458                _sbrk_r
 .text.__errno  0x1000a47c        0xc /Users/chanuka.dsc/ARM-Toolchain/bin/../lib/gcc/arm-none-eabi/13.3.1/../../../../arm-none-eabi/lib/thumb/v6-m/nofp/libg.a(libc_a-errno.o)
                0x1000a47c                __errno
 .text.sysconf  0x1000a488       0x1c /Users/chanuka.dsc/ARM-Toolchain/bin/../lib/gcc/arm-none-eabi/13.3.1/../../../../arm-none-eabi/lib/thumb/v6-m/nofp/libg.a(libc_a-sysconf.o)
                0x1000a488                sysconf
 .text.__retarget_lock_acquire_recursive
                0x1000a4a4        0x4 /Users/chanuka.dsc/ARM-Toolchain/bin/../lib/gcc/arm-none-eabi/13.3.1/../../../../arm-none-eabi/lib/thumb/v6-m/nofp/libg.a(libc_a-lock.o)
                0x1000a4a4                __retarget_lock_acquire_recursive
 .text.__retarget_lock_release_recursive
                0x1000a4a8        0x4 /Users/chanuka.dsc/ARM-Toolchain/bin/../lib/gcc/arm-none-eabi/13.3.1/../../../../arm-none-eabi/lib/thumb/v6-m/nofp/libg.a(libc_a-lock.o)
                0x1000a4a8                __retarget_lock_release_recursive
 .text.strlen   0x1000a4ac       0x5c /Users/chanuka.dsc/ARM-Toolchain/bin/../lib/gcc/arm-none-eabi/13.3.1/../../../../arm-none-eabi/lib/thumb/v6-m/nofp/libg.a(libc_a-strlen-stub.o)
                0x1000a4ac                strlen
 .text._malloc_trim_r
                0x1000a508       0xb4 /Users/chanuka.dsc/ARM-Toolchain/bin/../lib/gcc/arm-none-eabi/13.3.1/../../../../arm-none-eabi/lib/thumb/v6-m/nofp/libg.a(libc_a-freer.o)
                0x1000a508                _malloc_trim_r
 .text._free_r  0x1000a5bc      0x1d4 /Users/chanuka.dsc/ARM-Toolchain/bin/../lib/gcc/arm-none-eabi/13.3.1/../../../../arm-none-eabi/lib/thumb/v6-m/nofp/libg.a(libc_a-freer.o)
                0x1000a5bc                _free_r
 *(.fini)
 .fini          0x1000a790        0x4 /Users/chanuka.dsc/ARM-Toolchain/bin/../lib/gcc/arm-none-eabi/13.3.1/thumb/v6-m/nofp/crti.o
                0x1000a790                _fini
 *fill*         0x1000a794        0x4 
 .fini.__stub   0x1000a798       0xe0 linker stubs
 *crtbegin.o(.ctors)
 *crtbegin?.o(.ctors)
 *(EXCLUDE_FILE(*crtend.o *crtend?.o) .ctors)
 *(SORT_BY_NAME(.ctors.*))
 *(.ctors)
 *crtbegin.o(.dtors)
 *crtbegin?.o(.dtors)
 *(EXCLUDE_FILE(*crtend.o *crtend?.o) .dtors)
 *(SORT_BY_NAME(.dtors.*))
 *(.dtors)
                0x1000a878                        . = ALIGN (0x4)
                0x1000a878                        PROVIDE (__preinit_array_start = .)
 *(SORT_BY_NAME(.preinit_array.*))
 .preinit_array.00100
                0x1000a878        0x4 CMakeFiles/carrier_receiver_baseband.dir/Users/chanuka.dsc/pico-sdk/src/rp2_common/pico_runtime_init/runtime_init.c.obj
                0x1000a878                __pre_init_runtime_init_early_resets
 .preinit_array.00101
                0x1000a87c        0x4 CMakeFiles/carrier_receiver_baseband.dir/Users/chanuka.dsc/pico-sdk/src/rp2_common/pico_runtime_init/runtime_init.c.obj
                0x1000a87c                __pre_init_runtime_init_usb_power_down
 .preinit_array.00275
                0x1000a880        0x4 CMakeFiles/carrier_receiver_baseband.dir/Users/chanuka.dsc/pico-sdk/src/rp2_common/pico_bit_ops/bit_ops_aeabi.S.obj
 .preinit_array.00300
                0x1000a884        0x4 CMakeFiles/carrier_receiver_baseband.dir/Users/chanuka.dsc/pico-sdk/src/rp2_common/pico_mem_ops/mem_ops_aeabi.S.obj
 .preinit_array.00350
                0x1000a888        0x4 CMakeFiles/carrier_receiver_baseband.dir/Users/chanuka.dsc/pico-sdk/src/rp2_common/pico_double/double_aeabi_rp2040.S.obj
 .preinit_array.00350
                0x1000a88c        0x4 CMakeFiles/carrier_receiver_baseband.dir/Users/chanuka.dsc/pico-sdk/src/rp2_common/pico_float/float_aeabi_rp2040.S.obj
 .preinit_array.00500
                0x1000a890        0x4 CMakeFiles/carrier_receiver_baseband.dir/Users/chanuka.dsc/pico-sdk/src/rp2_common/pico_runtime_init/runtime_init.c.obj
                0x1000a890                __pre_init_runtime_init_clocks
 .preinit_array.00600
                0x1000a894        0x4 CMakeFiles/carrier_receiver_baseband.dir/Users/chanuka.dsc/pico-sdk/src/rp2_common/pico_runtime_init/runtime_init.c.obj
                0x1000a894                __pre_init_runtime_init_post_clock_resets
 .preinit_array.00700
                0x1000a898        0x4 CMakeFiles/carrier_receiver_baseband.dir/Users/chanuka.dsc/pico-sdk/src/rp2_common/pico_runtime_init/runtime_init.c.obj
                0x1000a898                __pre_init_runtime_init_rp2040_gpio_ie_disable
 .preinit_array.01000
                0x1000a89c        0x4 CMakeFiles/carrier_receiver_baseband.dir/Users/chanuka.dsc/pico-sdk/src/rp2_common/pico_runtime_init/runtime_init.c.obj
                0x1000a89c                __pre_init_runtime_init_spin_locks_reset
 .preinit_array.01100
                0x1000a8a0        0x4 CMakeFiles/carrier_receiver_baseband.dir/Users/chanuka.dsc/pico-sdk/src/common/pico_sync/mutex.c.obj
                0x1000a8a0                __pre_init_runtime_init_mutex
 .preinit_array.10080
                0x1000a8a4        0x4 CMakeFiles/carrier_receiver_baseband.dir/Users/chanuka.dsc/pico-sdk/src/rp2_common/pico_runtime_init/runtime_init.c.obj
                0x1000a8a4                __pre_init_runtime_init_install_ram_vector_table
 .preinit_array.11000
                0x1000a8a8        0x4 CMakeFiles/carrier_receiver_baseband.dir/Users/chanuka.dsc/pico-sdk/src/common/pico_time/time.c.obj
                0x1000a8a8                __pre_init_runtime_init_default_alarm_pool
 .preinit_array.YYYYY
                0x1000a8ac        0x4 CMakeFiles/carrier_receiver_baseband.dir/Users/chanuka.dsc/pico-sdk/src/rp2_common/pico_runtime/runtime.c.obj
                0x1000a8ac                __pre_init_first_per_core_initializer
 .preinit_array.ZZZZZ.01200
                0x1000a8b0        0x4 CMakeFiles/carrier_receiver_baseband.dir/Users/chanuka.dsc/pico-sdk/src/rp2_common/hardware_irq/irq.c.obj
                0x1000a8b0                __pre_init_runtime_init_per_core_irq_priorities
 *(.preinit_array)
                0x1000a8b4                        PROVIDE (__preinit_array_end = .)
                0x1000a8b4                        . = ALIGN (0x4)
                0x1000a8b4                        PROVIDE (__init_array_start = .)
 *(SORT_BY_NAME(.init_array.*))
 *(.init_array)
 .init_array    0x1000a8b4        0x4 /Users/chanuka.dsc/ARM-Toolchain/bin/../lib/gcc/arm-none-eabi/13.3.1/thumb/v6-m/nofp/crtbegin.o
 .init_array    0x1000a8b8        0x4 CMakeFiles/carrier_receiver_baseband.dir/Users/chanuka.dsc/pico-sdk/src/rp2_common/pico_unique_id/unique_id.c.obj
                0x1000a8bc                        PROVIDE (__init_array_end = .)
                0x1000a8bc                        . = ALIGN (0x4)
                [!provide]                        PROVIDE (__fini_array_start = .)
 *(SORT_BY_NAME(.fini_array.*))
 *(.fini_array)
                [!provide]                        PROVIDE (__fini_array_end = .)
 *(.eh_frame*)
 .eh_frame      0x1000a8bc        0x0 /Users/chanuka.dsc/ARM-Toolchain/bin/../lib/gcc/arm-none-eabi/13.3.1/thumb/v6-m/nofp/crtbegin.o
                0x1000a8bc                        . = ALIGN (0x4)

.glue_7         0x1000a8bc        0x0
 .glue_7        0x1000a8bc        0x0 linker stubs

.glue_7t        0x1000a8bc        0x0
 .glue_7t       0x1000a8bc        0x0 linker stubs

.vfp11_veneer   0x1000a8bc        0x0
 .vfp11_veneer  0x1000a8bc        0x0 linker stubs

.v4_bx          0x1000a8bc        0x0
 .v4_bx         0x1000a8bc        0x0 linker stubs

.iplt           0x1000a8bc        0x0
 .iplt          0x1000a8bc        0x0 /Users/chanuka.dsc/ARM-Toolchain/bin/../lib/gcc/arm-none-eabi/13.3.1/thumb/v6-m/nofp/crtbegin.o

.rodata         0x1000a8c0      0xbb4
 *(EXCLUDE_FILE(*libm.a: *libc.a:*lib_a-mem*.o *libgcc.a:) .rodata*)
 .rodata.main.str1.4
                0x1000a8c0      0x6fc CMakeFiles/carrier_receiver_baseband.dir/main.c.obj
                                 0x86 (size before relaxing)
 .rodata.__bi_68.0
                0x1000afbc        0x8 CMakeFiles/carrier_receiver_baseband.dir/main.c.obj
 .rodata.str1.4
                0x1000afc4       0x1f CMakeFiles/carrier_receiver_baseband.dir/main.c.obj
 .rodata.__bi_74.1
                0x1000afc4        0xc CMakeFiles/carrier_receiver_baseband.dir/main.c.obj
 .rodata.__bi_80.2
                0x1000afd0        0xc CMakeFiles/carrier_receiver_baseband.dir/main.c.obj
 .rodata.generate_data.str1.4
                0x1000afdc       0x39 CMakeFiles/carrier_receiver_baseband.dir/Users/chanuka.dsc/UU/WCNES_Proj/wcnes-project2026/project_pico_libs/packet_generation.c.obj
 .rodata.printPacket.str1.4
                0x1000afdc       0x7e CMakeFiles/carrier_receiver_baseband.dir/Users/chanuka.dsc/UU/WCNES_Proj/wcnes-project2026/project_pico_libs/receiver_CC2500.c.obj
 .rodata.set_datarate_rx.str1.4
                0x1000afdc       0x1b CMakeFiles/carrier_receiver_baseband.dir/Users/chanuka.dsc/UU/WCNES_Proj/wcnes-project2026/project_pico_libs/receiver_CC2500.c.obj
 .rodata.set_filter_bandwidth_rx.str1.4
                0x1000afdc       0x17 CMakeFiles/carrier_receiver_baseband.dir/Users/chanuka.dsc/UU/WCNES_Proj/wcnes-project2026/project_pico_libs/receiver_CC2500.c.obj
 .rodata.set_frequency_deviation_rx.str1.4
                0x1000afdc       0x1a CMakeFiles/carrier_receiver_baseband.dir/Users/chanuka.dsc/UU/WCNES_Proj/wcnes-project2026/project_pico_libs/receiver_CC2500.c.obj
 .rodata.set_frecuency_rx.str1.4
                0x1000afdc       0x23 CMakeFiles/carrier_receiver_baseband.dir/Users/chanuka.dsc/UU/WCNES_Proj/wcnes-project2026/project_pico_libs/receiver_CC2500.c.obj
 .rodata.set_frecuency_tx.str1.4
                0x1000afdc       0x23 CMakeFiles/carrier_receiver_baseband.dir/Users/chanuka.dsc/UU/WCNES_Proj/wcnes-project2026/project_pico_libs/carrier_CC2500.c.obj
 .rodata.generatePIOprogram.str1.4
                0x1000afdc      0x11d CMakeFiles/carrier_receiver_baseband.dir/Users/chanuka.dsc/UU/WCNES_Proj/wcnes-project2026/project_pico_libs/backscatter.c.obj
 .rodata.backscatter_program_init.str1.4
                0x1000afdc      0x270 CMakeFiles/carrier_receiver_baseband.dir/Users/chanuka.dsc/UU/WCNES_Proj/wcnes-project2026/project_pico_libs/backscatter.c.obj
 .rodata.panic.str1.4
                0x1000afdc       0x12 CMakeFiles/carrier_receiver_baseband.dir/Users/chanuka.dsc/pico-sdk/src/rp2_common/pico_platform_panic/panic.c.obj
 .rodata.spin_lock_claim_unused.str1.4
                0x1000afdc       0x1b CMakeFiles/carrier_receiver_baseband.dir/Users/chanuka.dsc/pico-sdk/src/rp2_common/hardware_sync/sync.c.obj
 .rodata.user_irq_claim_unused.str1.4
                0x1000afdc       0x1b CMakeFiles/carrier_receiver_baseband.dir/Users/chanuka.dsc/pico-sdk/src/rp2_common/hardware_irq/irq.c.obj
 .rodata.timer_hardware_alarm_claim.str1.4
                0x1000afdc       0x22 CMakeFiles/carrier_receiver_baseband.dir/Users/chanuka.dsc/pico-sdk/src/rp2_common/hardware_timer/timer.c.obj
 .rodata.hard_assertion_failure.str1.4
                0x1000afdc        0xc CMakeFiles/carrier_receiver_baseband.dir/Users/chanuka.dsc/pico-sdk/src/rp2_common/pico_runtime/runtime.c.obj
 .rodata.__wrap_malloc.str1.4
                0x1000afdc        0xe CMakeFiles/carrier_receiver_baseband.dir/Users/chanuka.dsc/pico-sdk/src/rp2_common/pico_malloc/malloc.c.obj
 .rodata.str1.4
                0x1000afdc       0x40 CMakeFiles/carrier_receiver_baseband.dir/Users/chanuka.dsc/pico-sdk/src/rp2_common/pico_standard_binary_info/standard_binary_info.c.obj
 .rodata.__bi_84
                0x1000afdc        0xc CMakeFiles/carrier_receiver_baseband.dir/Users/chanuka.dsc/pico-sdk/src/rp2_common/pico_standard_binary_info/standard_binary_info.c.obj
 .rodata.__bi_54
                0x1000afe8        0xc CMakeFiles/carrier_receiver_baseband.dir/Users/chanuka.dsc/pico-sdk/src/rp2_common/pico_standard_binary_info/standard_binary_info.c.obj
 .rodata.__bi_48
                0x1000aff4        0xc CMakeFiles/carrier_receiver_baseband.dir/Users/chanuka.dsc/pico-sdk/src/rp2_common/pico_standard_binary_info/standard_binary_info.c.obj
 .rodata.__bi_42
                0x1000b000        0xc CMakeFiles/carrier_receiver_baseband.dir/Users/chanuka.dsc/pico-sdk/src/rp2_common/pico_standard_binary_info/standard_binary_info.c.obj
 .rodata.__bi_34
                0x1000b00c        0xc CMakeFiles/carrier_receiver_baseband.dir/Users/chanuka.dsc/pico-sdk/src/rp2_common/pico_standard_binary_info/standard_binary_info.c.obj
 .rodata.__bi_26
                0x1000b018        0xc CMakeFiles/carrier_receiver_baseband.dir/Users/chanuka.dsc/pico-sdk/src/rp2_common/pico_standard_binary_info/standard_binary_info.c.obj
 .rodata._ftoa.str1.4
                0x1000b024       0x15 CMakeFiles/carrier_receiver_baseband.dir/Users/chanuka.dsc/pico-sdk/src/rp2_common/pico_printf/printf.c.obj
 .rodata._vsnprintf
                0x1000b024      0x19c CMakeFiles/carrier_receiver_baseband.dir/Users/chanuka.dsc/pico-sdk/src/rp2_common/pico_printf/printf.c.obj
 .rodata.pow10.0
                0x1000b1c0       0x50 CMakeFiles/carrier_receiver_baseband.dir/Users/chanuka.dsc/pico-sdk/src/rp2_common/pico_printf/printf.c.obj
 .rodata.crlf_str.0
                0x1000b210        0x2 CMakeFiles/carrier_receiver_baseband.dir/Users/chanuka.dsc/pico-sdk/src/rp2_common/pico_stdio/stdio.c.obj
 *fill*         0x1000b212        0x2 
 .rodata._resetd_driver
                0x1000b214       0x20 CMakeFiles/carrier_receiver_baseband.dir/Users/chanuka.dsc/pico-sdk/src/rp2_common/pico_stdio_usb/reset_interface.c.obj
 .rodata.desc_ms_os_20
                0x1000b234       0xa6 CMakeFiles/carrier_receiver_baseband.dir/Users/chanuka.dsc/pico-sdk/src/rp2_common/pico_stdio_usb/reset_interface.c.obj
 *fill*         0x1000b2da        0x2 
 .rodata.desc_bos
                0x1000b2dc       0x21 CMakeFiles/carrier_receiver_baseband.dir/Users/chanuka.dsc/pico-sdk/src/rp2_common/pico_stdio_usb/reset_interface.c.obj
                0x1000b2dc                desc_bos
 .rodata.str1.4
                0x1000b2fd       0x13 CMakeFiles/carrier_receiver_baseband.dir/Users/chanuka.dsc/pico-sdk/src/rp2_common/pico_stdio_usb/stdio_usb.c.obj
 *fill*         0x1000b2fd        0x3 
 .rodata.__bi_197.0
                0x1000b300        0xc CMakeFiles/carrier_receiver_baseband.dir/Users/chanuka.dsc/pico-sdk/src/rp2_common/pico_stdio_usb/stdio_usb.c.obj
 .rodata.str1.4
                0x1000b30c       0x2a CMakeFiles/carrier_receiver_baseband.dir/Users/chanuka.dsc/pico-sdk/src/rp2_common/pico_stdio_usb/stdio_usb_descriptors.c.obj
 .rodata.usbd_desc_str
                0x1000b30c       0x18 CMakeFiles/carrier_receiver_baseband.dir/Users/chanuka.dsc/pico-sdk/src/rp2_common/pico_stdio_usb/stdio_usb_descriptors.c.obj
 .rodata.usbd_desc_cfg
                0x1000b324       0x54 CMakeFiles/carrier_receiver_baseband.dir/Users/chanuka.dsc/pico-sdk/src/rp2_common/pico_stdio_usb/stdio_usb_descriptors.c.obj
 .rodata.usbd_desc_device
                0x1000b378       0x12 CMakeFiles/carrier_receiver_baseband.dir/Users/chanuka.dsc/pico-sdk/src/rp2_common/pico_stdio_usb/stdio_usb_descriptors.c.obj
 .rodata.str1.4
                0x1000b38a       0x14 CMakeFiles/carrier_receiver_baseband.dir/Users/chanuka.dsc/pico-sdk/lib/tinyusb/src/portable/raspberrypi/rp2040/dcd_rp2040.c.obj
 .rodata.str1.4
                0x1000b38a       0x48 CMakeFiles/carrier_receiver_baseband.dir/Users/chanuka.dsc/pico-sdk/lib/tinyusb/src/portable/raspberrypi/rp2040/rp2040_usb.c.obj
 *fill*         0x1000b38a        0x2 
 .rodata.tud_task_ext
                0x1000b38c       0x8c CMakeFiles/carrier_receiver_baseband.dir/Users/chanuka.dsc/pico-sdk/lib/tinyusb/src/device/usbd.c.obj
 .rodata        0x1000b418       0x1c CMakeFiles/carrier_receiver_baseband.dir/Users/chanuka.dsc/pico-sdk/lib/tinyusb/src/device/usbd.c.obj
 .rodata._usbd_driver
                0x1000b434       0x40 CMakeFiles/carrier_receiver_baseband.dir/Users/chanuka.dsc/pico-sdk/lib/tinyusb/src/device/usbd.c.obj
                0x1000b474                        . = ALIGN (0x4)
 *(SORT_BY_ALIGNMENT(SORT_BY_NAME(.flashdata*)))
                0x1000b474                        . = ALIGN (0x4)

.ARM.extab
 *(.ARM.extab* .gnu.linkonce.armextab.*)
                0x1000b474                        __exidx_start = .

.ARM.exidx
 *(.ARM.exidx* .gnu.linkonce.armexidx.*)
                0x1000b474                        __exidx_end = .
                0x1000b474                        . = ALIGN (0x4)
                0x1000b474                        __binary_info_start = .

.binary_info    0x1000b474       0x28
 *(.binary_info.keep.*)
 .binary_info.keep.__bi_ptr80
                0x1000b474        0x4 CMakeFiles/carrier_receiver_baseband.dir/main.c.obj
 .binary_info.keep.__bi_ptr74
                0x1000b478        0x4 CMakeFiles/carrier_receiver_baseband.dir/main.c.obj
 .binary_info.keep.__bi_ptr68
                0x1000b47c        0x4 CMakeFiles/carrier_receiver_baseband.dir/main.c.obj
 .binary_info.keep.__bi_ptr84
                0x1000b480        0x4 CMakeFiles/carrier_receiver_baseband.dir/Users/chanuka.dsc/pico-sdk/src/rp2_common/pico_standard_binary_info/standard_binary_info.c.obj
 .binary_info.keep.__bi_ptr54
                0x1000b484        0x4 CMakeFiles/carrier_receiver_baseband.dir/Users/chanuka.dsc/pico-sdk/src/rp2_common/pico_standard_binary_info/standard_binary_info.c.obj
 .binary_info.keep.__bi_ptr48
                0x1000b488        0x4 CMakeFiles/carrier_receiver_baseband.dir/Users/chanuka.dsc/pico-sdk/src/rp2_common/pico_standard_binary_info/standard_binary_info.c.obj
 .binary_info.keep.__bi_ptr42
                0x1000b48c        0x4 CMakeFiles/carrier_receiver_baseband.dir/Users/chanuka.dsc/pico-sdk/src/rp2_common/pico_standard_binary_info/standard_binary_info.c.obj
 .binary_info.keep.__bi_ptr34
                0x1000b490        0x4 CMakeFiles/carrier_receiver_baseband.dir/Users/chanuka.dsc/pico-sdk/src/rp2_common/pico_standard_binary_info/standard_binary_info.c.obj
 .binary_info.keep.__bi_ptr26
                0x1000b494        0x4 CMakeFiles/carrier_receiver_baseband.dir/Users/chanuka.dsc/pico-sdk/src/rp2_common/pico_standard_binary_info/standard_binary_info.c.obj
 *(.binary_info.*)
 .binary_info.__bi_ptr197
                0x1000b498        0x4 CMakeFiles/carrier_receiver_baseband.dir/Users/chanuka.dsc/pico-sdk/src/rp2_common/pico_stdio_usb/stdio_usb.c.obj
                0x1000b49c                        __binary_info_end = .

.rel.dyn        0x1000b49c        0x0
 .rel.iplt      0x1000b49c        0x0 /Users/chanuka.dsc/ARM-Toolchain/bin/../lib/gcc/arm-none-eabi/13.3.1/thumb/v6-m/nofp/crtbegin.o
                0x1000b49c                        . = ALIGN (0x4)

.ram_vector_table
                0x20000000       0xc0
 *(.ram_vector_table)
 .ram_vector_table
                0x20000000       0xc0 CMakeFiles/carrier_receiver_baseband.dir/Users/chanuka.dsc/pico-sdk/src/rp2_common/pico_runtime_init/runtime_init.c.obj
                0x20000000                ram_vector_table

.uninitialized_data
                0x200000c0        0x0
                0x200000c0                        . = ALIGN (0x4)
 *(.uninitialized_data*)

.data           0x200000c0     0x1638 load address 0x1000b49c
                0x200000c0                        __data_start__ = .
 *(vtable)
 *(.time_critical*)
 .time_critical.mutex_try_enter
                0x200000c0       0x40 CMakeFiles/carrier_receiver_baseband.dir/Users/chanuka.dsc/pico-sdk/src/common/pico_sync/mutex.c.obj
                0x200000c0                mutex_try_enter
 .time_critical.mutex_try_enter_block_until
                0x20000100       0x9c CMakeFiles/carrier_receiver_baseband.dir/Users/chanuka.dsc/pico-sdk/src/common/pico_sync/mutex.c.obj
                0x20000100                mutex_try_enter_block_until
 .time_critical.mutex_enter_timeout_ms
                0x2000019c       0x90 CMakeFiles/carrier_receiver_baseband.dir/Users/chanuka.dsc/pico-sdk/src/common/pico_sync/mutex.c.obj
                0x2000019c                mutex_enter_timeout_ms
 .time_critical.mutex_exit
                0x2000022c       0x28 CMakeFiles/carrier_receiver_baseband.dir/Users/chanuka.dsc/pico-sdk/src/common/pico_sync/mutex.c.obj
                0x2000022c                mutex_exit
 .time_critical.flash_init_boot2_copyout
                0x20000254       0x30 CMakeFiles/carrier_receiver_baseband.dir/Users/chanuka.dsc/pico-sdk/src/rp2_common/hardware_flash/flash.c.obj
 .time_critical.flash_enable_xip_via_boot2
                0x20000284        0xc CMakeFiles/carrier_receiver_baseband.dir/Users/chanuka.dsc/pico-sdk/src/rp2_common/hardware_flash/flash.c.obj
 .time_critical.flash_cs_force
                0x20000290       0x38 CMakeFiles/carrier_receiver_baseband.dir/Users/chanuka.dsc/pico-sdk/src/rp2_common/hardware_flash/flash.c.obj
 .time_critical.flash_do_cmd
                0x200002c8       0xc0 CMakeFiles/carrier_receiver_baseband.dir/Users/chanuka.dsc/pico-sdk/src/rp2_common/hardware_flash/flash.c.obj
                0x200002c8                flash_do_cmd
 .time_critical.reset_non_control_endpoints
                0x20000388       0x68 CMakeFiles/carrier_receiver_baseband.dir/Users/chanuka.dsc/pico-sdk/lib/tinyusb/src/portable/raspberrypi/rp2040/dcd_rp2040.c.obj
 .time_critical.hw_handle_buff_status
                0x200003f0       0xb0 CMakeFiles/carrier_receiver_baseband.dir/Users/chanuka.dsc/pico-sdk/lib/tinyusb/src/portable/raspberrypi/rp2040/dcd_rp2040.c.obj
 .time_critical.dcd_rp2040_irq
                0x200004a0      0x578 CMakeFiles/carrier_receiver_baseband.dir/Users/chanuka.dsc/pico-sdk/lib/tinyusb/src/portable/raspberrypi/rp2040/dcd_rp2040.c.obj
 .time_critical.prepare_ep_buffer
                0x20000a18       0xe0 CMakeFiles/carrier_receiver_baseband.dir/Users/chanuka.dsc/pico-sdk/lib/tinyusb/src/portable/raspberrypi/rp2040/rp2040_usb.c.obj
 .time_critical.sync_ep_buffer
                0x20000af8       0xa8 CMakeFiles/carrier_receiver_baseband.dir/Users/chanuka.dsc/pico-sdk/lib/tinyusb/src/portable/raspberrypi/rp2040/rp2040_usb.c.obj
 .time_critical._hw_endpoint_xfer_sync
                0x20000ba0       0x28 CMakeFiles/carrier_receiver_baseband.dir/Users/chanuka.dsc/pico-sdk/lib/tinyusb/src/portable/raspberrypi/rp2040/rp2040_usb.c.obj
 .time_critical.e15_is_bulkin_ep
                0x20000bc8       0x28 CMakeFiles/carrier_receiver_baseband.dir/Users/chanuka.dsc/pico-sdk/lib/tinyusb/src/portable/raspberrypi/rp2040/rp2040_usb.c.obj
 .time_critical.e15_is_critical_frame_period
                0x20000bf0       0x34 CMakeFiles/carrier_receiver_baseband.dir/Users/chanuka.dsc/pico-sdk/lib/tinyusb/src/portable/raspberrypi/rp2040/rp2040_usb.c.obj
 .time_critical.hw_endpoint_reset_transfer
                0x20000c24        0xc CMakeFiles/carrier_receiver_baseband.dir/Users/chanuka.dsc/pico-sdk/lib/tinyusb/src/portable/raspberrypi/rp2040/rp2040_usb.c.obj
                0x20000c24                hw_endpoint_reset_transfer
 .time_critical._hw_endpoint_buffer_control_update32
                0x20000c30       0x50 CMakeFiles/carrier_receiver_baseband.dir/Users/chanuka.dsc/pico-sdk/lib/tinyusb/src/portable/raspberrypi/rp2040/rp2040_usb.c.obj
                0x20000c30                _hw_endpoint_buffer_control_update32
 .time_critical.hw_endpoint_start_next_buffer
                0x20000c80       0x6c CMakeFiles/carrier_receiver_baseband.dir/Users/chanuka.dsc/pico-sdk/lib/tinyusb/src/portable/raspberrypi/rp2040/rp2040_usb.c.obj
                0x20000c80                hw_endpoint_start_next_buffer
 .time_critical.hw_endpoint_xfer_continue
                0x20000cec       0x40 CMakeFiles/carrier_receiver_baseband.dir/Users/chanuka.dsc/pico-sdk/lib/tinyusb/src/portable/raspberrypi/rp2040/rp2040_usb.c.obj
                0x20000cec                hw_endpoint_xfer_continue
 .time_critical.tinyusb
                0x20000d2c      0x1e4 CMakeFiles/carrier_receiver_baseband.dir/Users/chanuka.dsc/pico-sdk/lib/tinyusb/src/device/usbd.c.obj
                0x20000d2c                dcd_event_handler
 .time_critical.spi_write_blocking
                0x20000f10       0x4c CMakeFiles/carrier_receiver_baseband.dir/Users/chanuka.dsc/pico-sdk/src/rp2_common/hardware_spi/spi.c.obj
                0x20000f10                spi_write_blocking
 .time_critical.spi_read_blocking
                0x20000f5c       0x70 CMakeFiles/carrier_receiver_baseband.dir/Users/chanuka.dsc/pico-sdk/src/rp2_common/hardware_spi/spi.c.obj
                0x20000f5c                spi_read_blocking
 *(.text*)
 .text          0x20000fcc        0x4 /Users/chanuka.dsc/ARM-Toolchain/bin/../lib/gcc/arm-none-eabi/13.3.1/thumb/v6-m/nofp/libgcc.a(_dvmd_tls.o)
                0x20000fcc                __aeabi_ldiv0
                0x20000fcc                __aeabi_idiv0
 .text.__stub   0x20000fd0       0x80 linker stubs
                0x20001050                        . = ALIGN (0x4)
 *(.rodata*)
                0x20001050                        . = ALIGN (0x4)
 *(.data*)
 .data.packet_hdr_1352
                0x20001050        0xa CMakeFiles/carrier_receiver_baseband.dir/Users/chanuka.dsc/UU/WCNES_Proj/wcnes-project2026/project_pico_libs/packet_generation.c.obj
                0x20001050                packet_hdr_1352
 *fill*         0x2000105a        0x2 
 .data.packet_hdr_2500